******************************************************************************
                  TI ARM Linker PC v5.1.1                      
******************************************************************************
>> Linked Fri Mar 21 14:18:38 2014

OUTPUT FILE NAME:   <ECE300 LaunchPad Wireless.out>
ENTRY POINT SYMBOL: "_c_int00"  address: 000028e1


MEMORY CONFIGURATION

         name            origin    length      used     unused   attr    fill
----------------------  --------  ---------  --------  --------  ----  --------
  FLASH                 00000000   00040000  00003004  0003cffc  R  X
  SRAM                  20000000   00008000  00000290  00007d70  RW X


SEGMENT ALLOCATION MAP

run origin  load origin   length   init length attrs members
----------  ----------- ---------- ----------- ----- -------
00000000    00000000    00003008   00003008    r-x
  00000000    00000000    0000026c   0000026c    r-- .intvecs
  0000026c    0000026c    00002b08   00002b08    r-x .text
  00002d74    00002d74    00000258   00000258    r-- .const
  00002fd0    00002fd0    00000038   00000038    r-- .cinit
20000000    20000000    00000290   00000000    rw-
  20000000    20000000    00000200   00000000    rw- .stack
  20000200    20000200    00000088   00000000    rw- .data
  20000288    20000288    00000008   00000000    rw- .sysmem


SECTION ALLOCATION MAP

 output                                  attributes/
section   page    origin      length       input sections
--------  ----  ----------  ----------   ----------------
.intvecs   0    00000000    0000026c     
                  00000000    0000026c     tm4c123gh6pm_startup_ccs.obj (.intvecs)

.init_array 
*          0    00000000    00000000     UNINITIALIZED

.text      0    0000026c    00002b08     
                  0000026c    00000e8c     rtsv7M4_T_le_v4SPD16_eabi.lib : _printfi.obj (.text)
                  000010f8    000003cc                                   : memory.obj (.text)
                  000014c4    00000200     Parse.obj (.text)
                  000016c4    000001f4     rtsv7M4_T_le_v4SPD16_eabi.lib : ull_div_t2.obj (.text)
                  000018b8    000001b6                                   : fd_add_t2.obj (.text)
                  00001a6e    00000002     --HOLE-- [fill = 0]
                  00001a70    00000150     WirelessXBee.obj (.text)
                  00001bc0    0000013c     UART.obj (.text)
                  00001cfc    00000136     rtsv7M4_T_le_v4SPD16_eabi.lib : fd_div_t2.obj (.text)
                  00001e32    00000002     --HOLE-- [fill = 0]
                  00001e34    00000104     driverlib.lib : sysctl.obj (.text:SysCtlClockSet)
                  00001f38    000000fc     rtsv7M4_T_le_v4SPD16_eabi.lib : fd_mul_t2.obj (.text)
                  00002034    000000f0     PC_CMD.obj (.text)
                  00002124    000000d0     Timer.obj (.text)
                  000021f4    000000c4     driverlib.lib : sysctl.obj (.text:SysCtlClockGet)
                  000022b8    000000b8                   : gpio.obj (.text:GPIOPadConfigSet)
                  00002370    0000009c     rtsv7M4_T_le_v4SPD16_eabi.lib : memcpy_t2.obj (.text)
                  0000240c    00000094                                   : auto_init.obj (.text)
                  000024a0    0000007e                                   : fd_cmp_t2.obj (.text:__aeabi_cdcmple)
                  0000251e    0000007e                                   : fd_cmp_t2.obj (.text:__aeabi_cdrcmple)
                  0000259c    00000078                                   : memset_t2.obj (.text)
                  00002614    00000060     Clocks.obj (.text)
                  00002674    00000060     driverlib.lib : interrupt.obj (.text:IntDisable)
                  000026d4    00000060                   : interrupt.obj (.text:IntEnable)
                  00002734    00000060     rtsv7M4_T_le_v4SPD16_eabi.lib : sprintf.obj (.text)
                  00002794    0000005e                                   : copy_decompress_rle.obj (.text)
                  000027f2    0000005a                                   : ltoa.obj (.text)
                  0000284c    0000004c                                   : atoi.obj (.text)
                  00002898    00000048     driverlib.lib : gpio.obj (.text:GPIOPinConfigure)
                  000028e0    00000048     rtsv7M4_T_le_v4SPD16_eabi.lib : boot.obj (.text)
                  00002928    00000048                                   : fd_toi_t2.obj (.text)
                  00002970    00000044                                   : cpy_tbl.obj (.text)
                  000029b4    00000044                                   : exit.obj (.text)
                  000029f8    00000044                                   : xdtest.obj (.text)
                  00002a3c    00000040     driverlib.lib : uart.obj (.text:UARTConfigSetExpClk)
                  00002a7c    0000003e     main.obj (.text)
                  00002aba    00000002     --HOLE-- [fill = 0]
                  00002abc    00000034     driverlib.lib : sysctl.obj (.text:SysCtlPeripheralEnable)
                  00002af0    00000034     rtsv7M4_T_le_v4SPD16_eabi.lib : strstr.obj (.text)
                  00002b24    0000002e                                   : i_tofd_t2.obj (.text)
                  00002b52    0000002a     driverlib.lib : gpio.obj (.text:GPIODirModeSet)
                  00002b7c    00000028                   : timer.obj (.text:TimerConfigure)
                  00002ba4    0000001c     GPIO_Pin.obj (.text)
                  00002bc0    0000001c     driverlib.lib : uart.obj (.text:UARTDisable)
                  00002bdc    0000001c     rtsv7M4_T_le_v4SPD16_eabi.lib : memccpy.obj (.text)
                  00002bf8    0000001a                                   : strcat.obj (.text)
                  00002c12    00000002     --HOLE-- [fill = 0]
                  00002c14    00000018                                   : args_main.obj (.text)
                  00002c2c    00000018                                   : ll_mul_t2.obj (.text)
                  00002c44    00000018                                   : strcmp.obj (.text)
                  00002c5c    00000014     driverlib.lib : uart.obj (.text:UARTEnable)
                  00002c70    00000014     rtsv7M4_T_le_v4SPD16_eabi.lib : _lock.obj (.text)
                  00002c84    00000014                                   : strlen.obj (.text)
                  00002c98    00000012     driverlib.lib : gpio.obj (.text:GPIOPinTypeUART)
                  00002caa    00000012                   : timer.obj (.text:TimerLoadSet)
                  00002cbc    00000012     rtsv7M4_T_le_v4SPD16_eabi.lib : xdclass.obj (.text)
                  00002cce    00000010                                   : strcpy.obj (.text)
                  00002cde    0000000e     driverlib.lib : timer.obj (.text:TimerEnable)
                  00002cec    0000000e     rtsv7M4_T_le_v4SPD16_eabi.lib : copy_decompress_none.obj (.text:decompress:none)
                  00002cfa    0000000c     driverlib.lib : cpu.obj (.text:CPUcpsie)
                  00002d06    0000000c                   : uart.obj (.text:UARTCharsAvail)
                  00002d12    0000000c                   : uart.obj (.text:UARTSpaceAvail)
                  00002d1e    0000000c     tm4c123gh6pm_startup_ccs.obj (.text)
                  00002d2a    0000000a     driverlib.lib : interrupt.obj (.text:IntMasterEnable)
                  00002d34    0000000a                   : timer.obj (.text:TimerIntDisable)
                  00002d3e    0000000a                   : uart.obj (.text:UARTCharGet)
                  00002d48    0000000a                   : uart.obj (.text:UARTCharPut)
                  00002d52    0000000a                   : uart.obj (.text:UARTFIFOEnable)
                  00002d5c    00000008                   : timer.obj (.text:TimerIntEnable)
                  00002d64    00000006                   : sysctl.obj (.text:SysCtlDelay)
                  00002d6a    00000006     rtsv7M4_T_le_v4SPD16_eabi.lib : copy_decompress_rle.obj (.text:decompress:rle24)
                  00002d70    00000004     driverlib.lib : timer.obj (.text:TimerIntClear)

.const     0    00002d74    00000258     
                  00002d74    00000102     rtsv7M4_T_le_v4SPD16_eabi.lib : ctype.obj (.const:.string:_ctypes_)
                  00002e76    00000002     --HOLE-- [fill = 0]
                  00002e78    00000078     driverlib.lib : gpio.obj (.const:g_pui32GPIOBaseAddrs)
                  00002ef0    00000070                   : interrupt.obj (.const)
                  00002f60    0000006c                   : sysctl.obj (.const:g_pui32Xtals)

.cinit     0    00002fd0    00000038     
                  00002fd0    00000026     (.cinit..data.load) [load image, compression = rle]
                  00002ff6    00000002     --HOLE-- [fill = 0]
                  00002ff8    00000008     (__TI_handler_table)
                  00003000    00000008     (__TI_cinit_table)

.stack     0    20000000    00000200     UNINITIALIZED
                  20000000    00000200     --HOLE--

.data      0    20000200    00000088     UNINITIALIZED
                  20000200    00000041     PC_CMD.obj (.data:CMDCodes)
                  20000241    00000003     --HOLE--
                  20000244    00000010     Timer.obj (.data)
                  20000254    0000000c     rtsv7M4_T_le_v4SPD16_eabi.lib : memory.obj (.data)
                  20000260    00000008     GPIO_Pin.obj (.data)
                  20000268    00000008     rtsv7M4_T_le_v4SPD16_eabi.lib : _lock.obj (.data)
                  20000270    00000008                                   : exit.obj (.data)
                  20000278    00000005     WirelessXBee.obj (.data)
                  2000027d    00000003     --HOLE--
                  20000280    00000004     Clocks.obj (.data)
                  20000284    00000004     rtsv7M4_T_le_v4SPD16_eabi.lib : stkdepth_vars.obj (.data)

.sysmem    0    20000288    00000008     UNINITIALIZED
                  20000288    00000008     rtsv7M4_T_le_v4SPD16_eabi.lib : memory.obj (.sysmem)


LINKER GENERATED COPY TABLES

__TI_cinit_table @ 00003000 records: 1, size/record: 8, table size: 8
	.data: load addr=00002fd0, load size=00000026 bytes, run addr=20000200, run size=00000088 bytes, compression=rle


LINKER GENERATED HANDLER TABLE

__TI_handler_table @ 00002ff8 records: 2, size/record: 4, table size: 8
	index: 0, handler: __TI_decompress_rle24
	index: 1, handler: __TI_decompress_none


GLOBAL SYMBOLS: SORTED ALPHABETICALLY BY Name 

address    name
--------   ----
00001ac7   ATCmdModeEnter
00001af9   ATCmdModeExit
00002195   BlockingDelay
000029b5   C$$EXIT
20000200   CMDCodes
00002cfb   CPUcpsie
000014c5   CharacterCompare
00001607   DataParse
000015cf   ExtractDataString
00001535   ExtractSerialName
00002b53   GPIODirModeSet
000022b9   GPIOPadConfigSet
00002899   GPIOPinConfigure
00002c99   GPIOPinTypeUART
20000264   GPIO_PinInit_Error
00002ba7   GPIO_Pin_Initialize
00002675   IntDisable
000026d5   IntEnable
00002d2b   IntMasterEnable
00001a9f   MessageDone
00001525   NumDetect
00002079   PC_CMDInit
00002035   PC_GetCommand
00001c4d   PC_SendMsg
00002d1f   ResetISR
UNDEFED    SHT$$INIT_ARRAY$$Base
UNDEFED    SHT$$INIT_ARRAY$$Limit
000021f5   SysCtlClockGet
00001e35   SysCtlClockSet
00002d65   SysCtlDelay
00002abd   SysCtlPeripheralEnable
00002615   SystemClocksInitialize
00002153   Timer0BIntHandler
00002b7d   TimerConfigure
00002cdf   TimerEnable
00002125   TimerInitialize
00002d71   TimerIntClear
00002d35   TimerIntDisable
00002d5d   TimerIntEnable
00002cab   TimerLoadSet
000014db   Tokenize
00002d3f   UARTCharGet
00002d49   UARTCharPut
00002d07   UARTCharsAvail
00002a3d   UARTConfigSetExpClk
00002bc1   UARTDisable
00002c5d   UARTEnable
00002d53   UARTFIFOEnable
00002d13   UARTSpaceAvail
00001c95   UART_PC_Initialize
00001c71   UART_PC_Receive
00001c4d   UART_PC_Send
00001c09   UART_Wireless_Initialize
00001be5   UART_Wireless_Receive
00001bc1   UART_Wireless_Send
00002ba5   Wireless_ResetPin_Set
00001b2b   XBee_ATCommand
00001a83   XBee_Initialize
00001a71   XBee_SendMsg
00002cbd   _Dclass
000029f9   _Dtest
20000200   __STACK_END
00000200   __STACK_SIZE
20000200   __STACK_TOP
00000008   __SYSMEM_SIZE
00003000   __TI_CINIT_Base
00003008   __TI_CINIT_Limit
00002ff8   __TI_Handler_Table_Base
00003000   __TI_Handler_Table_Limit
00000001   __TI_args_main
0000240d   __TI_auto_init
20000270   __TI_cleanup_ptr
00002ced   __TI_decompress_none
00002d6b   __TI_decompress_rle24
20000274   __TI_dtors_ptr
00000def   __TI_printfi
00000000   __TI_static_base__
000024a1   __aeabi_cdcmpeq
000024a1   __aeabi_cdcmple
0000251f   __aeabi_cdrcmple
00002929   __aeabi_d2iz
000018c3   __aeabi_dadd
00001cfd   __aeabi_ddiv
00001f39   __aeabi_dmul
000018b9   __aeabi_dsub
00002b25   __aeabi_i2d
00002c2d   __aeabi_lmul
0000259d   __aeabi_memclr
0000259d   __aeabi_memclr4
0000259d   __aeabi_memclr8
00002371   __aeabi_memcpy
00002371   __aeabi_memcpy4
00002371   __aeabi_memcpy8
0000259f   __aeabi_memset
0000259f   __aeabi_memset4
0000259f   __aeabi_memset8
000016c5   __aeabi_uldivmod
ffffffff   __binit__
ffffffff   __c_args__
20000000   __stack
00002c15   _args_main
000028e1   _c_int00
00002d74   _ctypes_
20000268   _lock
00002c7f   _nop
00002c77   _register_lock
00002c71   _register_unlock
20000288   _sys_memory
2000026c   _unlock
000029b9   abort
0000284d   atoi
ffffffff   binit
0000148d   calloc
00002971   copy_in
000029c1   exit
000011e7   free
00000000   g_pfnVectors
000027f3   ltoa
00002a7d   main
20000284   main_func_sp
00001185   malloc
000013ad   memalign
00002bdd   memccpy
00002371   memcpy
000025a5   memset
000010f9   minit
000012a7   realloc
00002735   sprintf
00002bf9   strcat
00002c45   strcmp
00002ccf   strcpy
00002c85   strlen
00002af1   strstr


GLOBAL SYMBOLS: SORTED BY Symbol Address 

address    name
--------   ----
00000000   __TI_static_base__
00000000   g_pfnVectors
00000001   __TI_args_main
00000008   __SYSMEM_SIZE
00000200   __STACK_SIZE
00000def   __TI_printfi
000010f9   minit
00001185   malloc
000011e7   free
000012a7   realloc
000013ad   memalign
0000148d   calloc
000014c5   CharacterCompare
000014db   Tokenize
00001525   NumDetect
00001535   ExtractSerialName
000015cf   ExtractDataString
00001607   DataParse
000016c5   __aeabi_uldivmod
000018b9   __aeabi_dsub
000018c3   __aeabi_dadd
00001a71   XBee_SendMsg
00001a83   XBee_Initialize
00001a9f   MessageDone
00001ac7   ATCmdModeEnter
00001af9   ATCmdModeExit
00001b2b   XBee_ATCommand
00001bc1   UART_Wireless_Send
00001be5   UART_Wireless_Receive
00001c09   UART_Wireless_Initialize
00001c4d   PC_SendMsg
00001c4d   UART_PC_Send
00001c71   UART_PC_Receive
00001c95   UART_PC_Initialize
00001cfd   __aeabi_ddiv
00001e35   SysCtlClockSet
00001f39   __aeabi_dmul
00002035   PC_GetCommand
00002079   PC_CMDInit
00002125   TimerInitialize
00002153   Timer0BIntHandler
00002195   BlockingDelay
000021f5   SysCtlClockGet
000022b9   GPIOPadConfigSet
00002371   __aeabi_memcpy
00002371   __aeabi_memcpy4
00002371   __aeabi_memcpy8
00002371   memcpy
0000240d   __TI_auto_init
000024a1   __aeabi_cdcmpeq
000024a1   __aeabi_cdcmple
0000251f   __aeabi_cdrcmple
0000259d   __aeabi_memclr
0000259d   __aeabi_memclr4
0000259d   __aeabi_memclr8
0000259f   __aeabi_memset
0000259f   __aeabi_memset4
0000259f   __aeabi_memset8
000025a5   memset
00002615   SystemClocksInitialize
00002675   IntDisable
000026d5   IntEnable
00002735   sprintf
000027f3   ltoa
0000284d   atoi
00002899   GPIOPinConfigure
000028e1   _c_int00
00002929   __aeabi_d2iz
00002971   copy_in
000029b5   C$$EXIT
000029b9   abort
000029c1   exit
000029f9   _Dtest
00002a3d   UARTConfigSetExpClk
00002a7d   main
00002abd   SysCtlPeripheralEnable
00002af1   strstr
00002b25   __aeabi_i2d
00002b53   GPIODirModeSet
00002b7d   TimerConfigure
00002ba5   Wireless_ResetPin_Set
00002ba7   GPIO_Pin_Initialize
00002bc1   UARTDisable
00002bdd   memccpy
00002bf9   strcat
00002c15   _args_main
00002c2d   __aeabi_lmul
00002c45   strcmp
00002c5d   UARTEnable
00002c71   _register_unlock
00002c77   _register_lock
00002c7f   _nop
00002c85   strlen
00002c99   GPIOPinTypeUART
00002cab   TimerLoadSet
00002cbd   _Dclass
00002ccf   strcpy
00002cdf   TimerEnable
00002ced   __TI_decompress_none
00002cfb   CPUcpsie
00002d07   UARTCharsAvail
00002d13   UARTSpaceAvail
00002d1f   ResetISR
00002d2b   IntMasterEnable
00002d35   TimerIntDisable
00002d3f   UARTCharGet
00002d49   UARTCharPut
00002d53   UARTFIFOEnable
00002d5d   TimerIntEnable
00002d65   SysCtlDelay
00002d6b   __TI_decompress_rle24
00002d71   TimerIntClear
00002d74   _ctypes_
00002ff8   __TI_Handler_Table_Base
00003000   __TI_CINIT_Base
00003000   __TI_Handler_Table_Limit
00003008   __TI_CINIT_Limit
20000000   __stack
20000200   CMDCodes
20000200   __STACK_END
20000200   __STACK_TOP
20000264   GPIO_PinInit_Error
20000268   _lock
2000026c   _unlock
20000270   __TI_cleanup_ptr
20000274   __TI_dtors_ptr
20000284   main_func_sp
20000288   _sys_memory
ffffffff   __binit__
ffffffff   __c_args__
ffffffff   binit
UNDEFED    SHT$$INIT_ARRAY$$Base
UNDEFED    SHT$$INIT_ARRAY$$Limit

[133 symbols]
