******************************************************************************
                  TI ARM Linker PC v5.0.4                      
******************************************************************************
>> Linked Tue Sep 16 18:59:51 2014

OUTPUT FILE NAME:   <louis.coyleii_ece399_1_3.out>
ENTRY POINT SYMBOL: "_c_int00"  address: 00002bf5


MEMORY CONFIGURATION

         name            origin    length      used     unused   attr    fill
----------------------  --------  ---------  --------  --------  ----  --------
  FLASH                 00000000   00040000  00003059  0003cfa7  R  X
  SRAM                  20000000   00008000  00000a08  000075f8  RW X


SEGMENT ALLOCATION MAP

run origin  load origin   length   init length attrs members
----------  ----------- ---------- ----------- ----- -------
00000000    00000000    00003060   00003060    r-x
  00000000    00000000    0000026c   0000026c    r-- .intvecs
  0000026c    0000026c    00002c4c   00002c4c    r-x .text
  00002eb8    00002eb8    00000101   00000101    r-- .const
  00002fc0    00002fc0    000000a0   000000a0    r-- .cinit
20000000    20000000    00000400   00000000    rw-
  20000000    20000000    00000400   00000000    rw- .stack
20000400    20000400    00000608   00000240    rw-
  20000400    20000400    00000240   00000240    rw- .data
  20000640    20000640    00000200   00000000    rw- .sysmem
  20000840    20000840    000001c8   00000000    rw- .bss


SECTION ALLOCATION MAP

 output                                  attributes/
section   page    origin      length       input sections
--------  ----  ----------  ----------   ----------------
.intvecs   0    00000000    0000026c     
                  00000000    0000026c     tm4c123gh6pm_startup_ccs.obj (.intvecs)

.init_array 
*          0    00000000    00000000     UNINITIALIZED

.text      0    0000026c    00002c4c     
                  0000026c    00000e9e     rtsv7M4_T_le_v4SPD16_eabi.lib : _printfi.obj (.text)
                  0000110a    00000002     --HOLE-- [fill = 0]
                  0000110c    000003d8                                   : memory.obj (.text)
                  000014e4    00000378                                   : lowlev.obj (.text)
                  0000185c    000002e4                                   : trgdrv.obj (.text)
                  00001b40    000001f4                                   : ull_div_t2.obj (.text)
                  00001d34    000001c0                                   : fopen.obj (.text)
                  00001ef4    000001b6                                   : fd_add_t2.obj (.text)
                  000020aa    00000136                                   : fd_div_t2.obj (.text)
                  000021e0    00000130                                   : fputs.obj (.text)
                  00002310    000000fc                                   : fd_mul_t2.obj (.text)
                  0000240c    000000cc                                   : setvbuf.obj (.text)
                  000024d8    000000ac                                   : _io_perm.obj (.text)
                  00002584    000000a8                                   : fflush.obj (.text)
                  0000262c    0000009c                                   : fputc.obj (.text)
                  000026c8    0000009c                                   : memcpy_t2.obj (.text)
                  00002764    00000094                                   : auto_init.obj (.text)
                  000027f8    00000084                                   : fclose.obj (.text)
                  0000287c    0000007e                                   : fd_cmp_t2.obj (.text)
                  000028fa    00000078                                   : memset_t2.obj (.text)
                  00002972    00000002     --HOLE-- [fill = 0]
                  00002974    00000070                                   : printf.obj (.text)
                  000029e4    00000064                                   : fseek.obj (.text)
                  00002a48    00000060                                   : trgmsg.obj (.text)
                  00002aa8    0000005e                                   : copy_decompress_rle.obj (.text)
                  00002b06    00000056                                   : ltoa.obj (.text)
                  00002b5c    0000004c     louis.coyleii_ece399_1_3.obj (.text)
                  00002ba8    0000004c     rtsv7M4_T_le_v4SPD16_eabi.lib : atoi.obj (.text)
                  00002bf4    00000048                                   : boot.obj (.text)
                  00002c3c    00000048                                   : fd_toi_t2.obj (.text)
                  00002c84    00000044                                   : cpy_tbl.obj (.text)
                  00002cc8    00000044                                   : xdtest.obj (.text)
                  00002d0c    00000040                                   : exit.obj (.text)
                  00002d4c    00000030                                   : strncpy.obj (.text)
                  00002d7c    0000002e                                   : i_tofd_t2.obj (.text)
                  00002daa    0000001c                                   : memccpy.obj (.text)
                  00002dc6    00000002     --HOLE-- [fill = 0]
                  00002dc8    00000018                                   : args_main.obj (.text)
                  00002de0    00000018                                   : ll_mul_t2.obj (.text)
                  00002df8    00000018                                   : strcmp.obj (.text)
                  00002e10    00000016                                   : memchr.obj (.text)
                  00002e26    00000016                                   : strchr.obj (.text)
                  00002e3c    00000014                                   : _lock.obj (.text)
                  00002e50    00000014                                   : strlen.obj (.text)
                  00002e64    00000012                                   : copy_zero_init.obj (.text:decompress:ZI)
                  00002e76    00000012                                   : xdclass.obj (.text)
                  00002e88    00000010                                   : strcpy.obj (.text)
                  00002e98    0000000e                                   : copy_decompress_none.obj (.text:decompress:none)
                  00002ea6    0000000c     tm4c123gh6pm_startup_ccs.obj (.text)
                  00002eb2    00000006     rtsv7M4_T_le_v4SPD16_eabi.lib : copy_decompress_rle.obj (.text:decompress:rle24)

.const     0    00002eb8    00000101     
                  00002eb8    00000101     rtsv7M4_T_le_v4SPD16_eabi.lib : ctype.obj (.const:.string:_ctypes_)

.cinit     0    00002fc0    000000a0     
                  00002fc0    00000077     (.cinit..data.load) [load image, compression = rle]
                  00003037    00000001     --HOLE-- [fill = 0]
                  00003038    0000000c     (__TI_handler_table)
                  00003044    00000004     --HOLE-- [fill = 0]
                  00003048    00000008     (.cinit..bss.load) [load image, compression = zero_init]
                  00003050    00000010     (__TI_cinit_table)

.stack     0    20000000    00000400     UNINITIALIZED
                  20000000    00000400     --HOLE--

.data      0    20000400    00000240     
                  20000400    000000f0     rtsv7M4_T_le_v4SPD16_eabi.lib : defs.obj (.data:_ftable)
                  200004f0    000000cc                                   : lowlev.obj (.data)
                  200005bc    00000050     louis.coyleii_ece399_1_3.obj (.data)
                  2000060c    00000010     rtsv7M4_T_le_v4SPD16_eabi.lib : defs.obj (.data)
                  2000061c    0000000c                                   : memory.obj (.data)
                  20000628    00000008                                   : _lock.obj (.data)
                  20000630    00000008                                   : exit.obj (.data)
                  20000638    00000004                                   : fopen.obj (.data)
                  2000063c    00000004                                   : stkdepth_vars.obj (.data)

.sysmem    0    20000640    00000200     UNINITIALIZED
                  20000640    00000008     rtsv7M4_T_le_v4SPD16_eabi.lib : memory.obj (.sysmem)
                  20000648    000001f8     --HOLE--

.bss       0    20000840    000001c8     UNINITIALIZED
                  20000840    00000120     rtsv7M4_T_le_v4SPD16_eabi.lib : trgmsg.obj (.bss:__CIOBUF_)
                  20000960    000000a0                                   : defs.obj (.bss:_tmpnams)
                  20000a00    00000008                                   : trgdrv.obj (.bss)


LINKER GENERATED COPY TABLES

__TI_cinit_table @ 00003050 records: 2, size/record: 8, table size: 16
	.data: load addr=00002fc0, load size=00000077 bytes, run addr=20000400, run size=00000240 bytes, compression=rle
	.bss: load addr=00003048, load size=00000008 bytes, run addr=20000840, run size=000001c8 bytes, compression=zero_init


LINKER GENERATED HANDLER TABLE

__TI_handler_table @ 00003038 records: 3, size/record: 4, table size: 12
	index: 0, handler: __TI_decompress_rle24
	index: 1, handler: __TI_decompress_none
	index: 2, handler: __TI_zero_init


GLOBAL SYMBOLS: SORTED ALPHABETICALLY BY Name 

address    name
--------   ----
00002d0d   C$$EXIT
00002a73   C$$IO$$
00001af3   HOSTclock
00001ab9   HOSTclose
00001a7b   HOSTgetenv
00001a1f   HOSTlseek
000019cf   HOSTopen
00001981   HOSTread
00001921   HOSTrename
000018e5   HOSTtime
000018ab   HOSTunlink
0000185d   HOSTwrite
00002ea7   ResetISR
UNDEFED    SHT$$INIT_ARRAY$$Base
UNDEFED    SHT$$INIT_ARRAY$$Limit
00002e77   _Dclass
00002cc9   _Dtest
20000840   __CIOBUF_
20000400   __STACK_END
00000400   __STACK_SIZE
20000200   __STACK_TOP
00000200   __SYSMEM_SIZE
00003050   __TI_CINIT_Base
00003060   __TI_CINIT_Limit
00003038   __TI_Handler_Table_Base
00003044   __TI_Handler_Table_Limit
00000001   __TI_args_main
00002765   __TI_auto_init
00002e99   __TI_decompress_none
00002eb3   __TI_decompress_rle24
00000000   __TI_static_base__
00002e65   __TI_zero_init
0000287d   __aeabi_cdcmpeq
0000287d   __aeabi_cdcmple
00002c3d   __aeabi_d2iz
00001eff   __aeabi_dadd
000020ab   __aeabi_ddiv
00002311   __aeabi_dmul
00001ef5   __aeabi_dsub
00002d7d   __aeabi_i2d
00002de1   __aeabi_lmul
000028fb   __aeabi_memclr
000028fb   __aeabi_memclr4
000028fb   __aeabi_memclr8
000026c9   __aeabi_memcpy
000026c9   __aeabi_memcpy4
000026c9   __aeabi_memcpy8
000028fd   __aeabi_memset
000028fd   __aeabi_memset4
000028fd   __aeabi_memset8
20000618   __aeabi_stderr
20000610   __aeabi_stdin
20000614   __aeabi_stdout
00001b41   __aeabi_uldivmod
ffffffff   __binit__
ffffffff   __c_args__
20000000   __stack
00002dc9   _args_main
00002bf5   _c_int00
00001dfd   _cleanup
20000630   _cleanup_ptr
000027f9   _closefile
00002eb8   _ctypes_
00002585   _doflush
20000634   _dtors_ptr
2000060c   _ft_end
20000400   _ftable
20000628   _lock
00002e4b   _nop
00000e03   _printfi
0000253b   _rd_ok
00002e43   _register_lock
00002e3d   _register_unlock
20000640   _sys_memory
20000960   _tmpnams
2000062c   _unlock
000024d9   _wrt_ok
00002d11   abort
000017c9   add_device
00002ba9   atoi
ffffffff   binit
000014a5   calloc
00001775   close
00002c85   copy_in
00002d19   exit
00002853   fclose
000025d1   fflush
00001e53   fopen
0000262d   fputc
000021e1   fputs
000011fb   free
00001e29   freopen
000029e5   fseek
00000000   g_pfnVectors
00001727   lseek
00002b07   ltoa
00002b61   main
2000063c   main_func_sp
00001199   malloc
000013cf   memalign
00002dab   memccpy
00002e11   memchr
000026c9   memcpy
00002903   memset
0000110d   minit
0000169b   open
0000297d   printf
000026b3   putc
000026b7   putchar
000022e9   puts
00001623   read
00002a77   readmsg
000012c5   realloc
0000159b   remove
000015fb   remove_device
000015bf   rename
0000240d   setvbuf
00002e27   strchr
00002df9   strcmp
00002e89   strcpy
00002e51   strlen
00002d4d   strncpy
0000159b   unlink
000014e5   write
00002a49   writemsg


GLOBAL SYMBOLS: SORTED BY Symbol Address 

address    name
--------   ----
00000000   __TI_static_base__
00000000   g_pfnVectors
00000001   __TI_args_main
00000200   __SYSMEM_SIZE
00000400   __STACK_SIZE
00000e03   _printfi
0000110d   minit
00001199   malloc
000011fb   free
000012c5   realloc
000013cf   memalign
000014a5   calloc
000014e5   write
0000159b   remove
0000159b   unlink
000015bf   rename
000015fb   remove_device
00001623   read
0000169b   open
00001727   lseek
00001775   close
000017c9   add_device
0000185d   HOSTwrite
000018ab   HOSTunlink
000018e5   HOSTtime
00001921   HOSTrename
00001981   HOSTread
000019cf   HOSTopen
00001a1f   HOSTlseek
00001a7b   HOSTgetenv
00001ab9   HOSTclose
00001af3   HOSTclock
00001b41   __aeabi_uldivmod
00001dfd   _cleanup
00001e29   freopen
00001e53   fopen
00001ef5   __aeabi_dsub
00001eff   __aeabi_dadd
000020ab   __aeabi_ddiv
000021e1   fputs
000022e9   puts
00002311   __aeabi_dmul
0000240d   setvbuf
000024d9   _wrt_ok
0000253b   _rd_ok
00002585   _doflush
000025d1   fflush
0000262d   fputc
000026b3   putc
000026b7   putchar
000026c9   __aeabi_memcpy
000026c9   __aeabi_memcpy4
000026c9   __aeabi_memcpy8
000026c9   memcpy
00002765   __TI_auto_init
000027f9   _closefile
00002853   fclose
0000287d   __aeabi_cdcmpeq
0000287d   __aeabi_cdcmple
000028fb   __aeabi_memclr
000028fb   __aeabi_memclr4
000028fb   __aeabi_memclr8
000028fd   __aeabi_memset
000028fd   __aeabi_memset4
000028fd   __aeabi_memset8
00002903   memset
0000297d   printf
000029e5   fseek
00002a49   writemsg
00002a73   C$$IO$$
00002a77   readmsg
00002b07   ltoa
00002b61   main
00002ba9   atoi
00002bf5   _c_int00
00002c3d   __aeabi_d2iz
00002c85   copy_in
00002cc9   _Dtest
00002d0d   C$$EXIT
00002d11   abort
00002d19   exit
00002d4d   strncpy
00002d7d   __aeabi_i2d
00002dab   memccpy
00002dc9   _args_main
00002de1   __aeabi_lmul
00002df9   strcmp
00002e11   memchr
00002e27   strchr
00002e3d   _register_unlock
00002e43   _register_lock
00002e4b   _nop
00002e51   strlen
00002e65   __TI_zero_init
00002e77   _Dclass
00002e89   strcpy
00002e99   __TI_decompress_none
00002ea7   ResetISR
00002eb3   __TI_decompress_rle24
00002eb8   _ctypes_
00003038   __TI_Handler_Table_Base
00003044   __TI_Handler_Table_Limit
00003050   __TI_CINIT_Base
00003060   __TI_CINIT_Limit
20000000   __stack
20000200   __STACK_TOP
20000400   __STACK_END
20000400   _ftable
2000060c   _ft_end
20000610   __aeabi_stdin
20000614   __aeabi_stdout
20000618   __aeabi_stderr
20000628   _lock
2000062c   _unlock
20000630   _cleanup_ptr
20000634   _dtors_ptr
2000063c   main_func_sp
20000640   _sys_memory
20000840   __CIOBUF_
20000960   _tmpnams
ffffffff   __binit__
ffffffff   __c_args__
ffffffff   binit
UNDEFED    SHT$$INIT_ARRAY$$Base
UNDEFED    SHT$$INIT_ARRAY$$Limit

[125 symbols]
