******************************************************************************
                  TI ARM Linker PC v5.1.1                      
******************************************************************************
>> Linked Tue Dec 02 03:19:14 2014

OUTPUT FILE NAME:   <ece399_louis.coyleii_3_blockmove.out>
ENTRY POINT SYMBOL: "_c_int00"  address: 00003001


MEMORY CONFIGURATION

         name            origin    length      used     unused   attr    fill
----------------------  --------  ---------  --------  --------  ----  --------
  FLASH                 00000000   00040000  0000349a  0003cb66  R  X
  SRAM                  20000000   00008000  000033c0  00004c40  RW X


SEGMENT ALLOCATION MAP

run origin  load origin   length   init length attrs members
----------  ----------- ---------- ----------- ----- -------
00000000    00000000    000034a0   000034a0    r-x
  00000000    00000000    0000026c   0000026c    r-- .intvecs
  0000026c    0000026c    0000308c   0000308c    r-x .text
  000032f8    000032f8    00000102   00000102    r-- .const
  00003400    00003400    000000a0   000000a0    r-- .cinit
20000000    20000000    000033c0   00000000    rw-
  20000000    20000000    000021c8   00000000    rw- .bss
  200021c8    200021c8    00000800   00000000    rw- .stack
  200029c8    200029c8    00000800   00000000    rw- .sysmem
  200031c8    200031c8    000001f8   00000000    rw- .data


SECTION ALLOCATION MAP

 output                                  attributes/
section   page    origin      length       input sections
--------  ----  ----------  ----------   ----------------
.intvecs   0    00000000    0000026c     
                  00000000    0000026c     tm4c123gh6pm_startup_ccs.obj (.intvecs)

.init_array 
*          0    00000000    00000000     UNINITIALIZED

.text      0    0000026c    0000308c     
                  0000026c    00000e8c     rtsv7M4_T_le_v4SPD16_eabi.lib : _printfi.obj (.text)
                  000010f8    000003cc                                   : memory.obj (.text)
                  000014c4    00000310                                   : lowlev.obj (.text)
                  000017d4    000002d4                                   : trgdrv.obj (.text)
                  00001aa8    000001fc     main.obj (.text)
                  00001ca4    000001f4     rtsv7M4_T_le_v4SPD16_eabi.lib : ull_div_t2.obj (.text)
                  00001e98    000001ea     ece399_louis.coyleii_3_blockmove.obj (.text)
                  00002082    00000002     --HOLE-- [fill = 0]
                  00002084    000001c0     rtsv7M4_T_le_v4SPD16_eabi.lib : fopen.obj (.text)
                  00002244    000001b6                                   : fd_add_t2.obj (.text)
                  000023fa    00000136                                   : fd_div_t2.obj (.text)
                  00002530    00000134                                   : fputs.obj (.text)
                  00002664    000000fc                                   : fd_mul_t2.obj (.text)
                  00002760    000000dc                                   : setvbuf.obj (.text)
                  0000283c    000000c0                                   : fflush.obj (.text)
                  000028fc    000000ac                                   : _io_perm.obj (.text)
                  000029a8    0000009c                                   : fputc.obj (.text)
                  00002a44    0000009c                                   : memcpy_t2.obj (.text)
                  00002ae0    00000098                                   : fclose.obj (.text)
                  00002b78    00000094                                   : auto_init.obj (.text)
                  00002c0c    0000007e                                   : fd_cmp_t2.obj (.text:__aeabi_cdcmple)
                  00002c8a    0000007e                                   : fd_cmp_t2.obj (.text:__aeabi_cdrcmple)
                  00002d08    00000078                                   : memset_t2.obj (.text)
                  00002d80    0000006c                                   : fprintf.obj (.text)
                  00002dec    00000064                                   : fseek.obj (.text)
                  00002e50    00000060                                   : trgmsg.obj (.text)
                  00002eb0    0000005e                                   : copy_decompress_rle.obj (.text)
                  00002f0e    0000005a                                   : ltoa.obj (.text)
                  00002f68    0000004c                                   : atoi.obj (.text)
                  00002fb4    0000004c                                   : rand.obj (.text)
                  00003000    00000048                                   : boot.obj (.text)
                  00003048    00000048                                   : fd_toi_t2.obj (.text)
                  00003090    00000044                                   : cpy_tbl.obj (.text)
                  000030d4    00000044                                   : exit.obj (.text)
                  00003118    00000044                                   : xdtest.obj (.text)
                  0000315c    00000030                                   : assert.obj (.text)
                  0000318c    00000030                                   : strncpy.obj (.text)
                  000031bc    0000002e                                   : i_tofd_t2.obj (.text)
                  000031ea    0000001c                                   : memccpy.obj (.text)
                  00003206    00000002     --HOLE-- [fill = 0]
                  00003208    00000018                                   : args_main.obj (.text)
                  00003220    00000018                                   : ll_mul_t2.obj (.text)
                  00003238    00000018                                   : strcmp.obj (.text)
                  00003250    00000016                                   : memchr.obj (.text)
                  00003266    00000016                                   : strchr.obj (.text)
                  0000327c    00000014                                   : _lock.obj (.text)
                  00003290    00000014                                   : strlen.obj (.text)
                  000032a4    00000012                                   : copy_zero_init.obj (.text:decompress:ZI)
                  000032b6    00000012                                   : xdclass.obj (.text)
                  000032c8    00000010                                   : strcpy.obj (.text)
                  000032d8    0000000e                                   : copy_decompress_none.obj (.text:decompress:none)
                  000032e6    0000000c     tm4c123gh6pm_startup_ccs.obj (.text)
                  000032f2    00000006     rtsv7M4_T_le_v4SPD16_eabi.lib : copy_decompress_rle.obj (.text:decompress:rle24)

.const     0    000032f8    00000102     
                  000032f8    00000102     rtsv7M4_T_le_v4SPD16_eabi.lib : ctype.obj (.const:.string:_ctypes_)

.cinit     0    00003400    000000a0     
                  00003400    0000007c     (.cinit..data.load) [load image, compression = rle]
                  0000347c    0000000c     (__TI_handler_table)
                  00003488    00000008     (.cinit..bss.load) [load image, compression = zero_init]
                  00003490    00000010     (__TI_cinit_table)

.bss       0    20000000    000021c8     UNINITIALIZED
                  20000000    00002000     main.obj (.bss:memory)
                  20002000    00000120     rtsv7M4_T_le_v4SPD16_eabi.lib : trgmsg.obj (.bss:__CIOBUF_)
                  20002120    000000a0                                   : defs.obj (.bss:__TI_tmpnams)
                  200021c0    00000008     (.common:parmbuf)

.stack     0    200021c8    00000800     UNINITIALIZED
                  200021c8    00000800     --HOLE--

.sysmem    0    200029c8    00000800     UNINITIALIZED
                  200029c8    00000008     rtsv7M4_T_le_v4SPD16_eabi.lib : memory.obj (.sysmem)
                  200029d0    000007f8     --HOLE--

.data      0    200031c8    000001f8     UNINITIALIZED
                  200031c8    000000f0     rtsv7M4_T_le_v4SPD16_eabi.lib : defs.obj (.data:_ftable)
                  200032b8    000000d0                                   : lowlev.obj (.data)
                  20003388    00000010                                   : defs.obj (.data)
                  20003398    0000000c                                   : memory.obj (.data)
                  200033a4    00000008                                   : _lock.obj (.data)
                  200033ac    00000008                                   : exit.obj (.data)
                  200033b4    00000004                                   : fopen.obj (.data)
                  200033b8    00000004                                   : rand.obj (.data)
                  200033bc    00000004                                   : stkdepth_vars.obj (.data)


LINKER GENERATED COPY TABLES

__TI_cinit_table @ 00003490 records: 2, size/record: 8, table size: 16
	.data: load addr=00003400, load size=0000007c bytes, run addr=200031c8, run size=000001f8 bytes, compression=rle
	.bss: load addr=00003488, load size=00000008 bytes, run addr=20000000, run size=000021c8 bytes, compression=zero_init


LINKER GENERATED HANDLER TABLE

__TI_handler_table @ 0000347c records: 3, size/record: 4, table size: 12
	index: 0, handler: __TI_decompress_rle24
	index: 1, handler: __TI_decompress_none
	index: 2, handler: __TI_zero_init


GLOBAL SYMBOLS: SORTED ALPHABETICALLY BY Name 

address    name
--------   ----
000030d5   C$$EXIT
00002e7b   C$$IO$$
00001a61   HOSTclock
00001a29   HOSTclose
000019eb   HOSTgetenv
0000198f   HOSTlseek
0000193d   HOSTopen
000018f1   HOSTread
00001893   HOSTrename
00001859   HOSTtime
00001821   HOSTunlink
000017d5   HOSTwrite
000032e7   ResetISR
UNDEFED    SHT$$INIT_ARRAY$$Base
UNDEFED    SHT$$INIT_ARRAY$$Limit
000032b7   _Dclass
00003119   _Dtest
20002000   __CIOBUF_
200029c8   __STACK_END
00000800   __STACK_SIZE
200023c8   __STACK_TOP
00000800   __SYSMEM_SIZE
00003490   __TI_CINIT_Base
000034a0   __TI_CINIT_Limit
0000347c   __TI_Handler_Table_Base
00003488   __TI_Handler_Table_Limit
00000001   __TI_args_main
00002b79   __TI_auto_init
0000214d   __TI_cleanup
200033ac   __TI_cleanup_ptr
00002ae1   __TI_closefile
000032d9   __TI_decompress_none
000032f3   __TI_decompress_rle24
0000283d   __TI_doflush
200033b0   __TI_dtors_ptr
20003388   __TI_ft_end
00000def   __TI_printfi
0000295f   __TI_rd_ok
00002e7f   __TI_readmsg
00000000   __TI_static_base__
20002120   __TI_tmpnams
00002e51   __TI_writemsg
000028fd   __TI_wrt_ok
000032a5   __TI_zero_init
00002c0d   __aeabi_cdcmpeq
00002c0d   __aeabi_cdcmple
00002c8b   __aeabi_cdrcmple
00003049   __aeabi_d2iz
0000224f   __aeabi_dadd
000023fb   __aeabi_ddiv
00002665   __aeabi_dmul
00002245   __aeabi_dsub
000031bd   __aeabi_i2d
00003221   __aeabi_lmul
00002d09   __aeabi_memclr
00002d09   __aeabi_memclr4
00002d09   __aeabi_memclr8
00002a45   __aeabi_memcpy
00002a45   __aeabi_memcpy4
00002a45   __aeabi_memcpy8
00002d0b   __aeabi_memset
00002d0b   __aeabi_memset4
00002d0b   __aeabi_memset8
20003394   __aeabi_stderr
2000338c   __aeabi_stdin
20003390   __aeabi_stdout
00001ca5   __aeabi_uldivmod
ffffffff   __binit__
ffffffff   __c_args__
200021c8   __stack
0000315f   _abort_msg
00003209   _args_main
00003179   _assert
00003001   _c_int00
000032f8   _ctypes_
200031c8   _ftable
200033a4   _lock
0000315d   _nassert
0000328b   _nop
00003283   _register_lock
0000327d   _register_unlock
200029c8   _sys_memory
200033a8   _unlock
000030d9   abort
00001727   add_device
00002f69   atoi
ffffffff   binit
00001e99   blockmove
0000148d   calloc
000016d5   close
00003091   copy_in
000030e1   exit
00002b47   fclose
00002889   fflush
000021a3   fopen
00002d89   fprintf
000029a9   fputc
00002531   fputs
000011e7   free
00002179   freopen
00002ded   fseek
00000000   g_pfnVectors
000016b1   lseek
00002f0f   ltoa
00001b6f   main
200033bc   main_func_sp
00001185   malloc
000013ad   memalign
000031eb   memccpy
00003251   memchr
00002a45   memcpy
00002d11   memset
000010f9   minit
00001603   open
00002a2d   putc
00002a31   putchar
0000263d   puts
00002fcb   rand
000015df   read
000012a7   realloc
00001555   remove
000015b7   remove_device
00001579   rename
00002761   setvbuf
00002fb5   srand
00003267   strchr
00003239   strcmp
000032c9   strcpy
00003291   strlen
0000318d   strncpy
00001555   unlink
000014c5   write


GLOBAL SYMBOLS: SORTED BY Symbol Address 

address    name
--------   ----
00000000   __TI_static_base__
00000000   g_pfnVectors
00000001   __TI_args_main
00000800   __STACK_SIZE
00000800   __SYSMEM_SIZE
00000def   __TI_printfi
000010f9   minit
00001185   malloc
000011e7   free
000012a7   realloc
000013ad   memalign
0000148d   calloc
000014c5   write
00001555   remove
00001555   unlink
00001579   rename
000015b7   remove_device
000015df   read
00001603   open
000016b1   lseek
000016d5   close
00001727   add_device
000017d5   HOSTwrite
00001821   HOSTunlink
00001859   HOSTtime
00001893   HOSTrename
000018f1   HOSTread
0000193d   HOSTopen
0000198f   HOSTlseek
000019eb   HOSTgetenv
00001a29   HOSTclose
00001a61   HOSTclock
00001b6f   main
00001ca5   __aeabi_uldivmod
00001e99   blockmove
0000214d   __TI_cleanup
00002179   freopen
000021a3   fopen
00002245   __aeabi_dsub
0000224f   __aeabi_dadd
000023fb   __aeabi_ddiv
00002531   fputs
0000263d   puts
00002665   __aeabi_dmul
00002761   setvbuf
0000283d   __TI_doflush
00002889   fflush
000028fd   __TI_wrt_ok
0000295f   __TI_rd_ok
000029a9   fputc
00002a2d   putc
00002a31   putchar
00002a45   __aeabi_memcpy
00002a45   __aeabi_memcpy4
00002a45   __aeabi_memcpy8
00002a45   memcpy
00002ae1   __TI_closefile
00002b47   fclose
00002b79   __TI_auto_init
00002c0d   __aeabi_cdcmpeq
00002c0d   __aeabi_cdcmple
00002c8b   __aeabi_cdrcmple
00002d09   __aeabi_memclr
00002d09   __aeabi_memclr4
00002d09   __aeabi_memclr8
00002d0b   __aeabi_memset
00002d0b   __aeabi_memset4
00002d0b   __aeabi_memset8
00002d11   memset
00002d89   fprintf
00002ded   fseek
00002e51   __TI_writemsg
00002e7b   C$$IO$$
00002e7f   __TI_readmsg
00002f0f   ltoa
00002f69   atoi
00002fb5   srand
00002fcb   rand
00003001   _c_int00
00003049   __aeabi_d2iz
00003091   copy_in
000030d5   C$$EXIT
000030d9   abort
000030e1   exit
00003119   _Dtest
0000315d   _nassert
0000315f   _abort_msg
00003179   _assert
0000318d   strncpy
000031bd   __aeabi_i2d
000031eb   memccpy
00003209   _args_main
00003221   __aeabi_lmul
00003239   strcmp
00003251   memchr
00003267   strchr
0000327d   _register_unlock
00003283   _register_lock
0000328b   _nop
00003291   strlen
000032a5   __TI_zero_init
000032b7   _Dclass
000032c9   strcpy
000032d9   __TI_decompress_none
000032e7   ResetISR
000032f3   __TI_decompress_rle24
000032f8   _ctypes_
0000347c   __TI_Handler_Table_Base
00003488   __TI_Handler_Table_Limit
00003490   __TI_CINIT_Base
000034a0   __TI_CINIT_Limit
20002000   __CIOBUF_
20002120   __TI_tmpnams
200021c8   __stack
200023c8   __STACK_TOP
200029c8   __STACK_END
200029c8   _sys_memory
200031c8   _ftable
20003388   __TI_ft_end
2000338c   __aeabi_stdin
20003390   __aeabi_stdout
20003394   __aeabi_stderr
200033a4   _lock
200033a8   _unlock
200033ac   __TI_cleanup_ptr
200033b0   __TI_dtors_ptr
200033bc   main_func_sp
ffffffff   __binit__
ffffffff   __c_args__
ffffffff   binit
UNDEFED    SHT$$INIT_ARRAY$$Base
UNDEFED    SHT$$INIT_ARRAY$$Limit

[132 symbols]
