<?xml version="1.0"?>
<link_info>
   <banner>TI ARM Linker PC v5.1.1</banner>
   <copyright>Copyright (c) 1996-2013 Texas Instruments Incorporated</copyright>
   <link_time>0x5346490c</link_time>
   <link_errors>0x0</link_errors>
   <output_file>ECE300 LaunchPad Wireless (AT Command).out</output_file>
   <entry_point>
      <name>_c_int00</name>
      <address>0x2e11</address>
   </entry_point>
   <input_file_list>
      <input_file id="fl-2">
         <path>.\</path>
         <kind>object</kind>
         <file>tm4c123gh6pm_startup_ccs.obj</file>
         <name>tm4c123gh6pm_startup_ccs.obj</name>
      </input_file>
      <input_file id="fl-3">
         <path>.\</path>
         <kind>object</kind>
         <file>main.obj</file>
         <name>main.obj</name>
      </input_file>
      <input_file id="fl-4">
         <path>.\</path>
         <kind>object</kind>
         <file>WirelessXBee.obj</file>
         <name>WirelessXBee.obj</name>
      </input_file>
      <input_file id="fl-5">
         <path>.\</path>
         <kind>object</kind>
         <file>UART.obj</file>
         <name>UART.obj</name>
      </input_file>
      <input_file id="fl-6">
         <path>.\</path>
         <kind>object</kind>
         <file>Timer.obj</file>
         <name>Timer.obj</name>
      </input_file>
      <input_file id="fl-7">
         <path>.\</path>
         <kind>object</kind>
         <file>Parse.obj</file>
         <name>Parse.obj</name>
      </input_file>
      <input_file id="fl-8">
         <path>.\</path>
         <kind>object</kind>
         <file>PC_CMD.obj</file>
         <name>PC_CMD.obj</name>
      </input_file>
      <input_file id="fl-9">
         <path>.\</path>
         <kind>object</kind>
         <file>GPIO_Pin.obj</file>
         <name>GPIO_Pin.obj</name>
      </input_file>
      <input_file id="fl-a">
         <path>.\</path>
         <kind>object</kind>
         <file>Clocks.obj</file>
         <name>Clocks.obj</name>
      </input_file>
      <input_file id="fl-11">
         <path>D:\ti\TivaWare_C_Series-2.0.1.11577\driverlib\ccs\Debug\</path>
         <kind>archive</kind>
         <file>driverlib.lib</file>
         <name>uart.obj</name>
      </input_file>
      <input_file id="fl-12">
         <path>D:\ti\TivaWare_C_Series-2.0.1.11577\driverlib\ccs\Debug\</path>
         <kind>archive</kind>
         <file>driverlib.lib</file>
         <name>timer.obj</name>
      </input_file>
      <input_file id="fl-13">
         <path>D:\ti\TivaWare_C_Series-2.0.1.11577\driverlib\ccs\Debug\</path>
         <kind>archive</kind>
         <file>driverlib.lib</file>
         <name>sysctl.obj</name>
      </input_file>
      <input_file id="fl-14">
         <path>D:\ti\TivaWare_C_Series-2.0.1.11577\driverlib\ccs\Debug\</path>
         <kind>archive</kind>
         <file>driverlib.lib</file>
         <name>interrupt.obj</name>
      </input_file>
      <input_file id="fl-15">
         <path>D:\ti\TivaWare_C_Series-2.0.1.11577\driverlib\ccs\Debug\</path>
         <kind>archive</kind>
         <file>driverlib.lib</file>
         <name>gpio.obj</name>
      </input_file>
      <input_file id="fl-16">
         <path>D:\ti\TivaWare_C_Series-2.0.1.11577\driverlib\ccs\Debug\</path>
         <kind>archive</kind>
         <file>driverlib.lib</file>
         <name>cpu.obj</name>
      </input_file>
      <input_file id="fl-140">
         <path>D:\ti\ccsv5\tools\compiler\arm_5.1.1\lib\</path>
         <kind>archive</kind>
         <file>rtsv7M4_T_le_v4SPD16_eabi.lib</file>
         <name>atoi.obj</name>
      </input_file>
      <input_file id="fl-141">
         <path>D:\ti\ccsv5\tools\compiler\arm_5.1.1\lib\</path>
         <kind>archive</kind>
         <file>rtsv7M4_T_le_v4SPD16_eabi.lib</file>
         <name>boot.obj</name>
      </input_file>
      <input_file id="fl-142">
         <path>D:\ti\ccsv5\tools\compiler\arm_5.1.1\lib\</path>
         <kind>archive</kind>
         <file>rtsv7M4_T_le_v4SPD16_eabi.lib</file>
         <name>copy_decompress_none.obj</name>
      </input_file>
      <input_file id="fl-143">
         <path>D:\ti\ccsv5\tools\compiler\arm_5.1.1\lib\</path>
         <kind>archive</kind>
         <file>rtsv7M4_T_le_v4SPD16_eabi.lib</file>
         <name>copy_decompress_rle.obj</name>
      </input_file>
      <input_file id="fl-144">
         <path>D:\ti\ccsv5\tools\compiler\arm_5.1.1\lib\</path>
         <kind>archive</kind>
         <file>rtsv7M4_T_le_v4SPD16_eabi.lib</file>
         <name>copy_zero_init.obj</name>
      </input_file>
      <input_file id="fl-145">
         <path>D:\ti\ccsv5\tools\compiler\arm_5.1.1\lib\</path>
         <kind>archive</kind>
         <file>rtsv7M4_T_le_v4SPD16_eabi.lib</file>
         <name>ctype.obj</name>
      </input_file>
      <input_file id="fl-146">
         <path>D:\ti\ccsv5\tools\compiler\arm_5.1.1\lib\</path>
         <kind>archive</kind>
         <file>rtsv7M4_T_le_v4SPD16_eabi.lib</file>
         <name>exit.obj</name>
      </input_file>
      <input_file id="fl-147">
         <path>D:\ti\ccsv5\tools\compiler\arm_5.1.1\lib\</path>
         <kind>archive</kind>
         <file>rtsv7M4_T_le_v4SPD16_eabi.lib</file>
         <name>memcpy_t2.obj</name>
      </input_file>
      <input_file id="fl-148">
         <path>D:\ti\ccsv5\tools\compiler\arm_5.1.1\lib\</path>
         <kind>archive</kind>
         <file>rtsv7M4_T_le_v4SPD16_eabi.lib</file>
         <name>memory.obj</name>
      </input_file>
      <input_file id="fl-149">
         <path>D:\ti\ccsv5\tools\compiler\arm_5.1.1\lib\</path>
         <kind>archive</kind>
         <file>rtsv7M4_T_le_v4SPD16_eabi.lib</file>
         <name>memset_t2.obj</name>
      </input_file>
      <input_file id="fl-14a">
         <path>D:\ti\ccsv5\tools\compiler\arm_5.1.1\lib\</path>
         <kind>archive</kind>
         <file>rtsv7M4_T_le_v4SPD16_eabi.lib</file>
         <name>sprintf.obj</name>
      </input_file>
      <input_file id="fl-14b">
         <path>D:\ti\ccsv5\tools\compiler\arm_5.1.1\lib\</path>
         <kind>archive</kind>
         <file>rtsv7M4_T_le_v4SPD16_eabi.lib</file>
         <name>stkdepth_vars.obj</name>
      </input_file>
      <input_file id="fl-14c">
         <path>D:\ti\ccsv5\tools\compiler\arm_5.1.1\lib\</path>
         <kind>archive</kind>
         <file>rtsv7M4_T_le_v4SPD16_eabi.lib</file>
         <name>strcat.obj</name>
      </input_file>
      <input_file id="fl-14d">
         <path>D:\ti\ccsv5\tools\compiler\arm_5.1.1\lib\</path>
         <kind>archive</kind>
         <file>rtsv7M4_T_le_v4SPD16_eabi.lib</file>
         <name>strcmp.obj</name>
      </input_file>
      <input_file id="fl-14e">
         <path>D:\ti\ccsv5\tools\compiler\arm_5.1.1\lib\</path>
         <kind>archive</kind>
         <file>rtsv7M4_T_le_v4SPD16_eabi.lib</file>
         <name>strcpy.obj</name>
      </input_file>
      <input_file id="fl-14f">
         <path>D:\ti\ccsv5\tools\compiler\arm_5.1.1\lib\</path>
         <kind>archive</kind>
         <file>rtsv7M4_T_le_v4SPD16_eabi.lib</file>
         <name>strlen.obj</name>
      </input_file>
      <input_file id="fl-150">
         <path>D:\ti\ccsv5\tools\compiler\arm_5.1.1\lib\</path>
         <kind>archive</kind>
         <file>rtsv7M4_T_le_v4SPD16_eabi.lib</file>
         <name>strstr.obj</name>
      </input_file>
      <input_file id="fl-151">
         <path>D:\ti\ccsv5\tools\compiler\arm_5.1.1\lib\</path>
         <kind>archive</kind>
         <file>rtsv7M4_T_le_v4SPD16_eabi.lib</file>
         <name>toupper.obj</name>
      </input_file>
      <input_file id="fl-152">
         <path>D:\ti\ccsv5\tools\compiler\arm_5.1.1\lib\</path>
         <kind>archive</kind>
         <file>rtsv7M4_T_le_v4SPD16_eabi.lib</file>
         <name>_lock.obj</name>
      </input_file>
      <input_file id="fl-153">
         <path>D:\ti\ccsv5\tools\compiler\arm_5.1.1\lib\</path>
         <kind>archive</kind>
         <file>rtsv7M4_T_le_v4SPD16_eabi.lib</file>
         <name>_printfi.obj</name>
      </input_file>
      <input_file id="fl-154">
         <path>D:\ti\ccsv5\tools\compiler\arm_5.1.1\lib\</path>
         <kind>archive</kind>
         <file>rtsv7M4_T_le_v4SPD16_eabi.lib</file>
         <name>args_main.obj</name>
      </input_file>
      <input_file id="fl-155">
         <path>D:\ti\ccsv5\tools\compiler\arm_5.1.1\lib\</path>
         <kind>archive</kind>
         <file>rtsv7M4_T_le_v4SPD16_eabi.lib</file>
         <name>auto_init.obj</name>
      </input_file>
      <input_file id="fl-156">
         <path>D:\ti\ccsv5\tools\compiler\arm_5.1.1\lib\</path>
         <kind>archive</kind>
         <file>rtsv7M4_T_le_v4SPD16_eabi.lib</file>
         <name>cpy_tbl.obj</name>
      </input_file>
      <input_file id="fl-157">
         <path>D:\ti\ccsv5\tools\compiler\arm_5.1.1\lib\</path>
         <kind>archive</kind>
         <file>rtsv7M4_T_le_v4SPD16_eabi.lib</file>
         <name>fd_add_t2.obj</name>
      </input_file>
      <input_file id="fl-158">
         <path>D:\ti\ccsv5\tools\compiler\arm_5.1.1\lib\</path>
         <kind>archive</kind>
         <file>rtsv7M4_T_le_v4SPD16_eabi.lib</file>
         <name>fd_cmp_t2.obj</name>
      </input_file>
      <input_file id="fl-159">
         <path>D:\ti\ccsv5\tools\compiler\arm_5.1.1\lib\</path>
         <kind>archive</kind>
         <file>rtsv7M4_T_le_v4SPD16_eabi.lib</file>
         <name>fd_div_t2.obj</name>
      </input_file>
      <input_file id="fl-15a">
         <path>D:\ti\ccsv5\tools\compiler\arm_5.1.1\lib\</path>
         <kind>archive</kind>
         <file>rtsv7M4_T_le_v4SPD16_eabi.lib</file>
         <name>fd_mul_t2.obj</name>
      </input_file>
      <input_file id="fl-15b">
         <path>D:\ti\ccsv5\tools\compiler\arm_5.1.1\lib\</path>
         <kind>archive</kind>
         <file>rtsv7M4_T_le_v4SPD16_eabi.lib</file>
         <name>fd_toi_t2.obj</name>
      </input_file>
      <input_file id="fl-15c">
         <path>D:\ti\ccsv5\tools\compiler\arm_5.1.1\lib\</path>
         <kind>archive</kind>
         <file>rtsv7M4_T_le_v4SPD16_eabi.lib</file>
         <name>i_tofd_t2.obj</name>
      </input_file>
      <input_file id="fl-15d">
         <path>D:\ti\ccsv5\tools\compiler\arm_5.1.1\lib\</path>
         <kind>archive</kind>
         <file>rtsv7M4_T_le_v4SPD16_eabi.lib</file>
         <name>ll_mul_t2.obj</name>
      </input_file>
      <input_file id="fl-15e">
         <path>D:\ti\ccsv5\tools\compiler\arm_5.1.1\lib\</path>
         <kind>archive</kind>
         <file>rtsv7M4_T_le_v4SPD16_eabi.lib</file>
         <name>ltoa.obj</name>
      </input_file>
      <input_file id="fl-15f">
         <path>D:\ti\ccsv5\tools\compiler\arm_5.1.1\lib\</path>
         <kind>archive</kind>
         <file>rtsv7M4_T_le_v4SPD16_eabi.lib</file>
         <name>memccpy.obj</name>
      </input_file>
      <input_file id="fl-160">
         <path>D:\ti\ccsv5\tools\compiler\arm_5.1.1\lib\</path>
         <kind>archive</kind>
         <file>rtsv7M4_T_le_v4SPD16_eabi.lib</file>
         <name>ull_div_t2.obj</name>
      </input_file>
      <input_file id="fl-161">
         <path>D:\ti\ccsv5\tools\compiler\arm_5.1.1\lib\</path>
         <kind>archive</kind>
         <file>rtsv7M4_T_le_v4SPD16_eabi.lib</file>
         <name>xdclass.obj</name>
      </input_file>
      <input_file id="fl-162">
         <path>D:\ti\ccsv5\tools\compiler\arm_5.1.1\lib\</path>
         <kind>archive</kind>
         <file>rtsv7M4_T_le_v4SPD16_eabi.lib</file>
         <name>xdtest.obj</name>
      </input_file>
   </input_file_list>
   <object_component_list>
      <object_component id="oc-e">
         <name>.intvecs</name>
         <load_address>0x0</load_address>
         <run_address>0x0</run_address>
         <size>0x26c</size>
         <input_file_ref idref="fl-2"/>
      </object_component>
      <object_component id="oc-1e6">
         <name>.text</name>
         <load_address>0x26c</load_address>
         <run_address>0x26c</run_address>
         <size>0xe8c</size>
         <input_file_ref idref="fl-153"/>
      </object_component>
      <object_component id="oc-191">
         <name>.text</name>
         <load_address>0x10f8</load_address>
         <run_address>0x10f8</run_address>
         <size>0x3cc</size>
         <input_file_ref idref="fl-148"/>
      </object_component>
      <object_component id="oc-11d">
         <name>.text</name>
         <load_address>0x14c4</load_address>
         <run_address>0x14c4</run_address>
         <size>0x330</size>
         <input_file_ref idref="fl-7"/>
      </object_component>
      <object_component id="oc-22b">
         <name>.text</name>
         <load_address>0x17f4</load_address>
         <run_address>0x17f4</run_address>
         <size>0x1f4</size>
         <input_file_ref idref="fl-160"/>
      </object_component>
      <object_component id="oc-ad">
         <name>.text</name>
         <load_address>0x19e8</load_address>
         <run_address>0x19e8</run_address>
         <size>0x1e4</size>
         <input_file_ref idref="fl-3"/>
      </object_component>
      <object_component id="oc-113">
         <name>.text</name>
         <load_address>0x1bcc</load_address>
         <run_address>0x1bcc</run_address>
         <size>0x1d4</size>
         <input_file_ref idref="fl-4"/>
      </object_component>
      <object_component id="oc-250">
         <name>.text</name>
         <load_address>0x1da0</load_address>
         <run_address>0x1da0</run_address>
         <size>0x1b6</size>
         <input_file_ref idref="fl-157"/>
      </object_component>
      <object_component id="oc-160">
         <name>.text</name>
         <load_address>0x1f58</load_address>
         <run_address>0x1f58</run_address>
         <size>0x18c</size>
         <input_file_ref idref="fl-5"/>
      </object_component>
      <object_component id="oc-23b">
         <name>.text</name>
         <load_address>0x20e4</load_address>
         <run_address>0x20e4</run_address>
         <size>0x136</size>
         <input_file_ref idref="fl-159"/>
      </object_component>
      <object_component id="oc-212">
         <name>.text:GPIOPadConfigSet</name>
         <load_address>0x221a</load_address>
         <run_address>0x221a</run_address>
         <size>0x130</size>
         <input_file_ref idref="fl-15"/>
      </object_component>
      <object_component id="oc-10e">
         <name>.text</name>
         <load_address>0x234c</load_address>
         <run_address>0x234c</run_address>
         <size>0x130</size>
         <input_file_ref idref="fl-8"/>
      </object_component>
      <object_component id="oc-158">
         <name>.text:SysCtlClockSet</name>
         <load_address>0x247c</load_address>
         <run_address>0x247c</run_address>
         <size>0x104</size>
         <input_file_ref idref="fl-13"/>
      </object_component>
      <object_component id="oc-237">
         <name>.text</name>
         <load_address>0x2580</load_address>
         <run_address>0x2580</run_address>
         <size>0xfc</size>
         <input_file_ref idref="fl-15a"/>
      </object_component>
      <object_component id="oc-2b">
         <name>.text</name>
         <load_address>0x267c</load_address>
         <run_address>0x267c</run_address>
         <size>0xcc</size>
         <input_file_ref idref="fl-6"/>
      </object_component>
      <object_component id="oc-70">
         <name>.text:SysCtlClockGet</name>
         <load_address>0x2748</load_address>
         <run_address>0x2748</run_address>
         <size>0xc8</size>
         <input_file_ref idref="fl-13"/>
      </object_component>
      <object_component id="oc-44">
         <name>.text</name>
         <load_address>0x2810</load_address>
         <run_address>0x2810</run_address>
         <size>0x9c</size>
         <input_file_ref idref="fl-147"/>
      </object_component>
      <object_component id="oc-33">
         <name>.text</name>
         <load_address>0x28ac</load_address>
         <run_address>0x28ac</run_address>
         <size>0x94</size>
         <input_file_ref idref="fl-155"/>
      </object_component>
      <object_component id="oc-109">
         <name>.text</name>
         <load_address>0x2940</load_address>
         <run_address>0x2940</run_address>
         <size>0x90</size>
         <input_file_ref idref="fl-a"/>
      </object_component>
      <object_component id="oc-233">
         <name>.text:__aeabi_cdcmple</name>
         <load_address>0x29d0</load_address>
         <run_address>0x29d0</run_address>
         <size>0x7e</size>
         <input_file_ref idref="fl-158"/>
      </object_component>
      <object_component id="oc-23f">
         <name>.text:__aeabi_cdrcmple</name>
         <load_address>0x2a4e</load_address>
         <run_address>0x2a4e</run_address>
         <size>0x7e</size>
         <input_file_ref idref="fl-158"/>
      </object_component>
      <object_component id="oc-105">
         <name>.text</name>
         <load_address>0x2acc</load_address>
         <run_address>0x2acc</run_address>
         <size>0x78</size>
         <input_file_ref idref="fl-149"/>
      </object_component>
      <object_component id="oc-84">
         <name>.text:IntDisable</name>
         <load_address>0x2b44</load_address>
         <run_address>0x2b44</run_address>
         <size>0x60</size>
         <input_file_ref idref="fl-14"/>
      </object_component>
      <object_component id="oc-93">
         <name>.text:IntEnable</name>
         <load_address>0x2ba4</load_address>
         <run_address>0x2ba4</run_address>
         <size>0x60</size>
         <input_file_ref idref="fl-14"/>
      </object_component>
      <object_component id="oc-178">
         <name>.text</name>
         <load_address>0x2c04</load_address>
         <run_address>0x2c04</run_address>
         <size>0x60</size>
         <input_file_ref idref="fl-14a"/>
      </object_component>
      <object_component id="oc-56">
         <name>.text</name>
         <load_address>0x2c64</load_address>
         <run_address>0x2c64</run_address>
         <size>0x5e</size>
         <input_file_ref idref="fl-143"/>
      </object_component>
      <object_component id="oc-6b">
         <name>.text:TimerConfigure</name>
         <load_address>0x2cc4</load_address>
         <run_address>0x2cc4</run_address>
         <size>0x5c</size>
         <input_file_ref idref="fl-12"/>
      </object_component>
      <object_component id="oc-247">
         <name>.text</name>
         <load_address>0x2d20</load_address>
         <run_address>0x2d20</run_address>
         <size>0x5a</size>
         <input_file_ref idref="fl-15e"/>
      </object_component>
      <object_component id="oc-19b">
         <name>.text</name>
         <load_address>0x2d7c</load_address>
         <run_address>0x2d7c</run_address>
         <size>0x4c</size>
         <input_file_ref idref="fl-140"/>
      </object_component>
      <object_component id="oc-1ae">
         <name>.text:GPIOPinConfigure</name>
         <load_address>0x2dc8</load_address>
         <run_address>0x2dc8</run_address>
         <size>0x48</size>
         <input_file_ref idref="fl-15"/>
      </object_component>
      <object_component id="oc-10">
         <name>.text</name>
         <load_address>0x2e10</load_address>
         <run_address>0x2e10</run_address>
         <size>0x48</size>
         <input_file_ref idref="fl-141"/>
      </object_component>
      <object_component id="oc-243">
         <name>.text</name>
         <load_address>0x2e58</load_address>
         <run_address>0x2e58</run_address>
         <size>0x48</size>
         <input_file_ref idref="fl-15b"/>
      </object_component>
      <object_component id="oc-a7">
         <name>.text</name>
         <load_address>0x2ea0</load_address>
         <run_address>0x2ea0</run_address>
         <size>0x44</size>
         <input_file_ref idref="fl-156"/>
      </object_component>
      <object_component id="oc-3c">
         <name>.text</name>
         <load_address>0x2ee4</load_address>
         <run_address>0x2ee4</run_address>
         <size>0x44</size>
         <input_file_ref idref="fl-146"/>
      </object_component>
      <object_component id="oc-294">
         <name>.text</name>
         <load_address>0x2f28</load_address>
         <run_address>0x2f28</run_address>
         <size>0x44</size>
         <input_file_ref idref="fl-162"/>
      </object_component>
      <object_component id="oc-1b8">
         <name>.text:UARTConfigSetExpClk</name>
         <load_address>0x2f6c</load_address>
         <run_address>0x2f6c</run_address>
         <size>0x40</size>
         <input_file_ref idref="fl-11"/>
      </object_component>
      <object_component id="oc-66">
         <name>.text:SysCtlPeripheralEnable</name>
         <load_address>0x2fac</load_address>
         <run_address>0x2fac</run_address>
         <size>0x34</size>
         <input_file_ref idref="fl-13"/>
      </object_component>
      <object_component id="oc-182">
         <name>.text</name>
         <load_address>0x2fe0</load_address>
         <run_address>0x2fe0</run_address>
         <size>0x34</size>
         <input_file_ref idref="fl-150"/>
      </object_component>
      <object_component id="oc-24c">
         <name>.text</name>
         <load_address>0x3014</load_address>
         <run_address>0x3014</run_address>
         <size>0x2e</size>
         <input_file_ref idref="fl-15c"/>
      </object_component>
      <object_component id="oc-173">
         <name>.text</name>
         <load_address>0x3044</load_address>
         <run_address>0x3044</run_address>
         <size>0x2c</size>
         <input_file_ref idref="fl-9"/>
      </object_component>
      <object_component id="oc-20d">
         <name>.text:GPIODirModeSet</name>
         <load_address>0x3070</load_address>
         <run_address>0x3070</run_address>
         <size>0x2a</size>
         <input_file_ref idref="fl-15"/>
      </object_component>
      <object_component id="oc-218">
         <name>.text:UARTDisable</name>
         <load_address>0x309c</load_address>
         <run_address>0x309c</run_address>
         <size>0x1c</size>
         <input_file_ref idref="fl-11"/>
      </object_component>
      <object_component id="oc-259">
         <name>.text</name>
         <load_address>0x30b8</load_address>
         <run_address>0x30b8</run_address>
         <size>0x1c</size>
         <input_file_ref idref="fl-15f"/>
      </object_component>
      <object_component id="oc-196">
         <name>.text</name>
         <load_address>0x30d4</load_address>
         <run_address>0x30d4</run_address>
         <size>0x1a</size>
         <input_file_ref idref="fl-14c"/>
      </object_component>
      <object_component id="oc-37">
         <name>.text</name>
         <load_address>0x30f0</load_address>
         <run_address>0x30f0</run_address>
         <size>0x18</size>
         <input_file_ref idref="fl-154"/>
      </object_component>
      <object_component id="oc-22f">
         <name>.text</name>
         <load_address>0x3108</load_address>
         <run_address>0x3108</run_address>
         <size>0x18</size>
         <input_file_ref idref="fl-15d"/>
      </object_component>
      <object_component id="oc-17d">
         <name>.text</name>
         <load_address>0x3120</load_address>
         <run_address>0x3120</run_address>
         <size>0x18</size>
         <input_file_ref idref="fl-14d"/>
      </object_component>
      <object_component id="oc-1c2">
         <name>.text:UARTEnable</name>
         <load_address>0x3138</load_address>
         <run_address>0x3138</run_address>
         <size>0x14</size>
         <input_file_ref idref="fl-11"/>
      </object_component>
      <object_component id="oc-12d">
         <name>.text</name>
         <load_address>0x314c</load_address>
         <run_address>0x314c</run_address>
         <size>0x14</size>
         <input_file_ref idref="fl-152"/>
      </object_component>
      <object_component id="oc-118">
         <name>.text</name>
         <load_address>0x3160</load_address>
         <run_address>0x3160</run_address>
         <size>0x14</size>
         <input_file_ref idref="fl-14f"/>
      </object_component>
      <object_component id="oc-1b3">
         <name>.text:GPIOPinTypeUART</name>
         <load_address>0x3174</load_address>
         <run_address>0x3174</run_address>
         <size>0x12</size>
         <input_file_ref idref="fl-15"/>
      </object_component>
      <object_component id="oc-75">
         <name>.text:TimerLoadSet</name>
         <load_address>0x3186</load_address>
         <run_address>0x3186</run_address>
         <size>0x12</size>
         <input_file_ref idref="fl-12"/>
      </object_component>
      <object_component id="oc-254">
         <name>.text</name>
         <load_address>0x3198</load_address>
         <run_address>0x3198</run_address>
         <size>0x12</size>
         <input_file_ref idref="fl-161"/>
      </object_component>
      <object_component id="oc-165">
         <name>.text</name>
         <load_address>0x31aa</load_address>
         <run_address>0x31aa</run_address>
         <size>0x10</size>
         <input_file_ref idref="fl-14e"/>
      </object_component>
      <object_component id="oc-18c">
         <name>.text</name>
         <load_address>0x31bc</load_address>
         <run_address>0x31bc</run_address>
         <size>0x10</size>
         <input_file_ref idref="fl-151"/>
      </object_component>
      <object_component id="oc-98">
         <name>.text:TimerEnable</name>
         <load_address>0x31cc</load_address>
         <run_address>0x31cc</run_address>
         <size>0xe</size>
         <input_file_ref idref="fl-12"/>
      </object_component>
      <object_component id="oc-14">
         <name>.text:decompress:none</name>
         <load_address>0x31da</load_address>
         <run_address>0x31da</run_address>
         <size>0xe</size>
         <input_file_ref idref="fl-142"/>
      </object_component>
      <object_component id="oc-e7">
         <name>.text:CPUcpsie</name>
         <load_address>0x31e8</load_address>
         <run_address>0x31e8</run_address>
         <size>0xc</size>
         <input_file_ref idref="fl-16"/>
      </object_component>
      <object_component id="oc-1c7">
         <name>.text:UARTCharsAvail</name>
         <load_address>0x31f4</load_address>
         <run_address>0x31f4</run_address>
         <size>0xc</size>
         <input_file_ref idref="fl-11"/>
      </object_component>
      <object_component id="oc-1d1">
         <name>.text:UARTSpaceAvail</name>
         <load_address>0x3200</load_address>
         <run_address>0x3200</run_address>
         <size>0xc</size>
         <input_file_ref idref="fl-11"/>
      </object_component>
      <object_component id="oc-26">
         <name>.text</name>
         <load_address>0x320c</load_address>
         <run_address>0x320c</run_address>
         <size>0xc</size>
         <input_file_ref idref="fl-2"/>
      </object_component>
      <object_component id="oc-7a">
         <name>.text:IntMasterEnable</name>
         <load_address>0x3218</load_address>
         <run_address>0x3218</run_address>
         <size>0xa</size>
         <input_file_ref idref="fl-14"/>
      </object_component>
      <object_component id="oc-89">
         <name>.text:TimerIntDisable</name>
         <load_address>0x3222</load_address>
         <run_address>0x3222</run_address>
         <size>0xa</size>
         <input_file_ref idref="fl-12"/>
      </object_component>
      <object_component id="oc-1cc">
         <name>.text:UARTCharGet</name>
         <load_address>0x322c</load_address>
         <run_address>0x322c</run_address>
         <size>0xa</size>
         <input_file_ref idref="fl-11"/>
      </object_component>
      <object_component id="oc-1d6">
         <name>.text:UARTCharPut</name>
         <load_address>0x3236</load_address>
         <run_address>0x3236</run_address>
         <size>0xa</size>
         <input_file_ref idref="fl-11"/>
      </object_component>
      <object_component id="oc-1bd">
         <name>.text:UARTFIFOEnable</name>
         <load_address>0x3240</load_address>
         <run_address>0x3240</run_address>
         <size>0xa</size>
         <input_file_ref idref="fl-11"/>
      </object_component>
      <object_component id="oc-8e">
         <name>.text:TimerIntEnable</name>
         <load_address>0x324a</load_address>
         <run_address>0x324a</run_address>
         <size>0x8</size>
         <input_file_ref idref="fl-12"/>
      </object_component>
      <object_component id="oc-1a9">
         <name>.text:SysCtlDelay</name>
         <load_address>0x3252</load_address>
         <run_address>0x3252</run_address>
         <size>0x6</size>
         <input_file_ref idref="fl-13"/>
      </object_component>
      <object_component id="oc-1e">
         <name>.text:decompress:rle24</name>
         <load_address>0x3258</load_address>
         <run_address>0x3258</run_address>
         <size>0x6</size>
         <input_file_ref idref="fl-143"/>
      </object_component>
      <object_component id="oc-7f">
         <name>.text:TimerIntClear</name>
         <load_address>0x325e</load_address>
         <run_address>0x325e</run_address>
         <size>0x4</size>
         <input_file_ref idref="fl-12"/>
      </object_component>
      <object_component id="oc-1fa">
         <name>.const:.string:_ctypes_</name>
         <load_address>0x3264</load_address>
         <run_address>0x3264</run_address>
         <size>0x102</size>
         <input_file_ref idref="fl-145"/>
      </object_component>
      <object_component id="oc-209">
         <name>.const:g_pui32GPIOBaseAddrs</name>
         <load_address>0x3368</load_address>
         <run_address>0x3368</run_address>
         <size>0x90</size>
         <input_file_ref idref="fl-15"/>
      </object_component>
      <object_component id="oc-f3">
         <name>.const</name>
         <load_address>0x33f8</load_address>
         <run_address>0x33f8</run_address>
         <size>0x70</size>
         <input_file_ref idref="fl-14"/>
      </object_component>
      <object_component id="oc-e3">
         <name>.const:g_pui32Xtals</name>
         <load_address>0x3468</load_address>
         <run_address>0x3468</run_address>
         <size>0x6c</size>
         <input_file_ref idref="fl-13"/>
      </object_component>
      <object_component id="oc-122">
         <name>.const:.string</name>
         <load_address>0x34d4</load_address>
         <run_address>0x34d4</run_address>
         <size>0x7</size>
         <input_file_ref idref="fl-3"/>
      </object_component>
      <object_component id="oc-2c9">
         <name>.cinit..data.load</name>
         <load_address>0x34e0</load_address>
         <run_address>0x34e0</run_address>
         <size>0x25</size>
      </object_component>
      <object_component id="oc-2c7">
         <name>__TI_handler_table</name>
         <load_address>0x3508</load_address>
         <run_address>0x3508</run_address>
         <size>0x8</size>
      </object_component>
      <object_component id="oc-2c8">
         <name>__TI_cinit_table</name>
         <load_address>0x3510</load_address>
         <run_address>0x3510</run_address>
         <size>0x8</size>
      </object_component>
      <object_component id="oc-41">
         <name>.data</name>
         <load_address>0x20001e80</load_address>
         <run_address>0x20001e80</run_address>
         <size>0x4</size>
         <input_file_ref idref="fl-14b"/>
      </object_component>
      <object_component id="oc-9d">
         <name>.data</name>
         <load_address>0x20001e44</load_address>
         <run_address>0x20001e44</run_address>
         <size>0xc</size>
         <input_file_ref idref="fl-6"/>
      </object_component>
      <object_component id="oc-b4">
         <name>.data</name>
         <load_address>0x20001e64</load_address>
         <run_address>0x20001e64</run_address>
         <size>0x8</size>
         <input_file_ref idref="fl-152"/>
      </object_component>
      <object_component id="oc-b6">
         <name>.data</name>
         <load_address>0x20001e6c</load_address>
         <run_address>0x20001e6c</run_address>
         <size>0x8</size>
         <input_file_ref idref="fl-146"/>
      </object_component>
      <object_component id="oc-15d">
         <name>.data</name>
         <load_address>0x20001e7c</load_address>
         <run_address>0x20001e7c</run_address>
         <size>0x4</size>
         <input_file_ref idref="fl-a"/>
      </object_component>
      <object_component id="oc-16a">
         <name>.data:CMDCodes</name>
         <load_address>0x20001e00</load_address>
         <run_address>0x20001e00</run_address>
         <size>0x41</size>
         <input_file_ref idref="fl-8"/>
      </object_component>
      <object_component id="oc-187">
         <name>.data</name>
         <load_address>0x20001e74</load_address>
         <run_address>0x20001e74</run_address>
         <size>0x5</size>
         <input_file_ref idref="fl-4"/>
      </object_component>
      <object_component id="oc-1e3">
         <name>.data</name>
         <load_address>0x20001e5c</load_address>
         <run_address>0x20001e5c</run_address>
         <size>0x8</size>
         <input_file_ref idref="fl-9"/>
      </object_component>
      <object_component id="oc-1fe">
         <name>.data</name>
         <load_address>0x20001e50</load_address>
         <run_address>0x20001e50</run_address>
         <size>0xc</size>
         <input_file_ref idref="fl-148"/>
      </object_component>
      <object_component id="oc-24">
         <name>.sysmem</name>
         <uninitialized>true</uninitialized>
         <run_address>0x20001600</run_address>
         <size>0x8</size>
         <input_file_ref idref="fl-148"/>
      </object_component>
      <object_component id="oc-2cb">
         <name>.sysmem</name>
         <uninitialized>true</uninitialized>
         <run_address>0x20001600</run_address>
         <size>0x0</size>
      </object_component>
      <object_component id="oc-23">
         <name>.stack</name>
         <uninitialized>true</uninitialized>
         <run_address>0x20000000</run_address>
         <size>0x0</size>
         <input_file_ref idref="fl-141"/>
      </object_component>
      <object_component id="oc-2ca">
         <name>.stack</name>
         <uninitialized>true</uninitialized>
         <run_address>0x20000000</run_address>
         <size>0x0</size>
      </object_component>
      <object_component id="oc-f">
         <name>.debug_info</name>
         <load_address>0x0</load_address>
         <run_address>0x0</run_address>
         <size>0x108</size>
         <input_file_ref idref="fl-2"/>
      </object_component>
      <object_component id="oc-13">
         <name>.debug_info</name>
         <load_address>0x108</load_address>
         <run_address>0x108</run_address>
         <size>0xf3</size>
         <input_file_ref idref="fl-141"/>
      </object_component>
      <object_component id="oc-16">
         <name>.debug_info</name>
         <load_address>0x1fb</load_address>
         <run_address>0x1fb</run_address>
         <size>0x194</size>
         <input_file_ref idref="fl-142"/>
      </object_component>
      <object_component id="oc-1f">
         <name>.debug_info</name>
         <load_address>0x38f</load_address>
         <run_address>0x38f</run_address>
         <size>0x18e</size>
         <input_file_ref idref="fl-143"/>
      </object_component>
      <object_component id="oc-25">
         <name>.debug_info</name>
         <load_address>0x51d</load_address>
         <run_address>0x51d</run_address>
         <size>0xb6</size>
         <input_file_ref idref="fl-148"/>
      </object_component>
      <object_component id="oc-27">
         <name>.debug_info</name>
         <load_address>0x5d3</load_address>
         <run_address>0x5d3</run_address>
         <size>0x27f</size>
         <input_file_ref idref="fl-2"/>
      </object_component>
      <object_component id="oc-2c">
         <name>.debug_info</name>
         <load_address>0x852</load_address>
         <run_address>0x852</run_address>
         <size>0x2fc</size>
         <input_file_ref idref="fl-6"/>
      </object_component>
      <object_component id="oc-32">
         <name>.debug_info</name>
         <load_address>0xb4e</load_address>
         <run_address>0xb4e</run_address>
         <size>0x147</size>
         <input_file_ref idref="fl-2"/>
      </object_component>
      <object_component id="oc-35">
         <name>.debug_info</name>
         <load_address>0xc95</load_address>
         <run_address>0xc95</run_address>
         <size>0x13d</size>
         <input_file_ref idref="fl-155"/>
      </object_component>
      <object_component id="oc-38">
         <name>.debug_info</name>
         <load_address>0xdd2</load_address>
         <run_address>0xdd2</run_address>
         <size>0x11c</size>
         <input_file_ref idref="fl-154"/>
      </object_component>
      <object_component id="oc-40">
         <name>.debug_info</name>
         <load_address>0xeee</load_address>
         <run_address>0xeee</run_address>
         <size>0x1c2</size>
         <input_file_ref idref="fl-146"/>
      </object_component>
      <object_component id="oc-42">
         <name>.debug_info</name>
         <load_address>0x10b0</load_address>
         <run_address>0x10b0</run_address>
         <size>0xbe</size>
         <input_file_ref idref="fl-14b"/>
      </object_component>
      <object_component id="oc-45">
         <name>.debug_info</name>
         <load_address>0x116e</load_address>
         <run_address>0x116e</run_address>
         <size>0xcc</size>
         <input_file_ref idref="fl-147"/>
      </object_component>
      <object_component id="oc-49">
         <name>.debug_info</name>
         <load_address>0x123a</load_address>
         <run_address>0x123a</run_address>
         <size>0x46</size>
         <input_file_ref idref="fl-142"/>
      </object_component>
      <object_component id="oc-4e">
         <name>.debug_info</name>
         <load_address>0x1280</load_address>
         <run_address>0x1280</run_address>
         <size>0xf2</size>
         <input_file_ref idref="fl-142"/>
      </object_component>
      <object_component id="oc-57">
         <name>.debug_info</name>
         <load_address>0x1372</load_address>
         <run_address>0x1372</run_address>
         <size>0x1ef</size>
         <input_file_ref idref="fl-143"/>
      </object_component>
      <object_component id="oc-5c">
         <name>.debug_info</name>
         <load_address>0x1561</load_address>
         <run_address>0x1561</run_address>
         <size>0xb7</size>
         <input_file_ref idref="fl-143"/>
      </object_component>
      <object_component id="oc-5d">
         <name>.debug_info</name>
         <load_address>0x1618</load_address>
         <run_address>0x1618</run_address>
         <size>0x39</size>
         <input_file_ref idref="fl-143"/>
      </object_component>
      <object_component id="oc-64">
         <name>.debug_info</name>
         <load_address>0x1651</load_address>
         <run_address>0x1651</run_address>
         <size>0x1d7</size>
         <input_file_ref idref="fl-148"/>
      </object_component>
      <object_component id="oc-67">
         <name>.debug_info</name>
         <load_address>0x1828</load_address>
         <run_address>0x1828</run_address>
         <size>0x1e1</size>
         <input_file_ref idref="fl-13"/>
      </object_component>
      <object_component id="oc-6c">
         <name>.debug_info</name>
         <load_address>0x1a09</load_address>
         <run_address>0x1a09</run_address>
         <size>0x1f0</size>
         <input_file_ref idref="fl-12"/>
      </object_component>
      <object_component id="oc-71">
         <name>.debug_info</name>
         <load_address>0x1bf9</load_address>
         <run_address>0x1bf9</run_address>
         <size>0x202</size>
         <input_file_ref idref="fl-13"/>
      </object_component>
      <object_component id="oc-76">
         <name>.debug_info</name>
         <load_address>0x1dfb</load_address>
         <run_address>0x1dfb</run_address>
         <size>0x21e</size>
         <input_file_ref idref="fl-12"/>
      </object_component>
      <object_component id="oc-7c">
         <name>.debug_info</name>
         <load_address>0x2019</load_address>
         <run_address>0x2019</run_address>
         <size>0x1a2</size>
         <input_file_ref idref="fl-14"/>
      </object_component>
      <object_component id="oc-80">
         <name>.debug_info</name>
         <load_address>0x21bb</load_address>
         <run_address>0x21bb</run_address>
         <size>0x1f6</size>
         <input_file_ref idref="fl-12"/>
      </object_component>
      <object_component id="oc-86">
         <name>.debug_info</name>
         <load_address>0x23b1</load_address>
         <run_address>0x23b1</run_address>
         <size>0x1ce</size>
         <input_file_ref idref="fl-14"/>
      </object_component>
      <object_component id="oc-8a">
         <name>.debug_info</name>
         <load_address>0x257f</load_address>
         <run_address>0x257f</run_address>
         <size>0x1fa</size>
         <input_file_ref idref="fl-12"/>
      </object_component>
      <object_component id="oc-8f">
         <name>.debug_info</name>
         <load_address>0x2779</load_address>
         <run_address>0x2779</run_address>
         <size>0x1f8</size>
         <input_file_ref idref="fl-12"/>
      </object_component>
      <object_component id="oc-95">
         <name>.debug_info</name>
         <load_address>0x2971</load_address>
         <run_address>0x2971</run_address>
         <size>0x1cc</size>
         <input_file_ref idref="fl-14"/>
      </object_component>
      <object_component id="oc-99">
         <name>.debug_info</name>
         <load_address>0x2b3d</load_address>
         <run_address>0x2b3d</run_address>
         <size>0x1e3</size>
         <input_file_ref idref="fl-12"/>
      </object_component>
      <object_component id="oc-9e">
         <name>.debug_info</name>
         <load_address>0x2d20</load_address>
         <run_address>0x2d20</run_address>
         <size>0x138</size>
         <input_file_ref idref="fl-6"/>
      </object_component>
      <object_component id="oc-a0">
         <name>.debug_info</name>
         <load_address>0x2e58</load_address>
         <run_address>0x2e58</run_address>
         <size>0x84</size>
         <input_file_ref idref="fl-2"/>
      </object_component>
      <object_component id="oc-a8">
         <name>.debug_info</name>
         <load_address>0x2edc</load_address>
         <run_address>0x2edc</run_address>
         <size>0x14b</size>
         <input_file_ref idref="fl-156"/>
      </object_component>
      <object_component id="oc-ae">
         <name>.debug_info</name>
         <load_address>0x3027</load_address>
         <run_address>0x3027</run_address>
         <size>0x494</size>
         <input_file_ref idref="fl-3"/>
      </object_component>
      <object_component id="oc-b3">
         <name>.debug_info</name>
         <load_address>0x34bb</load_address>
         <run_address>0x34bb</run_address>
         <size>0x11b</size>
         <input_file_ref idref="fl-154"/>
      </object_component>
      <object_component id="oc-b5">
         <name>.debug_info</name>
         <load_address>0x35d6</load_address>
         <run_address>0x35d6</run_address>
         <size>0xc8</size>
         <input_file_ref idref="fl-152"/>
      </object_component>
      <object_component id="oc-b7">
         <name>.debug_info</name>
         <load_address>0x369e</load_address>
         <run_address>0x369e</run_address>
         <size>0xeb</size>
         <input_file_ref idref="fl-146"/>
      </object_component>
      <object_component id="oc-b9">
         <name>.debug_info</name>
         <load_address>0x3789</load_address>
         <run_address>0x3789</run_address>
         <size>0x146</size>
         <input_file_ref idref="fl-146"/>
      </object_component>
      <object_component id="oc-bd">
         <name>.debug_info</name>
         <load_address>0x38cf</load_address>
         <run_address>0x38cf</run_address>
         <size>0x2c</size>
         <input_file_ref idref="fl-142"/>
      </object_component>
      <object_component id="oc-c4">
         <name>.debug_info</name>
         <load_address>0x38fb</load_address>
         <run_address>0x38fb</run_address>
         <size>0x2c</size>
         <input_file_ref idref="fl-3"/>
      </object_component>
      <object_component id="oc-d0">
         <name>.debug_info</name>
         <load_address>0x3927</load_address>
         <run_address>0x3927</run_address>
         <size>0x2c</size>
         <input_file_ref idref="fl-148"/>
      </object_component>
      <object_component id="oc-d5">
         <name>.debug_info</name>
         <load_address>0x3953</load_address>
         <run_address>0x3953</run_address>
         <size>0x62</size>
         <input_file_ref idref="fl-148"/>
      </object_component>
      <object_component id="oc-db">
         <name>.debug_info</name>
         <load_address>0x39b5</load_address>
         <run_address>0x39b5</run_address>
         <size>0x18b</size>
         <input_file_ref idref="fl-11"/>
      </object_component>
      <object_component id="oc-e0">
         <name>.debug_info</name>
         <load_address>0x3b40</load_address>
         <run_address>0x3b40</run_address>
         <size>0x226</size>
         <input_file_ref idref="fl-13"/>
      </object_component>
      <object_component id="oc-e2">
         <name>.debug_info</name>
         <load_address>0x3d66</load_address>
         <run_address>0x3d66</run_address>
         <size>0x1cf</size>
         <input_file_ref idref="fl-12"/>
      </object_component>
      <object_component id="oc-e4">
         <name>.debug_info</name>
         <load_address>0x3f35</load_address>
         <run_address>0x3f35</run_address>
         <size>0xff</size>
         <input_file_ref idref="fl-13"/>
      </object_component>
      <object_component id="oc-e8">
         <name>.debug_info</name>
         <load_address>0x4034</load_address>
         <run_address>0x4034</run_address>
         <size>0x176</size>
         <input_file_ref idref="fl-16"/>
      </object_component>
      <object_component id="oc-ed">
         <name>.debug_info</name>
         <load_address>0x41aa</load_address>
         <run_address>0x41aa</run_address>
         <size>0x90</size>
         <input_file_ref idref="fl-11"/>
      </object_component>
      <object_component id="oc-f4">
         <name>.debug_info</name>
         <load_address>0x423a</load_address>
         <run_address>0x423a</run_address>
         <size>0x1c2</size>
         <input_file_ref idref="fl-14"/>
      </object_component>
      <object_component id="oc-f6">
         <name>.debug_info</name>
         <load_address>0x43fc</load_address>
         <run_address>0x43fc</run_address>
         <size>0x1ba</size>
         <input_file_ref idref="fl-14"/>
      </object_component>
      <object_component id="oc-fd">
         <name>.debug_info</name>
         <load_address>0x45b6</load_address>
         <run_address>0x45b6</run_address>
         <size>0x2e9</size>
         <input_file_ref idref="fl-6"/>
      </object_component>
      <object_component id="oc-fe">
         <name>.debug_info</name>
         <load_address>0x489f</load_address>
         <run_address>0x489f</run_address>
         <size>0x2c</size>
         <input_file_ref idref="fl-3"/>
      </object_component>
      <object_component id="oc-104">
         <name>.debug_info</name>
         <load_address>0x48cb</load_address>
         <run_address>0x48cb</run_address>
         <size>0x148</size>
         <input_file_ref idref="fl-156"/>
      </object_component>
      <object_component id="oc-107">
         <name>.debug_info</name>
         <load_address>0x4a13</load_address>
         <run_address>0x4a13</run_address>
         <size>0xfc</size>
         <input_file_ref idref="fl-149"/>
      </object_component>
      <object_component id="oc-10a">
         <name>.debug_info</name>
         <load_address>0x4b0f</load_address>
         <run_address>0x4b0f</run_address>
         <size>0x187</size>
         <input_file_ref idref="fl-a"/>
      </object_component>
      <object_component id="oc-10f">
         <name>.debug_info</name>
         <load_address>0x4c96</load_address>
         <run_address>0x4c96</run_address>
         <size>0x384</size>
         <input_file_ref idref="fl-8"/>
      </object_component>
      <object_component id="oc-114">
         <name>.debug_info</name>
         <load_address>0x501a</load_address>
         <run_address>0x501a</run_address>
         <size>0x746</size>
         <input_file_ref idref="fl-4"/>
      </object_component>
      <object_component id="oc-119">
         <name>.debug_info</name>
         <load_address>0x5760</load_address>
         <run_address>0x5760</run_address>
         <size>0x153</size>
         <input_file_ref idref="fl-14f"/>
      </object_component>
      <object_component id="oc-11e">
         <name>.debug_info</name>
         <load_address>0x58b3</load_address>
         <run_address>0x58b3</run_address>
         <size>0x8c0</size>
         <input_file_ref idref="fl-7"/>
      </object_component>
      <object_component id="oc-123">
         <name>.debug_info</name>
         <load_address>0x6173</load_address>
         <run_address>0x6173</run_address>
         <size>0x107</size>
         <input_file_ref idref="fl-3"/>
      </object_component>
      <object_component id="oc-125">
         <name>.debug_info</name>
         <load_address>0x627a</load_address>
         <run_address>0x627a</run_address>
         <size>0x3ad</size>
         <input_file_ref idref="fl-3"/>
      </object_component>
      <object_component id="oc-128">
         <name>.debug_info</name>
         <load_address>0x6627</load_address>
         <run_address>0x6627</run_address>
         <size>0x5e</size>
         <input_file_ref idref="fl-154"/>
      </object_component>
      <object_component id="oc-12e">
         <name>.debug_info</name>
         <load_address>0x6685</load_address>
         <run_address>0x6685</run_address>
         <size>0x1d4</size>
         <input_file_ref idref="fl-152"/>
      </object_component>
      <object_component id="oc-134">
         <name>.debug_info</name>
         <load_address>0x6859</load_address>
         <run_address>0x6859</run_address>
         <size>0xd9</size>
         <input_file_ref idref="fl-152"/>
      </object_component>
      <object_component id="oc-13b">
         <name>.debug_info</name>
         <load_address>0x6932</load_address>
         <run_address>0x6932</run_address>
         <size>0x5f</size>
         <input_file_ref idref="fl-13"/>
      </object_component>
      <object_component id="oc-14b">
         <name>.debug_info</name>
         <load_address>0x6991</load_address>
         <run_address>0x6991</run_address>
         <size>0x18b</size>
         <input_file_ref idref="fl-3"/>
      </object_component>
      <object_component id="oc-152">
         <name>.debug_info</name>
         <load_address>0x6b1c</load_address>
         <run_address>0x6b1c</run_address>
         <size>0xcd</size>
         <input_file_ref idref="fl-156"/>
      </object_component>
      <object_component id="oc-159">
         <name>.debug_info</name>
         <load_address>0x6be9</load_address>
         <run_address>0x6be9</run_address>
         <size>0x2d4</size>
         <input_file_ref idref="fl-13"/>
      </object_component>
      <object_component id="oc-15e">
         <name>.debug_info</name>
         <load_address>0x6ebd</load_address>
         <run_address>0x6ebd</run_address>
         <size>0xdf</size>
         <input_file_ref idref="fl-a"/>
      </object_component>
      <object_component id="oc-161">
         <name>.debug_info</name>
         <load_address>0x6f9c</load_address>
         <run_address>0x6f9c</run_address>
         <size>0x6a7</size>
         <input_file_ref idref="fl-5"/>
      </object_component>
      <object_component id="oc-166">
         <name>.debug_info</name>
         <load_address>0x7643</load_address>
         <run_address>0x7643</run_address>
         <size>0x169</size>
         <input_file_ref idref="fl-14e"/>
      </object_component>
      <object_component id="oc-16b">
         <name>.debug_info</name>
         <load_address>0x77ac</load_address>
         <run_address>0x77ac</run_address>
         <size>0xee</size>
         <input_file_ref idref="fl-8"/>
      </object_component>
      <object_component id="oc-16d">
         <name>.debug_info</name>
         <load_address>0x789a</load_address>
         <run_address>0x789a</run_address>
         <size>0xab</size>
         <input_file_ref idref="fl-3"/>
      </object_component>
      <object_component id="oc-172">
         <name>.debug_info</name>
         <load_address>0x7945</load_address>
         <run_address>0x7945</run_address>
         <size>0x1fe</size>
         <input_file_ref idref="fl-8"/>
      </object_component>
      <object_component id="oc-174">
         <name>.debug_info</name>
         <load_address>0x7b43</load_address>
         <run_address>0x7b43</run_address>
         <size>0x1cc</size>
         <input_file_ref idref="fl-9"/>
      </object_component>
      <object_component id="oc-179">
         <name>.debug_info</name>
         <load_address>0x7d0f</load_address>
         <run_address>0x7d0f</run_address>
         <size>0x2b5</size>
         <input_file_ref idref="fl-14a"/>
      </object_component>
      <object_component id="oc-17e">
         <name>.debug_info</name>
         <load_address>0x7fc4</load_address>
         <run_address>0x7fc4</run_address>
         <size>0x17e</size>
         <input_file_ref idref="fl-14d"/>
      </object_component>
      <object_component id="oc-184">
         <name>.debug_info</name>
         <load_address>0x8142</load_address>
         <run_address>0x8142</run_address>
         <size>0x17b</size>
         <input_file_ref idref="fl-150"/>
      </object_component>
      <object_component id="oc-189">
         <name>.debug_info</name>
         <load_address>0x82bd</load_address>
         <run_address>0x82bd</run_address>
         <size>0x2db</size>
         <input_file_ref idref="fl-4"/>
      </object_component>
      <object_component id="oc-18b">
         <name>.debug_info</name>
         <load_address>0x8598</load_address>
         <run_address>0x8598</run_address>
         <size>0x9f</size>
         <input_file_ref idref="fl-14f"/>
      </object_component>
      <object_component id="oc-18d">
         <name>.debug_info</name>
         <load_address>0x8637</load_address>
         <run_address>0x8637</run_address>
         <size>0xfe</size>
         <input_file_ref idref="fl-151"/>
      </object_component>
      <object_component id="oc-192">
         <name>.debug_info</name>
         <load_address>0x8735</load_address>
         <run_address>0x8735</run_address>
         <size>0x855</size>
         <input_file_ref idref="fl-148"/>
      </object_component>
      <object_component id="oc-197">
         <name>.debug_info</name>
         <load_address>0x8f8a</load_address>
         <run_address>0x8f8a</run_address>
         <size>0x189</size>
         <input_file_ref idref="fl-14c"/>
      </object_component>
      <object_component id="oc-19f">
         <name>.debug_info</name>
         <load_address>0x9113</load_address>
         <run_address>0x9113</run_address>
         <size>0x126</size>
         <input_file_ref idref="fl-140"/>
      </object_component>
      <object_component id="oc-1a1">
         <name>.debug_info</name>
         <load_address>0x9239</load_address>
         <run_address>0x9239</run_address>
         <size>0x2d9</size>
         <input_file_ref idref="fl-7"/>
      </object_component>
      <object_component id="oc-1ad">
         <name>.debug_info</name>
         <load_address>0x9512</load_address>
         <run_address>0x9512</run_address>
         <size>0x14c</size>
         <input_file_ref idref="fl-a"/>
      </object_component>
      <object_component id="oc-1af">
         <name>.debug_info</name>
         <load_address>0x965e</load_address>
         <run_address>0x965e</run_address>
         <size>0x1e4</size>
         <input_file_ref idref="fl-15"/>
      </object_component>
      <object_component id="oc-1b4">
         <name>.debug_info</name>
         <load_address>0x9842</load_address>
         <run_address>0x9842</run_address>
         <size>0x1df</size>
         <input_file_ref idref="fl-15"/>
      </object_component>
      <object_component id="oc-1ba">
         <name>.debug_info</name>
         <load_address>0x9a21</load_address>
         <run_address>0x9a21</run_address>
         <size>0x28a</size>
         <input_file_ref idref="fl-11"/>
      </object_component>
      <object_component id="oc-1bf">
         <name>.debug_info</name>
         <load_address>0x9cab</load_address>
         <run_address>0x9cab</run_address>
         <size>0x1b3</size>
         <input_file_ref idref="fl-11"/>
      </object_component>
      <object_component id="oc-1c4">
         <name>.debug_info</name>
         <load_address>0x9e5e</load_address>
         <run_address>0x9e5e</run_address>
         <size>0x1ab</size>
         <input_file_ref idref="fl-11"/>
      </object_component>
      <object_component id="oc-1c9">
         <name>.debug_info</name>
         <load_address>0xa009</load_address>
         <run_address>0xa009</run_address>
         <size>0x1b7</size>
         <input_file_ref idref="fl-11"/>
      </object_component>
      <object_component id="oc-1cd">
         <name>.debug_info</name>
         <load_address>0xa1c0</load_address>
         <run_address>0xa1c0</run_address>
         <size>0x237</size>
         <input_file_ref idref="fl-11"/>
      </object_component>
      <object_component id="oc-1d5">
         <name>.debug_info</name>
         <load_address>0xa3f7</load_address>
         <run_address>0xa3f7</run_address>
         <size>0x1b7</size>
         <input_file_ref idref="fl-11"/>
      </object_component>
      <object_component id="oc-1d7">
         <name>.debug_info</name>
         <load_address>0xa5ae</load_address>
         <run_address>0xa5ae</run_address>
         <size>0x25d</size>
         <input_file_ref idref="fl-11"/>
      </object_component>
      <object_component id="oc-1dc">
         <name>.debug_info</name>
         <load_address>0xa80b</load_address>
         <run_address>0xa80b</run_address>
         <size>0x2e6</size>
         <input_file_ref idref="fl-5"/>
      </object_component>
      <object_component id="oc-1de">
         <name>.debug_info</name>
         <load_address>0xaaf1</load_address>
         <run_address>0xaaf1</run_address>
         <size>0xaa</size>
         <input_file_ref idref="fl-14e"/>
      </object_component>
      <object_component id="oc-1e4">
         <name>.debug_info</name>
         <load_address>0xab9b</load_address>
         <run_address>0xab9b</run_address>
         <size>0x120</size>
         <input_file_ref idref="fl-9"/>
      </object_component>
      <object_component id="oc-1e7">
         <name>.debug_info</name>
         <load_address>0xacbb</load_address>
         <run_address>0xacbb</run_address>
         <size>0x12a0</size>
         <input_file_ref idref="fl-153"/>
      </object_component>
      <object_component id="oc-1ec">
         <name>.debug_info</name>
         <load_address>0xbf5b</load_address>
         <run_address>0xbf5b</run_address>
         <size>0x170</size>
         <input_file_ref idref="fl-14a"/>
      </object_component>
      <object_component id="oc-1ed">
         <name>.debug_info</name>
         <load_address>0xc0cb</load_address>
         <run_address>0xc0cb</run_address>
         <size>0x4e</size>
         <input_file_ref idref="fl-3"/>
      </object_component>
      <object_component id="oc-1f3">
         <name>.debug_info</name>
         <load_address>0xc119</load_address>
         <run_address>0xc119</run_address>
         <size>0x9a</size>
         <input_file_ref idref="fl-14d"/>
      </object_component>
      <object_component id="oc-1f5">
         <name>.debug_info</name>
         <load_address>0xc1b3</load_address>
         <run_address>0xc1b3</run_address>
         <size>0xa5</size>
         <input_file_ref idref="fl-150"/>
      </object_component>
      <object_component id="oc-1fb">
         <name>.debug_info</name>
         <load_address>0xc258</load_address>
         <run_address>0xc258</run_address>
         <size>0xaf</size>
         <input_file_ref idref="fl-145"/>
      </object_component>
      <object_component id="oc-1fd">
         <name>.debug_info</name>
         <load_address>0xc307</load_address>
         <run_address>0xc307</run_address>
         <size>0xc2</size>
         <input_file_ref idref="fl-151"/>
      </object_component>
      <object_component id="oc-1ff">
         <name>.debug_info</name>
         <load_address>0xc3c9</load_address>
         <run_address>0xc3c9</run_address>
         <size>0x101</size>
         <input_file_ref idref="fl-148"/>
      </object_component>
      <object_component id="oc-202">
         <name>.debug_info</name>
         <load_address>0xc4ca</load_address>
         <run_address>0xc4ca</run_address>
         <size>0xaa</size>
         <input_file_ref idref="fl-14c"/>
      </object_component>
      <object_component id="oc-204">
         <name>.debug_info</name>
         <load_address>0xc574</load_address>
         <run_address>0xc574</run_address>
         <size>0xc5</size>
         <input_file_ref idref="fl-140"/>
      </object_component>
      <object_component id="oc-20a">
         <name>.debug_info</name>
         <load_address>0xc639</load_address>
         <run_address>0xc639</run_address>
         <size>0x10d</size>
         <input_file_ref idref="fl-15"/>
      </object_component>
      <object_component id="oc-20c">
         <name>.debug_info</name>
         <load_address>0xc746</load_address>
         <run_address>0xc746</run_address>
         <size>0x1d7</size>
         <input_file_ref idref="fl-15"/>
      </object_component>
      <object_component id="oc-20e">
         <name>.debug_info</name>
         <load_address>0xc91d</load_address>
         <run_address>0xc91d</run_address>
         <size>0x217</size>
         <input_file_ref idref="fl-15"/>
      </object_component>
      <object_component id="oc-213">
         <name>.debug_info</name>
         <load_address>0xcb34</load_address>
         <run_address>0xcb34</run_address>
         <size>0x312</size>
         <input_file_ref idref="fl-15"/>
      </object_component>
      <object_component id="oc-21a">
         <name>.debug_info</name>
         <load_address>0xce46</load_address>
         <run_address>0xce46</run_address>
         <size>0x233</size>
         <input_file_ref idref="fl-11"/>
      </object_component>
      <object_component id="oc-21e">
         <name>.debug_info</name>
         <load_address>0xd079</load_address>
         <run_address>0xd079</run_address>
         <size>0x1ce</size>
         <input_file_ref idref="fl-11"/>
      </object_component>
      <object_component id="oc-22d">
         <name>.debug_info</name>
         <load_address>0xd247</load_address>
         <run_address>0xd247</run_address>
         <size>0x13a</size>
         <input_file_ref idref="fl-160"/>
      </object_component>
      <object_component id="oc-230">
         <name>.debug_info</name>
         <load_address>0xd381</load_address>
         <run_address>0xd381</run_address>
         <size>0xd5</size>
         <input_file_ref idref="fl-15d"/>
      </object_component>
      <object_component id="oc-234">
         <name>.debug_info</name>
         <load_address>0xd456</load_address>
         <run_address>0xd456</run_address>
         <size>0xdb</size>
         <input_file_ref idref="fl-158"/>
      </object_component>
      <object_component id="oc-238">
         <name>.debug_info</name>
         <load_address>0xd531</load_address>
         <run_address>0xd531</run_address>
         <size>0xed</size>
         <input_file_ref idref="fl-15a"/>
      </object_component>
      <object_component id="oc-23c">
         <name>.debug_info</name>
         <load_address>0xd61e</load_address>
         <run_address>0xd61e</run_address>
         <size>0xed</size>
         <input_file_ref idref="fl-159"/>
      </object_component>
      <object_component id="oc-240">
         <name>.debug_info</name>
         <load_address>0xd70b</load_address>
         <run_address>0xd70b</run_address>
         <size>0xdd</size>
         <input_file_ref idref="fl-158"/>
      </object_component>
      <object_component id="oc-244">
         <name>.debug_info</name>
         <load_address>0xd7e8</load_address>
         <run_address>0xd7e8</run_address>
         <size>0xe1</size>
         <input_file_ref idref="fl-15b"/>
      </object_component>
      <object_component id="oc-248">
         <name>.debug_info</name>
         <load_address>0xd8c9</load_address>
         <run_address>0xd8c9</run_address>
         <size>0x177</size>
         <input_file_ref idref="fl-15e"/>
      </object_component>
      <object_component id="oc-24d">
         <name>.debug_info</name>
         <load_address>0xda40</load_address>
         <run_address>0xda40</run_address>
         <size>0xdf</size>
         <input_file_ref idref="fl-15c"/>
      </object_component>
      <object_component id="oc-252">
         <name>.debug_info</name>
         <load_address>0xdb1f</load_address>
         <run_address>0xdb1f</run_address>
         <size>0xff</size>
         <input_file_ref idref="fl-157"/>
      </object_component>
      <object_component id="oc-255">
         <name>.debug_info</name>
         <load_address>0xdc1e</load_address>
         <run_address>0xdc1e</run_address>
         <size>0x111</size>
         <input_file_ref idref="fl-161"/>
      </object_component>
      <object_component id="oc-25b">
         <name>.debug_info</name>
         <load_address>0xdd2f</load_address>
         <run_address>0xdd2f</run_address>
         <size>0x160</size>
         <input_file_ref idref="fl-15f"/>
      </object_component>
      <object_component id="oc-25f">
         <name>.debug_info</name>
         <load_address>0xde8f</load_address>
         <run_address>0xde8f</run_address>
         <size>0x26b</size>
         <input_file_ref idref="fl-153"/>
      </object_component>
      <object_component id="oc-260">
         <name>.debug_info</name>
         <load_address>0xe0fa</load_address>
         <run_address>0xe0fa</run_address>
         <size>0x86</size>
         <input_file_ref idref="fl-153"/>
      </object_component>
      <object_component id="oc-265">
         <name>.debug_info</name>
         <load_address>0xe180</load_address>
         <run_address>0xe180</run_address>
         <size>0x39</size>
         <input_file_ref idref="fl-153"/>
      </object_component>
      <object_component id="oc-26c">
         <name>.debug_info</name>
         <load_address>0xe1b9</load_address>
         <run_address>0xe1b9</run_address>
         <size>0x2c</size>
         <input_file_ref idref="fl-14a"/>
      </object_component>
      <object_component id="oc-277">
         <name>.debug_info</name>
         <load_address>0xe1e5</load_address>
         <run_address>0xe1e5</run_address>
         <size>0xa3</size>
         <input_file_ref idref="fl-145"/>
      </object_component>
      <object_component id="oc-291">
         <name>.debug_info</name>
         <load_address>0xe288</load_address>
         <run_address>0xe288</run_address>
         <size>0x101</size>
         <input_file_ref idref="fl-15e"/>
      </object_component>
      <object_component id="oc-295">
         <name>.debug_info</name>
         <load_address>0xe389</load_address>
         <run_address>0xe389</run_address>
         <size>0x10f</size>
         <input_file_ref idref="fl-162"/>
      </object_component>
      <object_component id="oc-29b">
         <name>.debug_info</name>
         <load_address>0xe498</load_address>
         <run_address>0xe498</run_address>
         <size>0xa6</size>
         <input_file_ref idref="fl-15f"/>
      </object_component>
      <object_component id="oc-29e">
         <name>.debug_info</name>
         <load_address>0xe53e</load_address>
         <run_address>0xe53e</run_address>
         <size>0x46</size>
         <input_file_ref idref="fl-153"/>
      </object_component>
      <object_component id="oc-2a8">
         <name>.debug_info</name>
         <load_address>0xe584</load_address>
         <run_address>0xe584</run_address>
         <size>0x9a</size>
         <input_file_ref idref="fl-162"/>
      </object_component>
      <object_component id="oc-2cc">
         <name>.debug_info</name>
         <load_address>0xe61e</load_address>
         <run_address>0xe61e</run_address>
         <size>0xc2</size>
      </object_component>
      <object_component id="oc-11">
         <name>.debug_aranges</name>
         <load_address>0x0</load_address>
         <run_address>0x0</run_address>
         <size>0x20</size>
         <input_file_ref idref="fl-141"/>
      </object_component>
      <object_component id="oc-18">
         <name>.debug_aranges</name>
         <load_address>0x20</load_address>
         <run_address>0x20</run_address>
         <size>0x20</size>
         <input_file_ref idref="fl-142"/>
      </object_component>
      <object_component id="oc-22">
         <name>.debug_aranges</name>
         <load_address>0x40</load_address>
         <run_address>0x40</run_address>
         <size>0x20</size>
         <input_file_ref idref="fl-143"/>
      </object_component>
      <object_component id="oc-2a">
         <name>.debug_aranges</name>
         <load_address>0x60</load_address>
         <run_address>0x60</run_address>
         <size>0x38</size>
         <input_file_ref idref="fl-2"/>
      </object_component>
      <object_component id="oc-2f">
         <name>.debug_aranges</name>
         <load_address>0x98</load_address>
         <run_address>0x98</run_address>
         <size>0x30</size>
         <input_file_ref idref="fl-6"/>
      </object_component>
      <object_component id="oc-36">
         <name>.debug_aranges</name>
         <load_address>0xc8</load_address>
         <run_address>0xc8</run_address>
         <size>0x28</size>
         <input_file_ref idref="fl-155"/>
      </object_component>
      <object_component id="oc-3b">
         <name>.debug_aranges</name>
         <load_address>0xf0</load_address>
         <run_address>0xf0</run_address>
         <size>0x20</size>
         <input_file_ref idref="fl-154"/>
      </object_component>
      <object_component id="oc-3d">
         <name>.debug_aranges</name>
         <load_address>0x110</load_address>
         <run_address>0x110</run_address>
         <size>0x30</size>
         <input_file_ref idref="fl-146"/>
      </object_component>
      <object_component id="oc-47">
         <name>.debug_aranges</name>
         <load_address>0x140</load_address>
         <run_address>0x140</run_address>
         <size>0x20</size>
         <input_file_ref idref="fl-147"/>
      </object_component>
      <object_component id="oc-5a">
         <name>.debug_aranges</name>
         <load_address>0x160</load_address>
         <run_address>0x160</run_address>
         <size>0x20</size>
         <input_file_ref idref="fl-143"/>
      </object_component>
      <object_component id="oc-6a">
         <name>.debug_aranges</name>
         <load_address>0x180</load_address>
         <run_address>0x180</run_address>
         <size>0x20</size>
         <input_file_ref idref="fl-13"/>
      </object_component>
      <object_component id="oc-6f">
         <name>.debug_aranges</name>
         <load_address>0x1a0</load_address>
         <run_address>0x1a0</run_address>
         <size>0x20</size>
         <input_file_ref idref="fl-12"/>
      </object_component>
      <object_component id="oc-74">
         <name>.debug_aranges</name>
         <load_address>0x1c0</load_address>
         <run_address>0x1c0</run_address>
         <size>0x20</size>
         <input_file_ref idref="fl-13"/>
      </object_component>
      <object_component id="oc-79">
         <name>.debug_aranges</name>
         <load_address>0x1e0</load_address>
         <run_address>0x1e0</run_address>
         <size>0x20</size>
         <input_file_ref idref="fl-12"/>
      </object_component>
      <object_component id="oc-7e">
         <name>.debug_aranges</name>
         <load_address>0x200</load_address>
         <run_address>0x200</run_address>
         <size>0x20</size>
         <input_file_ref idref="fl-14"/>
      </object_component>
      <object_component id="oc-83">
         <name>.debug_aranges</name>
         <load_address>0x220</load_address>
         <run_address>0x220</run_address>
         <size>0x20</size>
         <input_file_ref idref="fl-12"/>
      </object_component>
      <object_component id="oc-88">
         <name>.debug_aranges</name>
         <load_address>0x240</load_address>
         <run_address>0x240</run_address>
         <size>0x20</size>
         <input_file_ref idref="fl-14"/>
      </object_component>
      <object_component id="oc-8d">
         <name>.debug_aranges</name>
         <load_address>0x260</load_address>
         <run_address>0x260</run_address>
         <size>0x20</size>
         <input_file_ref idref="fl-12"/>
      </object_component>
      <object_component id="oc-92">
         <name>.debug_aranges</name>
         <load_address>0x280</load_address>
         <run_address>0x280</run_address>
         <size>0x20</size>
         <input_file_ref idref="fl-12"/>
      </object_component>
      <object_component id="oc-97">
         <name>.debug_aranges</name>
         <load_address>0x2a0</load_address>
         <run_address>0x2a0</run_address>
         <size>0x20</size>
         <input_file_ref idref="fl-14"/>
      </object_component>
      <object_component id="oc-9c">
         <name>.debug_aranges</name>
         <load_address>0x2c0</load_address>
         <run_address>0x2c0</run_address>
         <size>0x20</size>
         <input_file_ref idref="fl-12"/>
      </object_component>
      <object_component id="oc-ab">
         <name>.debug_aranges</name>
         <load_address>0x2e0</load_address>
         <run_address>0x2e0</run_address>
         <size>0x20</size>
         <input_file_ref idref="fl-156"/>
      </object_component>
      <object_component id="oc-b1">
         <name>.debug_aranges</name>
         <load_address>0x300</load_address>
         <run_address>0x300</run_address>
         <size>0x20</size>
         <input_file_ref idref="fl-3"/>
      </object_component>
      <object_component id="oc-eb">
         <name>.debug_aranges</name>
         <load_address>0x320</load_address>
         <run_address>0x320</run_address>
         <size>0x20</size>
         <input_file_ref idref="fl-16"/>
      </object_component>
      <object_component id="oc-108">
         <name>.debug_aranges</name>
         <load_address>0x340</load_address>
         <run_address>0x340</run_address>
         <size>0x28</size>
         <input_file_ref idref="fl-149"/>
      </object_component>
      <object_component id="oc-10d">
         <name>.debug_aranges</name>
         <load_address>0x368</load_address>
         <run_address>0x368</run_address>
         <size>0x20</size>
         <input_file_ref idref="fl-a"/>
      </object_component>
      <object_component id="oc-112">
         <name>.debug_aranges</name>
         <load_address>0x388</load_address>
         <run_address>0x388</run_address>
         <size>0x30</size>
         <input_file_ref idref="fl-8"/>
      </object_component>
      <object_component id="oc-117">
         <name>.debug_aranges</name>
         <load_address>0x3b8</load_address>
         <run_address>0x3b8</run_address>
         <size>0x48</size>
         <input_file_ref idref="fl-4"/>
      </object_component>
      <object_component id="oc-11c">
         <name>.debug_aranges</name>
         <load_address>0x400</load_address>
         <run_address>0x400</run_address>
         <size>0x20</size>
         <input_file_ref idref="fl-14f"/>
      </object_component>
      <object_component id="oc-121">
         <name>.debug_aranges</name>
         <load_address>0x420</load_address>
         <run_address>0x420</run_address>
         <size>0x48</size>
         <input_file_ref idref="fl-7"/>
      </object_component>
      <object_component id="oc-131">
         <name>.debug_aranges</name>
         <load_address>0x468</load_address>
         <run_address>0x468</run_address>
         <size>0x30</size>
         <input_file_ref idref="fl-152"/>
      </object_component>
      <object_component id="oc-15c">
         <name>.debug_aranges</name>
         <load_address>0x498</load_address>
         <run_address>0x498</run_address>
         <size>0x20</size>
         <input_file_ref idref="fl-13"/>
      </object_component>
      <object_component id="oc-164">
         <name>.debug_aranges</name>
         <load_address>0x4b8</load_address>
         <run_address>0x4b8</run_address>
         <size>0x48</size>
         <input_file_ref idref="fl-5"/>
      </object_component>
      <object_component id="oc-169">
         <name>.debug_aranges</name>
         <load_address>0x500</load_address>
         <run_address>0x500</run_address>
         <size>0x20</size>
         <input_file_ref idref="fl-14e"/>
      </object_component>
      <object_component id="oc-177">
         <name>.debug_aranges</name>
         <load_address>0x520</load_address>
         <run_address>0x520</run_address>
         <size>0x28</size>
         <input_file_ref idref="fl-9"/>
      </object_component>
      <object_component id="oc-17c">
         <name>.debug_aranges</name>
         <load_address>0x548</load_address>
         <run_address>0x548</run_address>
         <size>0x30</size>
         <input_file_ref idref="fl-14a"/>
      </object_component>
      <object_component id="oc-181">
         <name>.debug_aranges</name>
         <load_address>0x578</load_address>
         <run_address>0x578</run_address>
         <size>0x20</size>
         <input_file_ref idref="fl-14d"/>
      </object_component>
      <object_component id="oc-185">
         <name>.debug_aranges</name>
         <load_address>0x598</load_address>
         <run_address>0x598</run_address>
         <size>0x20</size>
         <input_file_ref idref="fl-150"/>
      </object_component>
      <object_component id="oc-190">
         <name>.debug_aranges</name>
         <load_address>0x5b8</load_address>
         <run_address>0x5b8</run_address>
         <size>0x20</size>
         <input_file_ref idref="fl-151"/>
      </object_component>
      <object_component id="oc-195">
         <name>.debug_aranges</name>
         <load_address>0x5d8</load_address>
         <run_address>0x5d8</run_address>
         <size>0x58</size>
         <input_file_ref idref="fl-148"/>
      </object_component>
      <object_component id="oc-19a">
         <name>.debug_aranges</name>
         <load_address>0x630</load_address>
         <run_address>0x630</run_address>
         <size>0x20</size>
         <input_file_ref idref="fl-14c"/>
      </object_component>
      <object_component id="oc-19c">
         <name>.debug_aranges</name>
         <load_address>0x650</load_address>
         <run_address>0x650</run_address>
         <size>0x20</size>
         <input_file_ref idref="fl-140"/>
      </object_component>
      <object_component id="oc-1b2">
         <name>.debug_aranges</name>
         <load_address>0x670</load_address>
         <run_address>0x670</run_address>
         <size>0x20</size>
         <input_file_ref idref="fl-15"/>
      </object_component>
[...]
         <value>0x3508</value>
      </symbol>
      <symbol id="sm-5">
         <name>__TI_Handler_Table_Limit</name>
         <value>0x3510</value>
      </symbol>
      <symbol id="sm-6">
         <name>binit</name>
         <value>0xffffffff</value>
      </symbol>
      <symbol id="sm-7">
         <name>__binit__</name>
         <value>0xffffffff</value>
      </symbol>
      <symbol id="sm-8">
         <name>__STACK_SIZE</name>
         <value>0x1600</value>
      </symbol>
      <symbol id="sm-9">
         <name>__STACK_END</name>
         <value>0x20001600</value>
      </symbol>
      <symbol id="sm-a">
         <name>__SYSMEM_SIZE</name>
         <value>0x800</value>
      </symbol>
      <symbol id="sm-b">
         <name>__c_args__</name>
         <value>0xffffffff</value>
      </symbol>
      <symbol id="sm-3c">
         <name>ResetISR</name>
         <value>0x320d</value>
         <object_component_ref idref="oc-26"/>
      </symbol>
      <symbol id="sm-3d">
         <name>g_pfnVectors</name>
         <value>0x0</value>
         <object_component_ref idref="oc-e"/>
      </symbol>
      <symbol id="sm-85">
         <name>main</name>
         <value>0x19e9</value>
         <object_component_ref idref="oc-ad"/>
      </symbol>
      <symbol id="sm-b3">
         <name>MessageDone</name>
         <value>0x1d1b</value>
         <object_component_ref idref="oc-113"/>
      </symbol>
      <symbol id="sm-b4">
         <name>XBee_ATCommand</name>
         <value>0x1bfb</value>
         <object_component_ref idref="oc-113"/>
      </symbol>
      <symbol id="sm-b5">
         <name>XBee_Initialize</name>
         <value>0x1bcd</value>
         <object_component_ref idref="oc-113"/>
      </symbol>
      <symbol id="sm-b6">
         <name>ATCmdModeEnter</name>
         <value>0x1c9f</value>
         <object_component_ref idref="oc-113"/>
      </symbol>
      <symbol id="sm-b7">
         <name>ATCmdModeExit</name>
         <value>0x1cdd</value>
         <object_component_ref idref="oc-113"/>
      </symbol>
      <symbol id="sm-b8">
         <name>XBee_SendMsg</name>
         <value>0x1be7</value>
         <object_component_ref idref="oc-113"/>
      </symbol>
      <symbol id="sm-da">
         <name>UART_PC_Receive</name>
         <value>0x1fa1</value>
         <object_component_ref idref="oc-160"/>
      </symbol>
      <symbol id="sm-db">
         <name>UART_Wireless_Send</name>
         <value>0x208d</value>
         <object_component_ref idref="oc-160"/>
      </symbol>
      <symbol id="sm-dc">
         <name>UART_PC_Send</name>
         <value>0x1fd9</value>
         <object_component_ref idref="oc-160"/>
      </symbol>
      <symbol id="sm-dd">
         <name>UART_Wireless_Initialize</name>
         <value>0x2011</value>
         <object_component_ref idref="oc-160"/>
      </symbol>
      <symbol id="sm-de">
         <name>UART_Wireless_Receive</name>
         <value>0x2055</value>
         <object_component_ref idref="oc-160"/>
      </symbol>
      <symbol id="sm-df">
         <name>UART_PC_Initialize</name>
         <value>0x1f59</value>
         <object_component_ref idref="oc-160"/>
      </symbol>
      <symbol id="sm-101">
         <name>TimerInitialize</name>
         <value>0x267d</value>
         <object_component_ref idref="oc-2b"/>
      </symbol>
      <symbol id="sm-102">
         <name>Timer0BIntHandler</name>
         <value>0x26a9</value>
         <object_component_ref idref="oc-2b"/>
      </symbol>
      <symbol id="sm-103">
         <name>BlockingDelay</name>
         <value>0x26eb</value>
         <object_component_ref idref="oc-2b"/>
      </symbol>
      <symbol id="sm-13c">
         <name>ExtractSerialName</name>
         <value>0x16a5</value>
         <object_component_ref idref="oc-11d"/>
      </symbol>
      <symbol id="sm-13d">
         <name>DataParse</name>
         <value>0x14c5</value>
         <object_component_ref idref="oc-11d"/>
      </symbol>
      <symbol id="sm-13e">
         <name>CharacterCompare</name>
         <value>0x1669</value>
         <object_component_ref idref="oc-11d"/>
      </symbol>
      <symbol id="sm-13f">
         <name>Tokenize</name>
         <value>0x15eb</value>
         <object_component_ref idref="oc-11d"/>
      </symbol>
      <symbol id="sm-140">
         <name>NumDetect</name>
         <value>0x17a1</value>
         <object_component_ref idref="oc-11d"/>
      </symbol>
      <symbol id="sm-141">
         <name>ExtractDataString</name>
         <value>0x1583</value>
         <object_component_ref idref="oc-11d"/>
      </symbol>
      <symbol id="sm-168">
         <name>CMDCodes</name>
         <value>0x20001e00</value>
         <object_component_ref idref="oc-16a"/>
      </symbol>
      <symbol id="sm-169">
         <name>PC_CMDInit</name>
         <value>0x234d</value>
         <object_component_ref idref="oc-10e"/>
      </symbol>
      <symbol id="sm-16a">
         <name>PC_GetCommand</name>
         <value>0x239f</value>
         <object_component_ref idref="oc-10e"/>
      </symbol>
      <symbol id="sm-16b">
         <name>PC_SendMsg</name>
         <value>0x240b</value>
         <object_component_ref idref="oc-10e"/>
      </symbol>
      <symbol id="sm-181">
         <name>GPIO_PinInit_Error</name>
         <value>0x20001e60</value>
         <object_component_ref idref="oc-1e3"/>
      </symbol>
      <symbol id="sm-182">
         <name>GPIO_Pin_Initialize</name>
         <value>0x3045</value>
         <object_component_ref idref="oc-173"/>
      </symbol>
      <symbol id="sm-183">
         <name>Wireless_ResetPin_Set</name>
         <value>0x305d</value>
         <object_component_ref idref="oc-173"/>
      </symbol>
      <symbol id="sm-1a1">
         <name>SystemClocksInitialize</name>
         <value>0x2941</value>
         <object_component_ref idref="oc-109"/>
      </symbol>
      <symbol id="sm-1f4">
         <name>UARTConfigSetExpClk</name>
         <value>0x2f6d</value>
         <object_component_ref idref="oc-1b8"/>
      </symbol>
      <symbol id="sm-1f5">
         <name>UARTDisable</name>
         <value>0x309d</value>
         <object_component_ref idref="oc-218"/>
      </symbol>
      <symbol id="sm-1f6">
         <name>UARTCharsAvail</name>
         <value>0x31f5</value>
         <object_component_ref idref="oc-1c7"/>
      </symbol>
      <symbol id="sm-1f7">
         <name>UARTCharPut</name>
         <value>0x3237</value>
         <object_component_ref idref="oc-1d6"/>
      </symbol>
      <symbol id="sm-1f8">
         <name>UARTEnable</name>
         <value>0x3139</value>
         <object_component_ref idref="oc-1c2"/>
      </symbol>
      <symbol id="sm-1f9">
         <name>UARTFIFOEnable</name>
         <value>0x3241</value>
         <object_component_ref idref="oc-1bd"/>
      </symbol>
      <symbol id="sm-1fa">
         <name>UARTSpaceAvail</name>
         <value>0x3201</value>
         <object_component_ref idref="oc-1d1"/>
      </symbol>
      <symbol id="sm-1fb">
         <name>UARTCharGet</name>
         <value>0x322d</value>
         <object_component_ref idref="oc-1cc"/>
      </symbol>
      <symbol id="sm-230">
         <name>TimerLoadSet</name>
         <value>0x3187</value>
         <object_component_ref idref="oc-75"/>
      </symbol>
      <symbol id="sm-231">
         <name>TimerEnable</name>
         <value>0x31cd</value>
         <object_component_ref idref="oc-98"/>
      </symbol>
      <symbol id="sm-232">
         <name>TimerIntDisable</name>
         <value>0x3223</value>
         <object_component_ref idref="oc-89"/>
      </symbol>
      <symbol id="sm-233">
         <name>TimerIntEnable</name>
         <value>0x324b</value>
         <object_component_ref idref="oc-8e"/>
      </symbol>
      <symbol id="sm-234">
         <name>TimerConfigure</name>
         <value>0x2cc5</value>
         <object_component_ref idref="oc-6b"/>
      </symbol>
      <symbol id="sm-235">
         <name>TimerIntClear</name>
         <value>0x325f</value>
         <object_component_ref idref="oc-7f"/>
      </symbol>
      <symbol id="sm-281">
         <name>SysCtlClockSet</name>
         <value>0x247d</value>
         <object_component_ref idref="oc-158"/>
      </symbol>
      <symbol id="sm-282">
         <name>SysCtlDelay</name>
         <value>0x3253</value>
         <object_component_ref idref="oc-1a9"/>
      </symbol>
      <symbol id="sm-283">
         <name>SysCtlPeripheralEnable</name>
         <value>0x2fad</value>
         <object_component_ref idref="oc-66"/>
      </symbol>
      <symbol id="sm-284">
         <name>SysCtlClockGet</name>
         <value>0x2749</value>
         <object_component_ref idref="oc-70"/>
      </symbol>
      <symbol id="sm-2c0">
         <name>IntEnable</name>
         <value>0x2ba5</value>
         <object_component_ref idref="oc-93"/>
      </symbol>
      <symbol id="sm-2c1">
         <name>IntDisable</name>
         <value>0x2b45</value>
         <object_component_ref idref="oc-84"/>
      </symbol>
      <symbol id="sm-2c2">
         <name>IntMasterEnable</name>
         <value>0x3219</value>
         <object_component_ref idref="oc-7a"/>
      </symbol>
      <symbol id="sm-2f5">
         <name>GPIOPinConfigure</name>
         <value>0x2dc9</value>
         <object_component_ref idref="oc-1ae"/>
      </symbol>
      <symbol id="sm-2f6">
         <name>GPIOPinTypeUART</name>
         <value>0x3175</value>
         <object_component_ref idref="oc-1b3"/>
      </symbol>
      <symbol id="sm-2f7">
         <name>GPIODirModeSet</name>
         <value>0x3071</value>
         <object_component_ref idref="oc-20d"/>
      </symbol>
      <symbol id="sm-2f8">
         <name>GPIOPadConfigSet</name>
         <value>0x221b</value>
         <object_component_ref idref="oc-212"/>
      </symbol>
      <symbol id="sm-301">
         <name>CPUcpsie</name>
         <value>0x31e9</value>
         <object_component_ref idref="oc-e7"/>
      </symbol>
      <symbol id="sm-316">
         <name>atoi</name>
         <value>0x2d7d</value>
         <object_component_ref idref="oc-19b"/>
      </symbol>
      <symbol id="sm-325">
         <name>_c_int00</name>
         <value>0x2e11</value>
         <object_component_ref idref="oc-10"/>
      </symbol>
      <symbol id="sm-326">
         <name>__stack</name>
         <value>0x20000000</value>
         <object_component_ref idref="oc-23"/>
      </symbol>
      <symbol id="sm-33c">
         <name>__TI_decompress_none</name>
         <value>0x31db</value>
         <object_component_ref idref="oc-14"/>
      </symbol>
      <symbol id="sm-35e">
         <name>__TI_decompress_rle24</name>
         <value>0x3259</value>
         <object_component_ref idref="oc-1e"/>
      </symbol>
      <symbol id="sm-369">
         <name>_ctypes_</name>
         <value>0x3264</value>
         <object_component_ref idref="oc-1fa"/>
      </symbol>
      <symbol id="sm-385">
         <name>C$$EXIT</name>
         <value>0x2ee5</value>
         <object_component_ref idref="oc-3c"/>
      </symbol>
      <symbol id="sm-386">
         <name>abort</name>
         <value>0x2ee9</value>
         <object_component_ref idref="oc-3c"/>
      </symbol>
      <symbol id="sm-387">
         <name>exit</name>
         <value>0x2ef1</value>
         <object_component_ref idref="oc-3c"/>
      </symbol>
      <symbol id="sm-388">
         <name>__TI_dtors_ptr</name>
         <value>0x20001e70</value>
         <object_component_ref idref="oc-b6"/>
      </symbol>
      <symbol id="sm-389">
         <name>__TI_cleanup_ptr</name>
         <value>0x20001e6c</value>
         <object_component_ref idref="oc-b6"/>
      </symbol>
      <symbol id="sm-3a3">
         <name>memcpy</name>
         <value>0x2811</value>
         <object_component_ref idref="oc-44"/>
      </symbol>
      <symbol id="sm-3a4">
         <name>__aeabi_memcpy</name>
         <value>0x2811</value>
         <object_component_ref idref="oc-44"/>
      </symbol>
      <symbol id="sm-3a5">
         <name>__aeabi_memcpy8</name>
         <value>0x2811</value>
         <object_component_ref idref="oc-44"/>
      </symbol>
      <symbol id="sm-3a6">
         <name>__aeabi_memcpy4</name>
         <value>0x2811</value>
         <object_component_ref idref="oc-44"/>
      </symbol>
      <symbol id="sm-417">
         <name>_sys_memory</name>
         <value>0x20001600</value>
         <object_component_ref idref="oc-24"/>
      </symbol>
      <symbol id="sm-418">
         <name>free</name>
         <value>0x11e7</value>
         <object_component_ref idref="oc-191"/>
      </symbol>
      <symbol id="sm-419">
         <name>realloc</name>
         <value>0x12a7</value>
         <object_component_ref idref="oc-191"/>
      </symbol>
      <symbol id="sm-41a">
         <name>memalign</name>
         <value>0x13ad</value>
         <object_component_ref idref="oc-191"/>
      </symbol>
      <symbol id="sm-41b">
         <name>calloc</name>
         <value>0x148d</value>
         <object_component_ref idref="oc-191"/>
      </symbol>
      <symbol id="sm-41c">
         <name>malloc</name>
         <value>0x1185</value>
         <object_component_ref idref="oc-191"/>
      </symbol>
      <symbol id="sm-41d">
         <name>minit</name>
         <value>0x10f9</value>
         <object_component_ref idref="oc-191"/>
      </symbol>
      <symbol id="sm-42b">
         <name>__aeabi_memset</name>
         <value>0x2acf</value>
         <object_component_ref idref="oc-105"/>
      </symbol>
      <symbol id="sm-42c">
         <name>memset</name>
         <value>0x2ad5</value>
         <object_component_ref idref="oc-105"/>
      </symbol>
      <symbol id="sm-42d">
         <name>__aeabi_memset8</name>
         <value>0x2acf</value>
         <object_component_ref idref="oc-105"/>
      </symbol>
      <symbol id="sm-42e">
         <name>__aeabi_memset4</name>
         <value>0x2acf</value>
         <object_component_ref idref="oc-105"/>
      </symbol>
      <symbol id="sm-42f">
         <name>__aeabi_memclr8</name>
         <value>0x2acd</value>
         <object_component_ref idref="oc-105"/>
      </symbol>
      <symbol id="sm-430">
         <name>__aeabi_memclr4</name>
         <value>0x2acd</value>
         <object_component_ref idref="oc-105"/>
      </symbol>
      <symbol id="sm-431">
         <name>__aeabi_memclr</name>
         <value>0x2acd</value>
         <object_component_ref idref="oc-105"/>
      </symbol>
      <symbol id="sm-449">
         <name>sprintf</name>
         <value>0x2c05</value>
         <object_component_ref idref="oc-178"/>
      </symbol>
      <symbol id="sm-450">
         <name>main_func_sp</name>
         <value>0x20001e80</value>
         <object_component_ref idref="oc-41"/>
      </symbol>
      <symbol id="sm-45f">
         <name>strcat</name>
         <value>0x30d5</value>
         <object_component_ref idref="oc-196"/>
      </symbol>
      <symbol id="sm-46d">
         <name>strcmp</name>
         <value>0x3121</value>
         <object_component_ref idref="oc-17d"/>
      </symbol>
      <symbol id="sm-47a">
         <name>strcpy</name>
         <value>0x31ab</value>
         <object_component_ref idref="oc-165"/>
      </symbol>
      <symbol id="sm-487">
         <name>strlen</name>
         <value>0x3161</value>
         <object_component_ref idref="oc-118"/>
      </symbol>
      <symbol id="sm-499">
         <name>strstr</name>
         <value>0x2fe1</value>
         <object_component_ref idref="oc-182"/>
      </symbol>
      <symbol id="sm-4a7">
         <name>toupper</name>
         <value>0x31bd</value>
         <object_component_ref idref="oc-18c"/>
      </symbol>
      <symbol id="sm-4bd">
         <name>_nop</name>
         <value>0x315b</value>
         <object_component_ref idref="oc-12d"/>
      </symbol>
      <symbol id="sm-4be">
         <name>_lock</name>
         <value>0x20001e64</value>
         <object_component_ref idref="oc-b4"/>
      </symbol>
      <symbol id="sm-4bf">
         <name>_unlock</name>
         <value>0x20001e68</value>
         <object_component_ref idref="oc-b4"/>
      </symbol>
      <symbol id="sm-4c0">
         <name>_register_lock</name>
         <value>0x3153</value>
         <object_component_ref idref="oc-12d"/>
      </symbol>
      <symbol id="sm-4c1">
         <name>_register_unlock</name>
         <value>0x314d</value>
         <object_component_ref idref="oc-12d"/>
      </symbol>
      <symbol id="sm-5a9">
         <name>__TI_printfi</name>
         <value>0xdef</value>
         <object_component_ref idref="oc-1e6"/>
      </symbol>
      <symbol id="sm-5bc">
         <name>_args_main</name>
         <value>0x30f1</value>
         <object_component_ref idref="oc-37"/>
      </symbol>
      <symbol id="sm-5d8">
         <name>__TI_auto_init</name>
         <value>0x28ad</value>
         <object_component_ref idref="oc-33"/>
      </symbol>
      <symbol id="sm-5f0">
         <name>copy_in</name>
         <value>0x2ea1</value>
         <object_component_ref idref="oc-a7"/>
      </symbol>
      <symbol id="sm-606">
         <name>__aeabi_dsub</name>
         <value>0x1da1</value>
         <object_component_ref idref="oc-250"/>
      </symbol>
      <symbol id="sm-607">
         <name>__aeabi_dadd</name>
         <value>0x1dab</value>
         <object_component_ref idref="oc-250"/>
      </symbol>
      <symbol id="sm-627">
         <name>__aeabi_cdcmpeq</name>
         <value>0x29d1</value>
         <object_component_ref idref="oc-233"/>
      </symbol>
      <symbol id="sm-628">
         <name>__aeabi_cdcmple</name>
         <value>0x29d1</value>
         <object_component_ref idref="oc-233"/>
      </symbol>
      <symbol id="sm-629">
         <name>__aeabi_cdrcmple</name>
         <value>0x2a4f</value>
         <object_component_ref idref="oc-23f"/>
      </symbol>
      <symbol id="sm-63c">
         <name>__aeabi_ddiv</name>
         <value>0x20e5</value>
         <object_component_ref idref="oc-23b"/>
      </symbol>
      <symbol id="sm-646">
         <name>__aeabi_dmul</name>
         <value>0x2581</value>
         <object_component_ref idref="oc-237"/>
      </symbol>
      <symbol id="sm-64f">
         <name>__aeabi_d2iz</name>
         <value>0x2e59</value>
         <object_component_ref idref="oc-243"/>
      </symbol>
      <symbol id="sm-658">
         <name>__aeabi_i2d</name>
         <value>0x3015</value>
         <object_component_ref idref="oc-24c"/>
      </symbol>
      <symbol id="sm-660">
         <name>__aeabi_lmul</name>
         <value>0x3109</value>
         <object_component_ref idref="oc-22f"/>
      </symbol>
      <symbol id="sm-66e">
         <name>ltoa</name>
         <value>0x2d21</value>
         <object_component_ref idref="oc-247"/>
      </symbol>
      <symbol id="sm-67d">
         <name>memccpy</name>
         <value>0x30b9</value>
         <object_component_ref idref="oc-259"/>
      </symbol>
      <symbol id="sm-698">
         <name>__aeabi_uldivmod</name>
         <value>0x17f5</value>
         <object_component_ref idref="oc-22b"/>
      </symbol>
      <symbol id="sm-6a1">
         <name>_Dclass</name>
         <value>0x3199</value>
         <object_component_ref idref="oc-254"/>
      </symbol>
      <symbol id="sm-6b2">
         <name>_Dtest</name>
         <value>0x2f29</value>
         <object_component_ref idref="oc-294"/>
      </symbol>
      <symbol id="sm-6b3">
         <name>__TI_static_base__</name>
         <value>0x0</value>
      </symbol>
      <symbol id="sm-6b4">
         <name>__TI_args_main</name>
         <value>0x1</value>
      </symbol>
      <symbol id="sm-6b5">
         <name>SHT$$INIT_ARRAY$$Limit</name>
         <value>0x0</value>
      </symbol>
      <symbol id="sm-6b6">
         <name>SHT$$INIT_ARRAY$$Base</name>
         <value>0x0</value>
      </symbol>
   </symbol_table>
   <title>Link successful</title>
</link_info>
