******************************************************************************
                  TI ARM Linker PC v5.1.1                      
******************************************************************************
>> Linked Fri Mar 21 15:46:22 2014

OUTPUT FILE NAME:   <ECE300 LaunchPad Wireless.out>
ENTRY POINT SYMBOL: "_c_int00"  address: 00002d35


MEMORY CONFIGURATION

         name            origin    length      used     unused   attr    fill
----------------------  --------  ---------  --------  --------  ----  --------
  FLASH                 00000000   00040000  00003445  0003cbbb  R  X
  SRAM                  20000000   00008000  00001e84  0000617c  RW X


SEGMENT ALLOCATION MAP

run origin  load origin   length   init length attrs members
----------  ----------- ---------- ----------- ----- -------
00000000    00000000    00003448   00003448    r-x
  00000000    00000000    0000026c   0000026c    r-- .intvecs
  0000026c    0000026c    00002f42   00002f42    r-x .text
  000031b0    000031b0    0000025f   0000025f    r-- .const
  00003410    00003410    00000038   00000038    r-- .cinit
20000000    20000000    00001e84   00000000    rw-
  20000000    20000000    00001600   00000000    rw- .stack
  20001600    20001600    00000800   00000000    rw- .sysmem
  20001e00    20001e00    00000084   00000000    rw- .data


SECTION ALLOCATION MAP

 output                                  attributes/
section   page    origin      length       input sections
--------  ----  ----------  ----------   ----------------
.intvecs   0    00000000    0000026c     
                  00000000    0000026c     tm4c123gh6pm_startup_ccs.obj (.intvecs)

.init_array 
*          0    00000000    00000000     UNINITIALIZED

.text      0    0000026c    00002f42     
                  0000026c    00000e8c     rtsv7M4_T_le_v4SPD16_eabi.lib : _printfi.obj (.text)
                  000010f8    000003cc                                   : memory.obj (.text)
                  000014c4    00000330     Parse.obj (.text)
                  000017f4    000001f4     rtsv7M4_T_le_v4SPD16_eabi.lib : ull_div_t2.obj (.text)
                  000019e8    000001e4     main.obj (.text)
                  00001bcc    000001d4     WirelessXBee.obj (.text)
                  00001da0    000001b6     rtsv7M4_T_le_v4SPD16_eabi.lib : fd_add_t2.obj (.text)
                  00001f56    00000002     --HOLE-- [fill = 0]
                  00001f58    0000018c     UART.obj (.text)
                  000020e4    00000136     rtsv7M4_T_le_v4SPD16_eabi.lib : fd_div_t2.obj (.text)
                  0000221a    00000002     --HOLE-- [fill = 0]
                  0000221c    00000130     PC_CMD.obj (.text)
                  0000234c    00000104     driverlib.lib : sysctl.obj (.text:SysCtlClockSet)
                  00002450    000000fc     rtsv7M4_T_le_v4SPD16_eabi.lib : fd_mul_t2.obj (.text)
                  0000254c    000000cc     Timer.obj (.text)
                  00002618    000000c4     driverlib.lib : sysctl.obj (.text:SysCtlClockGet)
                  000026dc    000000b8                   : gpio.obj (.text:GPIOPadConfigSet)
                  00002794    0000009c     rtsv7M4_T_le_v4SPD16_eabi.lib : memcpy_t2.obj (.text)
                  00002830    00000094                                   : auto_init.obj (.text)
                  000028c4    00000090     Clocks.obj (.text)
                  00002954    0000007e     rtsv7M4_T_le_v4SPD16_eabi.lib : fd_cmp_t2.obj (.text:__aeabi_cdcmple)
                  000029d2    0000007e                                   : fd_cmp_t2.obj (.text:__aeabi_cdrcmple)
                  00002a50    00000078                                   : memset_t2.obj (.text)
                  00002ac8    00000060     driverlib.lib : interrupt.obj (.text:IntDisable)
                  00002b28    00000060                   : interrupt.obj (.text:IntEnable)
                  00002b88    00000060     rtsv7M4_T_le_v4SPD16_eabi.lib : sprintf.obj (.text)
                  00002be8    0000005e                                   : copy_decompress_rle.obj (.text)
                  00002c46    0000005a                                   : ltoa.obj (.text)
                  00002ca0    0000004c                                   : atoi.obj (.text)
                  00002cec    00000048     driverlib.lib : gpio.obj (.text:GPIOPinConfigure)
                  00002d34    00000048     rtsv7M4_T_le_v4SPD16_eabi.lib : boot.obj (.text)
                  00002d7c    00000048                                   : fd_toi_t2.obj (.text)
                  00002dc4    00000044                                   : cpy_tbl.obj (.text)
                  00002e08    00000044                                   : exit.obj (.text)
                  00002e4c    00000044                                   : xdtest.obj (.text)
                  00002e90    00000040     driverlib.lib : uart.obj (.text:UARTConfigSetExpClk)
                  00002ed0    00000034                   : sysctl.obj (.text:SysCtlPeripheralEnable)
                  00002f04    00000034     rtsv7M4_T_le_v4SPD16_eabi.lib : strstr.obj (.text)
                  00002f38    0000002e                                   : i_tofd_t2.obj (.text)
                  00002f66    00000002     --HOLE-- [fill = 0]
                  00002f68    0000002c     GPIO_Pin.obj (.text)
                  00002f94    0000002a     driverlib.lib : gpio.obj (.text:GPIODirModeSet)
                  00002fbe    00000002     --HOLE-- [fill = 0]
                  00002fc0    00000028                   : timer.obj (.text:TimerConfigure)
                  00002fe8    0000001c                   : uart.obj (.text:UARTDisable)
                  00003004    0000001c     rtsv7M4_T_le_v4SPD16_eabi.lib : memccpy.obj (.text)
                  00003020    0000001a                                   : strcat.obj (.text)
                  0000303a    00000002     --HOLE-- [fill = 0]
                  0000303c    00000018                                   : args_main.obj (.text)
                  00003054    00000018                                   : ll_mul_t2.obj (.text)
                  0000306c    00000018                                   : strcmp.obj (.text)
                  00003084    00000014     driverlib.lib : uart.obj (.text:UARTEnable)
                  00003098    00000014     rtsv7M4_T_le_v4SPD16_eabi.lib : _lock.obj (.text)
                  000030ac    00000014                                   : strlen.obj (.text)
                  000030c0    00000012     driverlib.lib : gpio.obj (.text:GPIOPinTypeUART)
                  000030d2    00000012                   : timer.obj (.text:TimerLoadSet)
                  000030e4    00000012     rtsv7M4_T_le_v4SPD16_eabi.lib : xdclass.obj (.text)
                  000030f6    00000010                                   : strcpy.obj (.text)
                  00003106    00000002     --HOLE-- [fill = 0]
                  00003108    00000010                                   : toupper.obj (.text)
                  00003118    0000000e     driverlib.lib : timer.obj (.text:TimerEnable)
                  00003126    0000000e     rtsv7M4_T_le_v4SPD16_eabi.lib : copy_decompress_none.obj (.text:decompress:none)
                  00003134    0000000c     driverlib.lib : cpu.obj (.text:CPUcpsie)
                  00003140    0000000c                   : uart.obj (.text:UARTCharsAvail)
                  0000314c    0000000c                   : uart.obj (.text:UARTSpaceAvail)
                  00003158    0000000c     tm4c123gh6pm_startup_ccs.obj (.text)
                  00003164    0000000a     driverlib.lib : interrupt.obj (.text:IntMasterEnable)
                  0000316e    0000000a                   : timer.obj (.text:TimerIntDisable)
                  00003178    0000000a                   : uart.obj (.text:UARTCharGet)
                  00003182    0000000a                   : uart.obj (.text:UARTCharPut)
                  0000318c    0000000a                   : uart.obj (.text:UARTFIFOEnable)
                  00003196    00000008                   : timer.obj (.text:TimerIntEnable)
                  0000319e    00000006                   : sysctl.obj (.text:SysCtlDelay)
                  000031a4    00000006     rtsv7M4_T_le_v4SPD16_eabi.lib : copy_decompress_rle.obj (.text:decompress:rle24)
                  000031aa    00000004     driverlib.lib : timer.obj (.text:TimerIntClear)

.const     0    000031b0    0000025f     
                  000031b0    00000102     rtsv7M4_T_le_v4SPD16_eabi.lib : ctype.obj (.const:.string:_ctypes_)
                  000032b2    00000002     --HOLE-- [fill = 0]
                  000032b4    00000078     driverlib.lib : gpio.obj (.const:g_pui32GPIOBaseAddrs)
                  0000332c    00000070                   : interrupt.obj (.const)
                  0000339c    0000006c                   : sysctl.obj (.const:g_pui32Xtals)
                  00003408    00000007     main.obj (.const:.string)

.cinit     0    00003410    00000038     
                  00003410    00000025     (.cinit..data.load) [load image, compression = rle]
                  00003435    00000003     --HOLE-- [fill = 0]
                  00003438    00000008     (__TI_handler_table)
                  00003440    00000008     (__TI_cinit_table)

.stack     0    20000000    00001600     UNINITIALIZED
                  20000000    00001600     --HOLE--

.sysmem    0    20001600    00000800     UNINITIALIZED
                  20001600    00000008     rtsv7M4_T_le_v4SPD16_eabi.lib : memory.obj (.sysmem)
                  20001608    000007f8     --HOLE--

.data      0    20001e00    00000084     UNINITIALIZED
                  20001e00    00000041     PC_CMD.obj (.data:CMDCodes)
                  20001e41    00000003     --HOLE--
                  20001e44    0000000c     Timer.obj (.data)
                  20001e50    0000000c     rtsv7M4_T_le_v4SPD16_eabi.lib : memory.obj (.data)
                  20001e5c    00000008     GPIO_Pin.obj (.data)
                  20001e64    00000008     rtsv7M4_T_le_v4SPD16_eabi.lib : _lock.obj (.data)
                  20001e6c    00000008                                   : exit.obj (.data)
                  20001e74    00000005     WirelessXBee.obj (.data)
                  20001e79    00000003     --HOLE--
                  20001e7c    00000004     Clocks.obj (.data)
                  20001e80    00000004     rtsv7M4_T_le_v4SPD16_eabi.lib : stkdepth_vars.obj (.data)


LINKER GENERATED COPY TABLES

__TI_cinit_table @ 00003440 records: 1, size/record: 8, table size: 8
	.data: load addr=00003410, load size=00000025 bytes, run addr=20001e00, run size=00000084 bytes, compression=rle


LINKER GENERATED HANDLER TABLE

__TI_handler_table @ 00003438 records: 2, size/record: 4, table size: 8
	index: 0, handler: __TI_decompress_rle24
	index: 1, handler: __TI_decompress_none


GLOBAL SYMBOLS: SORTED ALPHABETICALLY BY Name 

address    name
--------   ----
00001c9f   ATCmdModeEnter
00001cdd   ATCmdModeExit
000025bb   BlockingDelay
00002e09   C$$EXIT
20001e00   CMDCodes
00003135   CPUcpsie
00001669   CharacterCompare
000014c5   DataParse
00001583   ExtractDataString
000016a5   ExtractSerialName
00002f95   GPIODirModeSet
000026dd   GPIOPadConfigSet
00002ced   GPIOPinConfigure
000030c1   GPIOPinTypeUART
20001e60   GPIO_PinInit_Error
00002f69   GPIO_Pin_Initialize
00002ac9   IntDisable
00002b29   IntEnable
00003165   IntMasterEnable
00001d1b   MessageDone
000017a1   NumDetect
0000221d   PC_CMDInit
0000226f   PC_GetCommand
000022db   PC_SendMsg
00003159   ResetISR
UNDEFED    SHT$$INIT_ARRAY$$Base
UNDEFED    SHT$$INIT_ARRAY$$Limit
00002619   SysCtlClockGet
0000234d   SysCtlClockSet
0000319f   SysCtlDelay
00002ed1   SysCtlPeripheralEnable
000028c5   SystemClocksInitialize
00002579   Timer0BIntHandler
00002fc1   TimerConfigure
00003119   TimerEnable
0000254d   TimerInitialize
000031ab   TimerIntClear
0000316f   TimerIntDisable
00003197   TimerIntEnable
000030d3   TimerLoadSet
000015eb   Tokenize
00003179   UARTCharGet
00003183   UARTCharPut
00003141   UARTCharsAvail
00002e91   UARTConfigSetExpClk
00002fe9   UARTDisable
00003085   UARTEnable
0000318d   UARTFIFOEnable
0000314d   UARTSpaceAvail
00001f59   UART_PC_Initialize
00001fa1   UART_PC_Receive
00001fd9   UART_PC_Send
00002011   UART_Wireless_Initialize
00002055   UART_Wireless_Receive
0000208d   UART_Wireless_Send
00002f81   Wireless_ResetPin_Set
00001bfb   XBee_ATCommand
00001bcd   XBee_Initialize
00001be7   XBee_SendMsg
000030e5   _Dclass
00002e4d   _Dtest
20001600   __STACK_END
00001600   __STACK_SIZE
20000200   __STACK_TOP
00000800   __SYSMEM_SIZE
00003440   __TI_CINIT_Base
00003448   __TI_CINIT_Limit
00003438   __TI_Handler_Table_Base
00003440   __TI_Handler_Table_Limit
00000001   __TI_args_main
00002831   __TI_auto_init
20001e6c   __TI_cleanup_ptr
00003127   __TI_decompress_none
000031a5   __TI_decompress_rle24
20001e70   __TI_dtors_ptr
00000def   __TI_printfi
00000000   __TI_static_base__
00002955   __aeabi_cdcmpeq
00002955   __aeabi_cdcmple
000029d3   __aeabi_cdrcmple
00002d7d   __aeabi_d2iz
00001dab   __aeabi_dadd
000020e5   __aeabi_ddiv
00002451   __aeabi_dmul
00001da1   __aeabi_dsub
00002f39   __aeabi_i2d
00003055   __aeabi_lmul
00002a51   __aeabi_memclr
00002a51   __aeabi_memclr4
00002a51   __aeabi_memclr8
00002795   __aeabi_memcpy
00002795   __aeabi_memcpy4
00002795   __aeabi_memcpy8
00002a53   __aeabi_memset
00002a53   __aeabi_memset4
00002a53   __aeabi_memset8
000017f5   __aeabi_uldivmod
ffffffff   __binit__
ffffffff   __c_args__
20000000   __stack
0000303d   _args_main
00002d35   _c_int00
000031b0   _ctypes_
20001e64   _lock
000030a7   _nop
0000309f   _register_lock
00003099   _register_unlock
20001600   _sys_memory
20001e68   _unlock
00002e0d   abort
00002ca1   atoi
ffffffff   binit
0000148d   calloc
00002dc5   copy_in
00002e15   exit
000011e7   free
00000000   g_pfnVectors
00002c47   ltoa
000019e9   main
20001e80   main_func_sp
00001185   malloc
000013ad   memalign
00003005   memccpy
00002795   memcpy
00002a59   memset
000010f9   minit
000012a7   realloc
00002b89   sprintf
00003021   strcat
0000306d   strcmp
000030f7   strcpy
000030ad   strlen
00002f05   strstr
00003109   toupper


GLOBAL SYMBOLS: SORTED BY Symbol Address 

address    name
--------   ----
00000000   __TI_static_base__
00000000   g_pfnVectors
00000001   __TI_args_main
00000800   __SYSMEM_SIZE
00000def   __TI_printfi
000010f9   minit
00001185   malloc
000011e7   free
000012a7   realloc
000013ad   memalign
0000148d   calloc
000014c5   DataParse
00001583   ExtractDataString
000015eb   Tokenize
00001600   __STACK_SIZE
00001669   CharacterCompare
000016a5   ExtractSerialName
000017a1   NumDetect
000017f5   __aeabi_uldivmod
000019e9   main
00001bcd   XBee_Initialize
00001be7   XBee_SendMsg
00001bfb   XBee_ATCommand
00001c9f   ATCmdModeEnter
00001cdd   ATCmdModeExit
00001d1b   MessageDone
00001da1   __aeabi_dsub
00001dab   __aeabi_dadd
00001f59   UART_PC_Initialize
00001fa1   UART_PC_Receive
00001fd9   UART_PC_Send
00002011   UART_Wireless_Initialize
00002055   UART_Wireless_Receive
0000208d   UART_Wireless_Send
000020e5   __aeabi_ddiv
0000221d   PC_CMDInit
0000226f   PC_GetCommand
000022db   PC_SendMsg
0000234d   SysCtlClockSet
00002451   __aeabi_dmul
0000254d   TimerInitialize
00002579   Timer0BIntHandler
000025bb   BlockingDelay
00002619   SysCtlClockGet
000026dd   GPIOPadConfigSet
00002795   __aeabi_memcpy
00002795   __aeabi_memcpy4
00002795   __aeabi_memcpy8
00002795   memcpy
00002831   __TI_auto_init
000028c5   SystemClocksInitialize
00002955   __aeabi_cdcmpeq
00002955   __aeabi_cdcmple
000029d3   __aeabi_cdrcmple
00002a51   __aeabi_memclr
00002a51   __aeabi_memclr4
00002a51   __aeabi_memclr8
00002a53   __aeabi_memset
00002a53   __aeabi_memset4
00002a53   __aeabi_memset8
00002a59   memset
00002ac9   IntDisable
00002b29   IntEnable
00002b89   sprintf
00002c47   ltoa
00002ca1   atoi
00002ced   GPIOPinConfigure
00002d35   _c_int00
00002d7d   __aeabi_d2iz
00002dc5   copy_in
00002e09   C$$EXIT
00002e0d   abort
00002e15   exit
00002e4d   _Dtest
00002e91   UARTConfigSetExpClk
00002ed1   SysCtlPeripheralEnable
00002f05   strstr
00002f39   __aeabi_i2d
00002f69   GPIO_Pin_Initialize
00002f81   Wireless_ResetPin_Set
00002f95   GPIODirModeSet
00002fc1   TimerConfigure
00002fe9   UARTDisable
00003005   memccpy
00003021   strcat
0000303d   _args_main
00003055   __aeabi_lmul
0000306d   strcmp
00003085   UARTEnable
00003099   _register_unlock
0000309f   _register_lock
000030a7   _nop
000030ad   strlen
000030c1   GPIOPinTypeUART
000030d3   TimerLoadSet
000030e5   _Dclass
000030f7   strcpy
00003109   toupper
00003119   TimerEnable
00003127   __TI_decompress_none
00003135   CPUcpsie
00003141   UARTCharsAvail
0000314d   UARTSpaceAvail
00003159   ResetISR
00003165   IntMasterEnable
0000316f   TimerIntDisable
00003179   UARTCharGet
00003183   UARTCharPut
0000318d   UARTFIFOEnable
00003197   TimerIntEnable
0000319f   SysCtlDelay
000031a5   __TI_decompress_rle24
000031ab   TimerIntClear
000031b0   _ctypes_
00003438   __TI_Handler_Table_Base
00003440   __TI_CINIT_Base
00003440   __TI_Handler_Table_Limit
00003448   __TI_CINIT_Limit
20000000   __stack
20000200   __STACK_TOP
20001600   __STACK_END
20001600   _sys_memory
20001e00   CMDCodes
20001e60   GPIO_PinInit_Error
20001e64   _lock
20001e68   _unlock
20001e6c   __TI_cleanup_ptr
20001e70   __TI_dtors_ptr
20001e80   main_func_sp
ffffffff   __binit__
ffffffff   __c_args__
ffffffff   binit
UNDEFED    SHT$$INIT_ARRAY$$Base
UNDEFED    SHT$$INIT_ARRAY$$Limit

[134 symbols]
