******************************************************************************
                  TI ARM Linker PC v5.1.1                      
******************************************************************************
>> Linked Thu Apr 10 00:32:28 2014

OUTPUT FILE NAME:   <ECE300 LaunchPad Wireless (AT Command).out>
ENTRY POINT SYMBOL: "_c_int00"  address: 00002e11


MEMORY CONFIGURATION

         name            origin    length      used     unused   attr    fill
----------------------  --------  ---------  --------  --------  ----  --------
  FLASH                 00000000   00040000  00003511  0003caef  R  X
  SRAM                  20000000   00008000  00001e84  0000617c  RW X


SEGMENT ALLOCATION MAP

run origin  load origin   length   init length attrs members
----------  ----------- ---------- ----------- ----- -------
00000000    00000000    00003518   00003518    r-x
  00000000    00000000    0000026c   0000026c    r-- .intvecs
  0000026c    0000026c    00002ff6   00002ff6    r-x .text
  00003264    00003264    00000277   00000277    r-- .const
  000034e0    000034e0    00000038   00000038    r-- .cinit
20000000    20000000    00001e84   00000000    rw-
  20000000    20000000    00001600   00000000    rw- .stack
  20001600    20001600    00000800   00000000    rw- .sysmem
  20001e00    20001e00    00000084   00000000    rw- .data


SECTION ALLOCATION MAP

 output                                  attributes/
section   page    origin      length       input sections
--------  ----  ----------  ----------   ----------------
.intvecs   0    00000000    0000026c     
                  00000000    0000026c     tm4c123gh6pm_startup_ccs.obj (.intvecs)

.init_array 
*          0    00000000    00000000     UNINITIALIZED

.text      0    0000026c    00002ff6     
                  0000026c    00000e8c     rtsv7M4_T_le_v4SPD16_eabi.lib : _printfi.obj (.text)
                  000010f8    000003cc                                   : memory.obj (.text)
                  000014c4    00000330     Parse.obj (.text)
                  000017f4    000001f4     rtsv7M4_T_le_v4SPD16_eabi.lib : ull_div_t2.obj (.text)
                  000019e8    000001e4     main.obj (.text)
                  00001bcc    000001d4     WirelessXBee.obj (.text)
                  00001da0    000001b6     rtsv7M4_T_le_v4SPD16_eabi.lib : fd_add_t2.obj (.text)
                  00001f56    00000002     --HOLE-- [fill = 0]
                  00001f58    0000018c     UART.obj (.text)
                  000020e4    00000136     rtsv7M4_T_le_v4SPD16_eabi.lib : fd_div_t2.obj (.text)
                  0000221a    00000130     driverlib.lib : gpio.obj (.text:GPIOPadConfigSet)
                  0000234a    00000002     --HOLE-- [fill = 0]
                  0000234c    00000130     PC_CMD.obj (.text)
                  0000247c    00000104     driverlib.lib : sysctl.obj (.text:SysCtlClockSet)
                  00002580    000000fc     rtsv7M4_T_le_v4SPD16_eabi.lib : fd_mul_t2.obj (.text)
                  0000267c    000000cc     Timer.obj (.text)
                  00002748    000000c8     driverlib.lib : sysctl.obj (.text:SysCtlClockGet)
                  00002810    0000009c     rtsv7M4_T_le_v4SPD16_eabi.lib : memcpy_t2.obj (.text)
                  000028ac    00000094                                   : auto_init.obj (.text)
                  00002940    00000090     Clocks.obj (.text)
                  000029d0    0000007e     rtsv7M4_T_le_v4SPD16_eabi.lib : fd_cmp_t2.obj (.text:__aeabi_cdcmple)
                  00002a4e    0000007e                                   : fd_cmp_t2.obj (.text:__aeabi_cdrcmple)
                  00002acc    00000078                                   : memset_t2.obj (.text)
                  00002b44    00000060     driverlib.lib : interrupt.obj (.text:IntDisable)
                  00002ba4    00000060                   : interrupt.obj (.text:IntEnable)
                  00002c04    00000060     rtsv7M4_T_le_v4SPD16_eabi.lib : sprintf.obj (.text)
                  00002c64    0000005e                                   : copy_decompress_rle.obj (.text)
                  00002cc2    00000002     --HOLE-- [fill = 0]
                  00002cc4    0000005c     driverlib.lib : timer.obj (.text:TimerConfigure)
                  00002d20    0000005a     rtsv7M4_T_le_v4SPD16_eabi.lib : ltoa.obj (.text)
                  00002d7a    00000002     --HOLE-- [fill = 0]
                  00002d7c    0000004c                                   : atoi.obj (.text)
                  00002dc8    00000048     driverlib.lib : gpio.obj (.text:GPIOPinConfigure)
                  00002e10    00000048     rtsv7M4_T_le_v4SPD16_eabi.lib : boot.obj (.text)
                  00002e58    00000048                                   : fd_toi_t2.obj (.text)
                  00002ea0    00000044                                   : cpy_tbl.obj (.text)
                  00002ee4    00000044                                   : exit.obj (.text)
                  00002f28    00000044                                   : xdtest.obj (.text)
                  00002f6c    00000040     driverlib.lib : uart.obj (.text:UARTConfigSetExpClk)
                  00002fac    00000034                   : sysctl.obj (.text:SysCtlPeripheralEnable)
                  00002fe0    00000034     rtsv7M4_T_le_v4SPD16_eabi.lib : strstr.obj (.text)
                  00003014    0000002e                                   : i_tofd_t2.obj (.text)
                  00003042    00000002     --HOLE-- [fill = 0]
                  00003044    0000002c     GPIO_Pin.obj (.text)
                  00003070    0000002a     driverlib.lib : gpio.obj (.text:GPIODirModeSet)
                  0000309a    00000002     --HOLE-- [fill = 0]
                  0000309c    0000001c                   : uart.obj (.text:UARTDisable)
                  000030b8    0000001c     rtsv7M4_T_le_v4SPD16_eabi.lib : memccpy.obj (.text)
                  000030d4    0000001a                                   : strcat.obj (.text)
                  000030ee    00000002     --HOLE-- [fill = 0]
                  000030f0    00000018                                   : args_main.obj (.text)
                  00003108    00000018                                   : ll_mul_t2.obj (.text)
                  00003120    00000018                                   : strcmp.obj (.text)
                  00003138    00000014     driverlib.lib : uart.obj (.text:UARTEnable)
                  0000314c    00000014     rtsv7M4_T_le_v4SPD16_eabi.lib : _lock.obj (.text)
                  00003160    00000014                                   : strlen.obj (.text)
                  00003174    00000012     driverlib.lib : gpio.obj (.text:GPIOPinTypeUART)
                  00003186    00000012                   : timer.obj (.text:TimerLoadSet)
                  00003198    00000012     rtsv7M4_T_le_v4SPD16_eabi.lib : xdclass.obj (.text)
                  000031aa    00000010                                   : strcpy.obj (.text)
                  000031ba    00000002     --HOLE-- [fill = 0]
                  000031bc    00000010                                   : toupper.obj (.text)
                  000031cc    0000000e     driverlib.lib : timer.obj (.text:TimerEnable)
                  000031da    0000000e     rtsv7M4_T_le_v4SPD16_eabi.lib : copy_decompress_none.obj (.text:decompress:none)
                  000031e8    0000000c     driverlib.lib : cpu.obj (.text:CPUcpsie)
                  000031f4    0000000c                   : uart.obj (.text:UARTCharsAvail)
                  00003200    0000000c                   : uart.obj (.text:UARTSpaceAvail)
                  0000320c    0000000c     tm4c123gh6pm_startup_ccs.obj (.text)
                  00003218    0000000a     driverlib.lib : interrupt.obj (.text:IntMasterEnable)
                  00003222    0000000a                   : timer.obj (.text:TimerIntDisable)
                  0000322c    0000000a                   : uart.obj (.text:UARTCharGet)
                  00003236    0000000a                   : uart.obj (.text:UARTCharPut)
                  00003240    0000000a                   : uart.obj (.text:UARTFIFOEnable)
                  0000324a    00000008                   : timer.obj (.text:TimerIntEnable)
                  00003252    00000006                   : sysctl.obj (.text:SysCtlDelay)
                  00003258    00000006     rtsv7M4_T_le_v4SPD16_eabi.lib : copy_decompress_rle.obj (.text:decompress:rle24)
                  0000325e    00000004     driverlib.lib : timer.obj (.text:TimerIntClear)

.const     0    00003264    00000277     
                  00003264    00000102     rtsv7M4_T_le_v4SPD16_eabi.lib : ctype.obj (.const:.string:_ctypes_)
                  00003366    00000002     --HOLE-- [fill = 0]
                  00003368    00000090     driverlib.lib : gpio.obj (.const:g_pui32GPIOBaseAddrs)
                  000033f8    00000070                   : interrupt.obj (.const)
                  00003468    0000006c                   : sysctl.obj (.const:g_pui32Xtals)
                  000034d4    00000007     main.obj (.const:.string)

.cinit     0    000034e0    00000038     
                  000034e0    00000025     (.cinit..data.load) [load image, compression = rle]
                  00003505    00000003     --HOLE-- [fill = 0]
                  00003508    00000008     (__TI_handler_table)
                  00003510    00000008     (__TI_cinit_table)

.stack     0    20000000    00001600     UNINITIALIZED
                  20000000    00001600     --HOLE--

.sysmem    0    20001600    00000800     UNINITIALIZED
                  20001600    00000008     rtsv7M4_T_le_v4SPD16_eabi.lib : memory.obj (.sysmem)
                  20001608    000007f8     --HOLE--

.data      0    20001e00    00000084     UNINITIALIZED
                  20001e00    00000041     PC_CMD.obj (.data:CMDCodes)
                  20001e41    00000003     --HOLE--
                  20001e44    0000000c     Timer.obj (.data)
                  20001e50    0000000c     rtsv7M4_T_le_v4SPD16_eabi.lib : memory.obj (.data)
                  20001e5c    00000008     GPIO_Pin.obj (.data)
                  20001e64    00000008     rtsv7M4_T_le_v4SPD16_eabi.lib : _lock.obj (.data)
                  20001e6c    00000008                                   : exit.obj (.data)
                  20001e74    00000005     WirelessXBee.obj (.data)
                  20001e79    00000003     --HOLE--
                  20001e7c    00000004     Clocks.obj (.data)
                  20001e80    00000004     rtsv7M4_T_le_v4SPD16_eabi.lib : stkdepth_vars.obj (.data)


LINKER GENERATED COPY TABLES

__TI_cinit_table @ 00003510 records: 1, size/record: 8, table size: 8
	.data: load addr=000034e0, load size=00000025 bytes, run addr=20001e00, run size=00000084 bytes, compression=rle


LINKER GENERATED HANDLER TABLE

__TI_handler_table @ 00003508 records: 2, size/record: 4, table size: 8
	index: 0, handler: __TI_decompress_rle24
	index: 1, handler: __TI_decompress_none


GLOBAL SYMBOLS: SORTED ALPHABETICALLY BY Name 

address    name
--------   ----
00001c9f   ATCmdModeEnter
00001cdd   ATCmdModeExit
000026eb   BlockingDelay
00002ee5   C$$EXIT
20001e00   CMDCodes
000031e9   CPUcpsie
00001669   CharacterCompare
000014c5   DataParse
00001583   ExtractDataString
000016a5   ExtractSerialName
00003071   GPIODirModeSet
0000221b   GPIOPadConfigSet
00002dc9   GPIOPinConfigure
00003175   GPIOPinTypeUART
20001e60   GPIO_PinInit_Error
00003045   GPIO_Pin_Initialize
00002b45   IntDisable
00002ba5   IntEnable
00003219   IntMasterEnable
00001d1b   MessageDone
000017a1   NumDetect
0000234d   PC_CMDInit
0000239f   PC_GetCommand
0000240b   PC_SendMsg
0000320d   ResetISR
UNDEFED    SHT$$INIT_ARRAY$$Base
UNDEFED    SHT$$INIT_ARRAY$$Limit
00002749   SysCtlClockGet
0000247d   SysCtlClockSet
00003253   SysCtlDelay
00002fad   SysCtlPeripheralEnable
00002941   SystemClocksInitialize
000026a9   Timer0BIntHandler
00002cc5   TimerConfigure
000031cd   TimerEnable
0000267d   TimerInitialize
0000325f   TimerIntClear
00003223   TimerIntDisable
0000324b   TimerIntEnable
00003187   TimerLoadSet
000015eb   Tokenize
0000322d   UARTCharGet
00003237   UARTCharPut
000031f5   UARTCharsAvail
00002f6d   UARTConfigSetExpClk
0000309d   UARTDisable
00003139   UARTEnable
00003241   UARTFIFOEnable
00003201   UARTSpaceAvail
00001f59   UART_PC_Initialize
00001fa1   UART_PC_Receive
00001fd9   UART_PC_Send
00002011   UART_Wireless_Initialize
00002055   UART_Wireless_Receive
0000208d   UART_Wireless_Send
0000305d   Wireless_ResetPin_Set
00001bfb   XBee_ATCommand
00001bcd   XBee_Initialize
00001be7   XBee_SendMsg
00003199   _Dclass
00002f29   _Dtest
20001600   __STACK_END
00001600   __STACK_SIZE
20000200   __STACK_TOP
00000800   __SYSMEM_SIZE
00003510   __TI_CINIT_Base
00003518   __TI_CINIT_Limit
00003508   __TI_Handler_Table_Base
00003510   __TI_Handler_Table_Limit
00000001   __TI_args_main
000028ad   __TI_auto_init
20001e6c   __TI_cleanup_ptr
000031db   __TI_decompress_none
00003259   __TI_decompress_rle24
20001e70   __TI_dtors_ptr
00000def   __TI_printfi
00000000   __TI_static_base__
000029d1   __aeabi_cdcmpeq
000029d1   __aeabi_cdcmple
00002a4f   __aeabi_cdrcmple
00002e59   __aeabi_d2iz
00001dab   __aeabi_dadd
000020e5   __aeabi_ddiv
00002581   __aeabi_dmul
00001da1   __aeabi_dsub
00003015   __aeabi_i2d
00003109   __aeabi_lmul
00002acd   __aeabi_memclr
00002acd   __aeabi_memclr4
00002acd   __aeabi_memclr8
00002811   __aeabi_memcpy
00002811   __aeabi_memcpy4
00002811   __aeabi_memcpy8
00002acf   __aeabi_memset
00002acf   __aeabi_memset4
00002acf   __aeabi_memset8
000017f5   __aeabi_uldivmod
ffffffff   __binit__
ffffffff   __c_args__
20000000   __stack
000030f1   _args_main
00002e11   _c_int00
00003264   _ctypes_
20001e64   _lock
0000315b   _nop
00003153   _register_lock
0000314d   _register_unlock
20001600   _sys_memory
20001e68   _unlock
00002ee9   abort
00002d7d   atoi
ffffffff   binit
0000148d   calloc
00002ea1   copy_in
00002ef1   exit
000011e7   free
00000000   g_pfnVectors
00002d21   ltoa
000019e9   main
20001e80   main_func_sp
00001185   malloc
000013ad   memalign
000030b9   memccpy
00002811   memcpy
00002ad5   memset
000010f9   minit
000012a7   realloc
00002c05   sprintf
000030d5   strcat
00003121   strcmp
000031ab   strcpy
00003161   strlen
00002fe1   strstr
000031bd   toupper


GLOBAL SYMBOLS: SORTED BY Symbol Address 

address    name
--------   ----
00000000   __TI_static_base__
00000000   g_pfnVectors
00000001   __TI_args_main
00000800   __SYSMEM_SIZE
00000def   __TI_printfi
000010f9   minit
00001185   malloc
000011e7   free
000012a7   realloc
000013ad   memalign
0000148d   calloc
000014c5   DataParse
00001583   ExtractDataString
000015eb   Tokenize
00001600   __STACK_SIZE
00001669   CharacterCompare
000016a5   ExtractSerialName
000017a1   NumDetect
000017f5   __aeabi_uldivmod
000019e9   main
00001bcd   XBee_Initialize
00001be7   XBee_SendMsg
00001bfb   XBee_ATCommand
00001c9f   ATCmdModeEnter
00001cdd   ATCmdModeExit
00001d1b   MessageDone
00001da1   __aeabi_dsub
00001dab   __aeabi_dadd
00001f59   UART_PC_Initialize
00001fa1   UART_PC_Receive
00001fd9   UART_PC_Send
00002011   UART_Wireless_Initialize
00002055   UART_Wireless_Receive
0000208d   UART_Wireless_Send
000020e5   __aeabi_ddiv
0000221b   GPIOPadConfigSet
0000234d   PC_CMDInit
0000239f   PC_GetCommand
0000240b   PC_SendMsg
0000247d   SysCtlClockSet
00002581   __aeabi_dmul
0000267d   TimerInitialize
000026a9   Timer0BIntHandler
000026eb   BlockingDelay
00002749   SysCtlClockGet
00002811   __aeabi_memcpy
00002811   __aeabi_memcpy4
00002811   __aeabi_memcpy8
00002811   memcpy
000028ad   __TI_auto_init
00002941   SystemClocksInitialize
000029d1   __aeabi_cdcmpeq
000029d1   __aeabi_cdcmple
00002a4f   __aeabi_cdrcmple
00002acd   __aeabi_memclr
00002acd   __aeabi_memclr4
00002acd   __aeabi_memclr8
00002acf   __aeabi_memset
00002acf   __aeabi_memset4
00002acf   __aeabi_memset8
00002ad5   memset
00002b45   IntDisable
00002ba5   IntEnable
00002c05   sprintf
00002cc5   TimerConfigure
00002d21   ltoa
00002d7d   atoi
00002dc9   GPIOPinConfigure
00002e11   _c_int00
00002e59   __aeabi_d2iz
00002ea1   copy_in
00002ee5   C$$EXIT
00002ee9   abort
00002ef1   exit
00002f29   _Dtest
00002f6d   UARTConfigSetExpClk
00002fad   SysCtlPeripheralEnable
00002fe1   strstr
00003015   __aeabi_i2d
00003045   GPIO_Pin_Initialize
0000305d   Wireless_ResetPin_Set
00003071   GPIODirModeSet
0000309d   UARTDisable
000030b9   memccpy
000030d5   strcat
000030f1   _args_main
00003109   __aeabi_lmul
00003121   strcmp
00003139   UARTEnable
0000314d   _register_unlock
00003153   _register_lock
0000315b   _nop
00003161   strlen
00003175   GPIOPinTypeUART
00003187   TimerLoadSet
00003199   _Dclass
000031ab   strcpy
000031bd   toupper
000031cd   TimerEnable
000031db   __TI_decompress_none
000031e9   CPUcpsie
000031f5   UARTCharsAvail
00003201   UARTSpaceAvail
0000320d   ResetISR
00003219   IntMasterEnable
00003223   TimerIntDisable
0000322d   UARTCharGet
00003237   UARTCharPut
00003241   UARTFIFOEnable
0000324b   TimerIntEnable
00003253   SysCtlDelay
00003259   __TI_decompress_rle24
0000325f   TimerIntClear
00003264   _ctypes_
00003508   __TI_Handler_Table_Base
00003510   __TI_CINIT_Base
00003510   __TI_Handler_Table_Limit
00003518   __TI_CINIT_Limit
20000000   __stack
20000200   __STACK_TOP
20001600   __STACK_END
20001600   _sys_memory
20001e00   CMDCodes
20001e60   GPIO_PinInit_Error
20001e64   _lock
20001e68   _unlock
20001e6c   __TI_cleanup_ptr
20001e70   __TI_dtors_ptr
20001e80   main_func_sp
ffffffff   __binit__
ffffffff   __c_args__
ffffffff   binit
UNDEFED    SHT$$INIT_ARRAY$$Base
UNDEFED    SHT$$INIT_ARRAY$$Limit

[134 symbols]
