******************************************************************************
                  TI ARM Linker PC v5.1.1                      
******************************************************************************
>> Linked Fri Mar 21 10:02:32 2014

OUTPUT FILE NAME:   <lab12.out>
ENTRY POINT SYMBOL: "_c_int00"  address: 00002b55


MEMORY CONFIGURATION

         name            origin    length      used     unused   attr    fill
----------------------  --------  ---------  --------  --------  ----  --------
  FLASH                 00000000   00040000  0000329e  0003cd62  R  X
  SRAM                  20000000   00008000  000006c8  00007938  RW X


SEGMENT ALLOCATION MAP

run origin  load origin   length   init length attrs members
----------  ----------- ---------- ----------- ----- -------
00000000    00000000    000032a0   000032a0    r-x
  00000000    00000000    0000026c   0000026c    r-- .intvecs
  0000026c    0000026c    00002da2   00002da2    r-x .text
  00003010    00003010    00000258   00000258    r-- .const
  00003268    00003268    00000038   00000038    r-- .cinit
20000000    20000000    000006c8   00000000    rw-
  20000000    20000000    00000320   00000000    rw- .stack
  20000320    20000320    00000320   00000000    rw- .sysmem
  20000640    20000640    00000088   00000000    rw- .data


SECTION ALLOCATION MAP

 output                                  attributes/
section   page    origin      length       input sections
--------  ----  ----------  ----------   ----------------
.intvecs   0    00000000    0000026c     
                  00000000    0000026c     tm4c123gh6pm_startup_ccs.obj (.intvecs)

.init_array 
*          0    00000000    00000000     UNINITIALIZED

.text      0    0000026c    00002da2     
                  0000026c    00000e8c     rtsv7M4_T_le_v4SPD16_eabi.lib : _printfi.obj (.text)
                  000010f8    000003cc                                   : memory.obj (.text)
                  000014c4    00000330     Parse.obj (.text)
                  000017f4    000001f4     rtsv7M4_T_le_v4SPD16_eabi.lib : ull_div_t2.obj (.text)
                  000019e8    000001d4     WirelessXBee.obj (.text)
                  00001bbc    000001b6     rtsv7M4_T_le_v4SPD16_eabi.lib : fd_add_t2.obj (.text)
                  00001d72    00000002     --HOLE-- [fill = 0]
                  00001d74    00000180     UART.obj (.text)
                  00001ef4    00000136     rtsv7M4_T_le_v4SPD16_eabi.lib : fd_div_t2.obj (.text)
                  0000202a    00000002     --HOLE-- [fill = 0]
                  0000202c    00000130     PC_CMD.obj (.text)
                  0000215c    00000104     driverlib.lib : sysctl.obj (.text:SysCtlClockSet)
                  00002260    000000fc     rtsv7M4_T_le_v4SPD16_eabi.lib : fd_mul_t2.obj (.text)
                  0000235c    000000dc     Timer.obj (.text)
                  00002438    000000c4     driverlib.lib : sysctl.obj (.text:SysCtlClockGet)
                  000024fc    000000b8                   : gpio.obj (.text:GPIOPadConfigSet)
                  000025b4    0000009c     rtsv7M4_T_le_v4SPD16_eabi.lib : memcpy_t2.obj (.text)
                  00002650    00000094                                   : auto_init.obj (.text)
                  000026e4    00000090     Clocks.obj (.text)
                  00002774    0000007e     rtsv7M4_T_le_v4SPD16_eabi.lib : fd_cmp_t2.obj (.text:__aeabi_cdcmple)
                  000027f2    0000007e                                   : fd_cmp_t2.obj (.text:__aeabi_cdrcmple)
                  00002870    00000078                                   : memset_t2.obj (.text)
                  000028e8    00000060     driverlib.lib : interrupt.obj (.text:IntDisable)
                  00002948    00000060                   : interrupt.obj (.text:IntEnable)
                  000029a8    00000060     rtsv7M4_T_le_v4SPD16_eabi.lib : sprintf.obj (.text)
                  00002a08    0000005e                                   : copy_decompress_rle.obj (.text)
                  00002a66    0000005a                                   : ltoa.obj (.text)
                  00002ac0    0000004c                                   : atoi.obj (.text)
                  00002b0c    00000048     driverlib.lib : gpio.obj (.text:GPIOPinConfigure)
                  00002b54    00000048     rtsv7M4_T_le_v4SPD16_eabi.lib : boot.obj (.text)
                  00002b9c    00000048                                   : fd_toi_t2.obj (.text)
                  00002be4    00000044                                   : cpy_tbl.obj (.text)
                  00002c28    00000044                                   : exit.obj (.text)
                  00002c6c    00000044                                   : xdtest.obj (.text)
                  00002cb0    00000040     driverlib.lib : uart.obj (.text:UARTConfigSetExpClk)
                  00002cf0    0000003e     main.obj (.text)
                  00002d2e    00000002     --HOLE-- [fill = 0]
                  00002d30    00000034     driverlib.lib : sysctl.obj (.text:SysCtlPeripheralEnable)
                  00002d64    00000034     rtsv7M4_T_le_v4SPD16_eabi.lib : strstr.obj (.text)
                  00002d98    0000002e                                   : i_tofd_t2.obj (.text)
                  00002dc6    00000002     --HOLE-- [fill = 0]
                  00002dc8    0000002c     GPIO_Pin.obj (.text)
                  00002df4    0000002a     driverlib.lib : gpio.obj (.text:GPIODirModeSet)
                  00002e1e    00000002     --HOLE-- [fill = 0]
                  00002e20    00000028                   : timer.obj (.text:TimerConfigure)
                  00002e48    0000001c                   : uart.obj (.text:UARTDisable)
                  00002e64    0000001c     rtsv7M4_T_le_v4SPD16_eabi.lib : memccpy.obj (.text)
                  00002e80    0000001a                                   : strcat.obj (.text)
                  00002e9a    00000002     --HOLE-- [fill = 0]
                  00002e9c    00000018                                   : args_main.obj (.text)
                  00002eb4    00000018                                   : ll_mul_t2.obj (.text)
                  00002ecc    00000018                                   : strcmp.obj (.text)
                  00002ee4    00000014     driverlib.lib : uart.obj (.text:UARTEnable)
                  00002ef8    00000014     rtsv7M4_T_le_v4SPD16_eabi.lib : _lock.obj (.text)
                  00002f0c    00000014                                   : strlen.obj (.text)
                  00002f20    00000012     driverlib.lib : gpio.obj (.text:GPIOPinTypeUART)
                  00002f32    00000012                   : timer.obj (.text:TimerLoadSet)
                  00002f44    00000012     rtsv7M4_T_le_v4SPD16_eabi.lib : xdclass.obj (.text)
                  00002f56    00000010                                   : strcpy.obj (.text)
                  00002f66    00000002     --HOLE-- [fill = 0]
                  00002f68    00000010                                   : toupper.obj (.text)
                  00002f78    0000000e     driverlib.lib : timer.obj (.text:TimerEnable)
                  00002f86    0000000e     rtsv7M4_T_le_v4SPD16_eabi.lib : copy_decompress_none.obj (.text:decompress:none)
                  00002f94    0000000c     driverlib.lib : cpu.obj (.text:CPUcpsie)
                  00002fa0    0000000c                   : uart.obj (.text:UARTCharsAvail)
                  00002fac    0000000c                   : uart.obj (.text:UARTSpaceAvail)
                  00002fb8    0000000c     tm4c123gh6pm_startup_ccs.obj (.text)
                  00002fc4    0000000a     driverlib.lib : interrupt.obj (.text:IntMasterEnable)
                  00002fce    0000000a                   : timer.obj (.text:TimerIntDisable)
                  00002fd8    0000000a                   : uart.obj (.text:UARTCharGet)
                  00002fe2    0000000a                   : uart.obj (.text:UARTCharPut)
                  00002fec    0000000a                   : uart.obj (.text:UARTFIFOEnable)
                  00002ff6    00000008                   : timer.obj (.text:TimerIntEnable)
                  00002ffe    00000006                   : sysctl.obj (.text:SysCtlDelay)
                  00003004    00000006     rtsv7M4_T_le_v4SPD16_eabi.lib : copy_decompress_rle.obj (.text:decompress:rle24)
                  0000300a    00000004     driverlib.lib : timer.obj (.text:TimerIntClear)

.const     0    00003010    00000258     
                  00003010    00000102     rtsv7M4_T_le_v4SPD16_eabi.lib : ctype.obj (.const:.string:_ctypes_)
                  00003112    00000002     --HOLE-- [fill = 0]
                  00003114    00000078     driverlib.lib : gpio.obj (.const:g_pui32GPIOBaseAddrs)
                  0000318c    00000070                   : interrupt.obj (.const)
                  000031fc    0000006c                   : sysctl.obj (.const:g_pui32Xtals)

.cinit     0    00003268    00000038     
                  00003268    00000026     (.cinit..data.load) [load image, compression = rle]
                  0000328e    00000002     --HOLE-- [fill = 0]
                  00003290    00000008     (__TI_handler_table)
                  00003298    00000008     (__TI_cinit_table)

.stack     0    20000000    00000320     UNINITIALIZED
                  20000000    00000320     --HOLE--

.sysmem    0    20000320    00000320     UNINITIALIZED
                  20000320    00000008     rtsv7M4_T_le_v4SPD16_eabi.lib : memory.obj (.sysmem)
                  20000328    00000318     --HOLE--

.data      0    20000640    00000088     UNINITIALIZED
                  20000640    00000041     PC_CMD.obj (.data:CMDCodes)
                  20000681    00000003     --HOLE--
                  20000684    00000010     Timer.obj (.data)
                  20000694    0000000c     rtsv7M4_T_le_v4SPD16_eabi.lib : memory.obj (.data)
                  200006a0    00000008     GPIO_Pin.obj (.data)
                  200006a8    00000008     rtsv7M4_T_le_v4SPD16_eabi.lib : _lock.obj (.data)
                  200006b0    00000008                                   : exit.obj (.data)
                  200006b8    00000005     WirelessXBee.obj (.data)
                  200006bd    00000003     --HOLE--
                  200006c0    00000004     Clocks.obj (.data)
                  200006c4    00000004     rtsv7M4_T_le_v4SPD16_eabi.lib : stkdepth_vars.obj (.data)


LINKER GENERATED COPY TABLES

__TI_cinit_table @ 00003298 records: 1, size/record: 8, table size: 8
	.data: load addr=00003268, load size=00000026 bytes, run addr=20000640, run size=00000088 bytes, compression=rle


LINKER GENERATED HANDLER TABLE

__TI_handler_table @ 00003290 records: 2, size/record: 4, table size: 8
	index: 0, handler: __TI_decompress_rle24
	index: 1, handler: __TI_decompress_none


GLOBAL SYMBOLS: SORTED ALPHABETICALLY BY Name 

address    name
--------   ----
00001ac3   ATCmdModeEnter
00001b01   ATCmdModeExit
000023cb   BlockingDelay
00002c29   C$$EXIT
20000640   CMDCodes
00002f95   CPUcpsie
00001669   CharacterCompare
000014c5   DataParse
00001583   ExtractDataString
000016a5   ExtractSerialName
00002df5   GPIODirModeSet
000024fd   GPIOPadConfigSet
00002b0d   GPIOPinConfigure
00002f21   GPIOPinTypeUART
200006a4   GPIO_PinInit_Error
00002dc9   GPIO_Pin_Initialize
000028e9   IntDisable
00002949   IntEnable
00002fc5   IntMasterEnable
00001b3f   MessageDone
000017a1   NumDetect
0000202d   PC_CMDInit
0000207f   PC_GetCommand
000020eb   PC_SendMsg
00002fb9   ResetISR
UNDEFED    SHT$$INIT_ARRAY$$Base
UNDEFED    SHT$$INIT_ARRAY$$Limit
00002439   SysCtlClockGet
0000215d   SysCtlClockSet
00002fff   SysCtlDelay
00002d31   SysCtlPeripheralEnable
000026e5   SystemClocksInitialize
00002389   Timer0BIntHandler
00002e21   TimerConfigure
00002f79   TimerEnable
0000235d   TimerInitialize
0000300b   TimerIntClear
00002fcf   TimerIntDisable
00002ff7   TimerIntEnable
00002f33   TimerLoadSet
000015eb   Tokenize
00002fd9   UARTCharGet
00002fe3   UARTCharPut
00002fa1   UARTCharsAvail
00002cb1   UARTConfigSetExpClk
00002e49   UARTDisable
00002ee5   UARTEnable
00002fed   UARTFIFOEnable
00002fad   UARTSpaceAvail
00001d75   UART_PC_Initialize
00001daf   UART_PC_Receive
00001de7   UART_PC_Send
00001e1f   UART_Wireless_Initialize
00001e63   UART_Wireless_Receive
00001e9b   UART_Wireless_Send
00002de1   Wireless_ResetPin_Set
00001a2f   XBee_ATCommand
000019e9   XBee_Initialize
00001a1b   XBee_SendMsg
00002f45   _Dclass
00002c6d   _Dtest
20000320   __STACK_END
00000320   __STACK_SIZE
20000200   __STACK_TOP
00000320   __SYSMEM_SIZE
00003298   __TI_CINIT_Base
000032a0   __TI_CINIT_Limit
00003290   __TI_Handler_Table_Base
00003298   __TI_Handler_Table_Limit
00000001   __TI_args_main
00002651   __TI_auto_init
200006b0   __TI_cleanup_ptr
00002f87   __TI_decompress_none
00003005   __TI_decompress_rle24
200006b4   __TI_dtors_ptr
00000def   __TI_printfi
00000000   __TI_static_base__
00002775   __aeabi_cdcmpeq
00002775   __aeabi_cdcmple
000027f3   __aeabi_cdrcmple
00002b9d   __aeabi_d2iz
00001bc7   __aeabi_dadd
00001ef5   __aeabi_ddiv
00002261   __aeabi_dmul
00001bbd   __aeabi_dsub
00002d99   __aeabi_i2d
00002eb5   __aeabi_lmul
00002871   __aeabi_memclr
00002871   __aeabi_memclr4
00002871   __aeabi_memclr8
000025b5   __aeabi_memcpy
000025b5   __aeabi_memcpy4
000025b5   __aeabi_memcpy8
00002873   __aeabi_memset
00002873   __aeabi_memset4
00002873   __aeabi_memset8
000017f5   __aeabi_uldivmod
ffffffff   __binit__
ffffffff   __c_args__
20000000   __stack
00002e9d   _args_main
00002b55   _c_int00
00003010   _ctypes_
200006a8   _lock
00002f07   _nop
00002eff   _register_lock
00002ef9   _register_unlock
20000320   _sys_memory
200006ac   _unlock
00002c2d   abort
00002ac1   atoi
ffffffff   binit
0000148d   calloc
00002be5   copy_in
00002c35   exit
000011e7   free
00000000   g_pfnVectors
00002a67   ltoa
00002cf1   main
200006c4   main_func_sp
00001185   malloc
000013ad   memalign
00002e65   memccpy
000025b5   memcpy
00002879   memset
000010f9   minit
000012a7   realloc
000029a9   sprintf
00002e81   strcat
00002ecd   strcmp
00002f57   strcpy
00002f0d   strlen
00002d65   strstr
00002f69   toupper


GLOBAL SYMBOLS: SORTED BY Symbol Address 

address    name
--------   ----
00000000   __TI_static_base__
00000000   g_pfnVectors
00000001   __TI_args_main
00000320   __STACK_SIZE
00000320   __SYSMEM_SIZE
00000def   __TI_printfi
000010f9   minit
00001185   malloc
000011e7   free
000012a7   realloc
000013ad   memalign
0000148d   calloc
000014c5   DataParse
00001583   ExtractDataString
000015eb   Tokenize
00001669   CharacterCompare
000016a5   ExtractSerialName
000017a1   NumDetect
000017f5   __aeabi_uldivmod
000019e9   XBee_Initialize
00001a1b   XBee_SendMsg
00001a2f   XBee_ATCommand
00001ac3   ATCmdModeEnter
00001b01   ATCmdModeExit
00001b3f   MessageDone
00001bbd   __aeabi_dsub
00001bc7   __aeabi_dadd
00001d75   UART_PC_Initialize
00001daf   UART_PC_Receive
00001de7   UART_PC_Send
00001e1f   UART_Wireless_Initialize
00001e63   UART_Wireless_Receive
00001e9b   UART_Wireless_Send
00001ef5   __aeabi_ddiv
0000202d   PC_CMDInit
0000207f   PC_GetCommand
000020eb   PC_SendMsg
0000215d   SysCtlClockSet
00002261   __aeabi_dmul
0000235d   TimerInitialize
00002389   Timer0BIntHandler
000023cb   BlockingDelay
00002439   SysCtlClockGet
000024fd   GPIOPadConfigSet
000025b5   __aeabi_memcpy
000025b5   __aeabi_memcpy4
000025b5   __aeabi_memcpy8
000025b5   memcpy
00002651   __TI_auto_init
000026e5   SystemClocksInitialize
00002775   __aeabi_cdcmpeq
00002775   __aeabi_cdcmple
000027f3   __aeabi_cdrcmple
00002871   __aeabi_memclr
00002871   __aeabi_memclr4
00002871   __aeabi_memclr8
00002873   __aeabi_memset
00002873   __aeabi_memset4
00002873   __aeabi_memset8
00002879   memset
000028e9   IntDisable
00002949   IntEnable
000029a9   sprintf
00002a67   ltoa
00002ac1   atoi
00002b0d   GPIOPinConfigure
00002b55   _c_int00
00002b9d   __aeabi_d2iz
00002be5   copy_in
00002c29   C$$EXIT
00002c2d   abort
00002c35   exit
00002c6d   _Dtest
00002cb1   UARTConfigSetExpClk
00002cf1   main
00002d31   SysCtlPeripheralEnable
00002d65   strstr
00002d99   __aeabi_i2d
00002dc9   GPIO_Pin_Initialize
00002de1   Wireless_ResetPin_Set
00002df5   GPIODirModeSet
00002e21   TimerConfigure
00002e49   UARTDisable
00002e65   memccpy
00002e81   strcat
00002e9d   _args_main
00002eb5   __aeabi_lmul
00002ecd   strcmp
00002ee5   UARTEnable
00002ef9   _register_unlock
00002eff   _register_lock
00002f07   _nop
00002f0d   strlen
00002f21   GPIOPinTypeUART
00002f33   TimerLoadSet
00002f45   _Dclass
00002f57   strcpy
00002f69   toupper
00002f79   TimerEnable
00002f87   __TI_decompress_none
00002f95   CPUcpsie
00002fa1   UARTCharsAvail
00002fad   UARTSpaceAvail
00002fb9   ResetISR
00002fc5   IntMasterEnable
00002fcf   TimerIntDisable
00002fd9   UARTCharGet
00002fe3   UARTCharPut
00002fed   UARTFIFOEnable
00002ff7   TimerIntEnable
00002fff   SysCtlDelay
00003005   __TI_decompress_rle24
0000300b   TimerIntClear
00003010   _ctypes_
00003290   __TI_Handler_Table_Base
00003298   __TI_CINIT_Base
00003298   __TI_Handler_Table_Limit
000032a0   __TI_CINIT_Limit
20000000   __stack
20000200   __STACK_TOP
20000320   __STACK_END
20000320   _sys_memory
20000640   CMDCodes
200006a4   GPIO_PinInit_Error
200006a8   _lock
200006ac   _unlock
200006b0   __TI_cleanup_ptr
200006b4   __TI_dtors_ptr
200006c4   main_func_sp
ffffffff   __binit__
ffffffff   __c_args__
ffffffff   binit
UNDEFED    SHT$$INIT_ARRAY$$Base
UNDEFED    SHT$$INIT_ARRAY$$Limit

[134 symbols]
