******************************************************************************
                  TI ARM Linker PC v5.0.4                      
******************************************************************************
>> Linked Mon Sep 15 13:59:03 2014

OUTPUT FILE NAME:   <louis.coyleii_ece399_1_fib.out>
ENTRY POINT SYMBOL: "_c_int00"  address: 00002ba9


MEMORY CONFIGURATION

         name            origin    length      used     unused   attr    fill
----------------------  --------  ---------  --------  --------  ----  --------
  FLASH                 00000000   00040000  00003021  0003cfdf  R  X
  SRAM                  20000000   00008000  000005c0  00007a40  RW X


SEGMENT ALLOCATION MAP

run origin  load origin   length   init length attrs members
----------  ----------- ---------- ----------- ----- -------
00000000    00000000    00003028   00003028    r-x
  00000000    00000000    0000026c   0000026c    r-- .intvecs
  0000026c    0000026c    00002c14   00002c14    r-x .text
  00002e80    00002e80    00000101   00000101    r-- .const
  00002f88    00002f88    000000a0   000000a0    r-- .cinit
20000000    20000000    00000200   00000000    rw-
  20000000    20000000    00000200   00000000    rw- .stack
20000200    20000200    000003c0   000001f0    rw-
  20000200    20000200    000001f0   000001f0    rw- .data
  200003f0    200003f0    000001c8   00000000    rw- .bss
  200005b8    200005b8    00000008   00000000    rw- .sysmem


SECTION ALLOCATION MAP

 output                                  attributes/
section   page    origin      length       input sections
--------  ----  ----------  ----------   ----------------
.intvecs   0    00000000    0000026c     
                  00000000    0000026c     tm4c123gh6pm_startup_ccs.obj (.intvecs)

.init_array 
*          0    00000000    00000000     UNINITIALIZED

.text      0    0000026c    00002c14     
                  0000026c    00000e9e     rtsv7M4_T_le_v4SPD16_eabi.lib : _printfi.obj (.text)
                  0000110a    00000002     --HOLE-- [fill = 0]
                  0000110c    000003d8                                   : memory.obj (.text)
                  000014e4    00000378                                   : lowlev.obj (.text)
                  0000185c    000002e4                                   : trgdrv.obj (.text)
                  00001b40    000001f4                                   : ull_div_t2.obj (.text)
                  00001d34    000001c0                                   : fopen.obj (.text)
                  00001ef4    000001b6                                   : fd_add_t2.obj (.text)
                  000020aa    00000136                                   : fd_div_t2.obj (.text)
                  000021e0    00000130                                   : fputs.obj (.text)
                  00002310    000000fc                                   : fd_mul_t2.obj (.text)
                  0000240c    000000cc                                   : setvbuf.obj (.text)
                  000024d8    000000ac                                   : _io_perm.obj (.text)
                  00002584    000000a8                                   : fflush.obj (.text)
                  0000262c    0000009c                                   : fputc.obj (.text)
                  000026c8    0000009c                                   : memcpy_t2.obj (.text)
                  00002764    00000094                                   : auto_init.obj (.text)
                  000027f8    00000084                                   : fclose.obj (.text)
                  0000287c    0000007e                                   : fd_cmp_t2.obj (.text)
                  000028fa    00000078                                   : memset_t2.obj (.text)
                  00002972    00000002     --HOLE-- [fill = 0]
                  00002974    00000070                                   : printf.obj (.text)
                  000029e4    00000064                                   : fseek.obj (.text)
                  00002a48    00000060                                   : trgmsg.obj (.text)
                  00002aa8    0000005e                                   : copy_decompress_rle.obj (.text)
                  00002b06    00000056                                   : ltoa.obj (.text)
                  00002b5c    0000004c                                   : atoi.obj (.text)
                  00002ba8    00000048                                   : boot.obj (.text)
                  00002bf0    00000048                                   : fd_toi_t2.obj (.text)
                  00002c38    00000044                                   : cpy_tbl.obj (.text)
                  00002c7c    00000044                                   : xdtest.obj (.text)
                  00002cc0    00000040                                   : exit.obj (.text)
                  00002d00    00000030                                   : strncpy.obj (.text)
                  00002d30    0000002e                                   : i_tofd_t2.obj (.text)
                  00002d5e    0000001c                                   : memccpy.obj (.text)
                  00002d7a    00000002     --HOLE-- [fill = 0]
                  00002d7c    00000018                                   : args_main.obj (.text)
                  00002d94    00000018                                   : ll_mul_t2.obj (.text)
                  00002dac    00000018                                   : strcmp.obj (.text)
                  00002dc4    00000016                                   : memchr.obj (.text)
                  00002dda    00000016                                   : strchr.obj (.text)
                  00002df0    00000014                                   : _lock.obj (.text)
                  00002e04    00000014                                   : strlen.obj (.text)
                  00002e18    00000013     louis.coyleii_ece399_1_1.obj (.text)
                  00002e2b    00000001     --HOLE-- [fill = 0]
                  00002e2c    00000012     rtsv7M4_T_le_v4SPD16_eabi.lib : copy_zero_init.obj (.text:decompress:ZI)
                  00002e3e    00000012                                   : xdclass.obj (.text)
                  00002e50    00000010                                   : strcpy.obj (.text)
                  00002e60    0000000e                                   : copy_decompress_none.obj (.text:decompress:none)
                  00002e6e    0000000c     tm4c123gh6pm_startup_ccs.obj (.text)
                  00002e7a    00000006     rtsv7M4_T_le_v4SPD16_eabi.lib : copy_decompress_rle.obj (.text:decompress:rle24)

.const     0    00002e80    00000101     
                  00002e80    00000101     rtsv7M4_T_le_v4SPD16_eabi.lib : ctype.obj (.const:.string:_ctypes_)

.cinit     0    00002f88    000000a0     
                  00002f88    00000077     (.cinit..data.load) [load image, compression = rle]
                  00002fff    00000001     --HOLE-- [fill = 0]
                  00003000    0000000c     (__TI_handler_table)
                  0000300c    00000004     --HOLE-- [fill = 0]
                  00003010    00000008     (.cinit..bss.load) [load image, compression = zero_init]
                  00003018    00000010     (__TI_cinit_table)

.stack     0    20000000    00000200     UNINITIALIZED
                  20000000    00000200     --HOLE--

.data      0    20000200    000001f0     
                  20000200    000000f0     rtsv7M4_T_le_v4SPD16_eabi.lib : defs.obj (.data:_ftable)
                  200002f0    000000cc                                   : lowlev.obj (.data)
                  200003bc    00000010                                   : defs.obj (.data)
                  200003cc    0000000c                                   : memory.obj (.data)
                  200003d8    00000008                                   : _lock.obj (.data)
                  200003e0    00000008                                   : exit.obj (.data)
                  200003e8    00000004                                   : fopen.obj (.data)
                  200003ec    00000004                                   : stkdepth_vars.obj (.data)

.bss       0    200003f0    000001c8     UNINITIALIZED
                  200003f0    00000120     rtsv7M4_T_le_v4SPD16_eabi.lib : trgmsg.obj (.bss:__CIOBUF_)
                  20000510    000000a0                                   : defs.obj (.bss:_tmpnams)
                  200005b0    00000008                                   : trgdrv.obj (.bss)

.sysmem    0    200005b8    00000008     UNINITIALIZED
                  200005b8    00000008     rtsv7M4_T_le_v4SPD16_eabi.lib : memory.obj (.sysmem)


LINKER GENERATED COPY TABLES

__TI_cinit_table @ 00003018 records: 2, size/record: 8, table size: 16
	.data: load addr=00002f88, load size=00000077 bytes, run addr=20000200, run size=000001f0 bytes, compression=rle
	.bss: load addr=00003010, load size=00000008 bytes, run addr=200003f0, run size=000001c8 bytes, compression=zero_init


LINKER GENERATED HANDLER TABLE

__TI_handler_table @ 00003000 records: 3, size/record: 4, table size: 12
	index: 0, handler: __TI_decompress_rle24
	index: 1, handler: __TI_decompress_none
	index: 2, handler: __TI_zero_init


GLOBAL SYMBOLS: SORTED ALPHABETICALLY BY Name 

address    name
--------   ----
00002cc1   C$$EXIT
00002a73   C$$IO$$
00001af3   HOSTclock
00001ab9   HOSTclose
00001a7b   HOSTgetenv
00001a1f   HOSTlseek
000019cf   HOSTopen
00001981   HOSTread
00001921   HOSTrename
000018e5   HOSTtime
000018ab   HOSTunlink
0000185d   HOSTwrite
00002e6f   ResetISR
UNDEFED    SHT$$INIT_ARRAY$$Base
UNDEFED    SHT$$INIT_ARRAY$$Limit
00002e3f   _Dclass
00002c7d   _Dtest
200003f0   __CIOBUF_
20000200   __STACK_END
00000200   __STACK_SIZE
20000200   __STACK_TOP
00000008   __SYSMEM_SIZE
00003018   __TI_CINIT_Base
00003028   __TI_CINIT_Limit
00003000   __TI_Handler_Table_Base
0000300c   __TI_Handler_Table_Limit
00000001   __TI_args_main
00002765   __TI_auto_init
00002e61   __TI_decompress_none
00002e7b   __TI_decompress_rle24
00000000   __TI_static_base__
00002e2d   __TI_zero_init
0000287d   __aeabi_cdcmpeq
0000287d   __aeabi_cdcmple
00002bf1   __aeabi_d2iz
00001eff   __aeabi_dadd
000020ab   __aeabi_ddiv
00002311   __aeabi_dmul
00001ef5   __aeabi_dsub
00002d31   __aeabi_i2d
00002d95   __aeabi_lmul
000028fb   __aeabi_memclr
000028fb   __aeabi_memclr4
000028fb   __aeabi_memclr8
000026c9   __aeabi_memcpy
000026c9   __aeabi_memcpy4
000026c9   __aeabi_memcpy8
000028fd   __aeabi_memset
000028fd   __aeabi_memset4
000028fd   __aeabi_memset8
200003c8   __aeabi_stderr
200003c0   __aeabi_stdin
200003c4   __aeabi_stdout
00001b41   __aeabi_uldivmod
ffffffff   __binit__
ffffffff   __c_args__
20000000   __stack
00002d7d   _args_main
00002ba9   _c_int00
00001dfd   _cleanup
200003e0   _cleanup_ptr
000027f9   _closefile
00002e80   _ctypes_
00002585   _doflush
200003e4   _dtors_ptr
200003bc   _ft_end
20000200   _ftable
200003d8   _lock
00002dff   _nop
00000e03   _printfi
0000253b   _rd_ok
00002df7   _register_lock
00002df1   _register_unlock
200005b8   _sys_memory
20000510   _tmpnams
200003dc   _unlock
000024d9   _wrt_ok
00002cc5   abort
000017c9   add_device
00002b5d   atoi
ffffffff   binit
000014a5   calloc
00001775   close
00002c39   copy_in
00002ccd   exit
00002853   fclose
000025d1   fflush
00001e53   fopen
0000262d   fputc
000021e1   fputs
000011fb   free
00001e29   freopen
000029e5   fseek
00000000   g_pfnVectors
00001727   lseek
00002b07   ltoa
00002e19   main
200003ec   main_func_sp
00001199   malloc
000013cf   memalign
00002d5f   memccpy
00002dc5   memchr
000026c9   memcpy
00002903   memset
0000110d   minit
0000169b   open
0000297d   printf
000026b3   putc
000026b7   putchar
000022e9   puts
00001623   read
00002a77   readmsg
000012c5   realloc
0000159b   remove
000015fb   remove_device
000015bf   rename
0000240d   setvbuf
00002ddb   strchr
00002dad   strcmp
00002e51   strcpy
00002e05   strlen
00002d01   strncpy
0000159b   unlink
000014e5   write
00002a49   writemsg


GLOBAL SYMBOLS: SORTED BY Symbol Address 

address    name
--------   ----
00000000   __TI_static_base__
00000000   g_pfnVectors
00000001   __TI_args_main
00000008   __SYSMEM_SIZE
00000200   __STACK_SIZE
00000e03   _printfi
0000110d   minit
00001199   malloc
000011fb   free
000012c5   realloc
000013cf   memalign
000014a5   calloc
000014e5   write
0000159b   remove
0000159b   unlink
000015bf   rename
000015fb   remove_device
00001623   read
0000169b   open
00001727   lseek
00001775   close
000017c9   add_device
0000185d   HOSTwrite
000018ab   HOSTunlink
000018e5   HOSTtime
00001921   HOSTrename
00001981   HOSTread
000019cf   HOSTopen
00001a1f   HOSTlseek
00001a7b   HOSTgetenv
00001ab9   HOSTclose
00001af3   HOSTclock
00001b41   __aeabi_uldivmod
00001dfd   _cleanup
00001e29   freopen
00001e53   fopen
00001ef5   __aeabi_dsub
00001eff   __aeabi_dadd
000020ab   __aeabi_ddiv
000021e1   fputs
000022e9   puts
00002311   __aeabi_dmul
0000240d   setvbuf
000024d9   _wrt_ok
0000253b   _rd_ok
00002585   _doflush
000025d1   fflush
0000262d   fputc
000026b3   putc
000026b7   putchar
000026c9   __aeabi_memcpy
000026c9   __aeabi_memcpy4
000026c9   __aeabi_memcpy8
000026c9   memcpy
00002765   __TI_auto_init
000027f9   _closefile
00002853   fclose
0000287d   __aeabi_cdcmpeq
0000287d   __aeabi_cdcmple
000028fb   __aeabi_memclr
000028fb   __aeabi_memclr4
000028fb   __aeabi_memclr8
000028fd   __aeabi_memset
000028fd   __aeabi_memset4
000028fd   __aeabi_memset8
00002903   memset
0000297d   printf
000029e5   fseek
00002a49   writemsg
00002a73   C$$IO$$
00002a77   readmsg
00002b07   ltoa
00002b5d   atoi
00002ba9   _c_int00
00002bf1   __aeabi_d2iz
00002c39   copy_in
00002c7d   _Dtest
00002cc1   C$$EXIT
00002cc5   abort
00002ccd   exit
00002d01   strncpy
00002d31   __aeabi_i2d
00002d5f   memccpy
00002d7d   _args_main
00002d95   __aeabi_lmul
00002dad   strcmp
00002dc5   memchr
00002ddb   strchr
00002df1   _register_unlock
00002df7   _register_lock
00002dff   _nop
00002e05   strlen
00002e19   main
00002e2d   __TI_zero_init
00002e3f   _Dclass
00002e51   strcpy
00002e61   __TI_decompress_none
00002e6f   ResetISR
00002e7b   __TI_decompress_rle24
00002e80   _ctypes_
00003000   __TI_Handler_Table_Base
0000300c   __TI_Handler_Table_Limit
00003018   __TI_CINIT_Base
00003028   __TI_CINIT_Limit
20000000   __stack
20000200   __STACK_END
20000200   __STACK_TOP
20000200   _ftable
200003bc   _ft_end
200003c0   __aeabi_stdin
200003c4   __aeabi_stdout
200003c8   __aeabi_stderr
200003d8   _lock
200003dc   _unlock
200003e0   _cleanup_ptr
200003e4   _dtors_ptr
200003ec   main_func_sp
200003f0   __CIOBUF_
20000510   _tmpnams
200005b8   _sys_memory
ffffffff   __binit__
ffffffff   __c_args__
ffffffff   binit
UNDEFED    SHT$$INIT_ARRAY$$Base
UNDEFED    SHT$$INIT_ARRAY$$Limit

[125 symbols]
