<?xml version="1.0"?>
<link_info>
   <banner>TI ARM Linker PC v5.1.1</banner>
   <copyright>Copyright (c) 1996-2013 Texas Instruments Incorporated</copyright>
   <link_time>0x541faba9</link_time>
   <link_errors>0x0</link_errors>
   <output_file>ece399_louis.coyleii_2_mul.out</output_file>
   <entry_point>
      <name>_c_int00</name>
      <address>0x43d1</address>
   </entry_point>
   <input_file_list>
      <input_file id="fl-2">
         <path>.\</path>
         <kind>object</kind>
         <file>tm4c123gh6pm_startup_ccs.obj</file>
         <name>tm4c123gh6pm_startup_ccs.obj</name>
      </input_file>
      <input_file id="fl-3">
         <path>.\</path>
         <kind>object</kind>
         <file>ece399_louis.coyleii_2_mul.obj</file>
         <name>ece399_louis.coyleii_2_mul.obj</name>
      </input_file>
      <input_file id="fl-131">
         <path>D:\ti\ccsv5\tools\compiler\arm_5.1.1\lib\</path>
         <kind>archive</kind>
         <file>rtsv7M4_T_le_v4SPD16_eabi.lib</file>
         <name>boot.obj</name>
      </input_file>
      <input_file id="fl-132">
         <path>D:\ti\ccsv5\tools\compiler\arm_5.1.1\lib\</path>
         <kind>archive</kind>
         <file>rtsv7M4_T_le_v4SPD16_eabi.lib</file>
         <name>copy_decompress_none.obj</name>
      </input_file>
      <input_file id="fl-133">
         <path>D:\ti\ccsv5\tools\compiler\arm_5.1.1\lib\</path>
         <kind>archive</kind>
         <file>rtsv7M4_T_le_v4SPD16_eabi.lib</file>
         <name>copy_decompress_rle.obj</name>
      </input_file>
      <input_file id="fl-134">
         <path>D:\ti\ccsv5\tools\compiler\arm_5.1.1\lib\</path>
         <kind>archive</kind>
         <file>rtsv7M4_T_le_v4SPD16_eabi.lib</file>
         <name>copy_zero_init.obj</name>
      </input_file>
      <input_file id="fl-135">
         <path>D:\ti\ccsv5\tools\compiler\arm_5.1.1\lib\</path>
         <kind>archive</kind>
         <file>rtsv7M4_T_le_v4SPD16_eabi.lib</file>
         <name>exit.obj</name>
      </input_file>
      <input_file id="fl-136">
         <path>D:\ti\ccsv5\tools\compiler\arm_5.1.1\lib\</path>
         <kind>archive</kind>
         <file>rtsv7M4_T_le_v4SPD16_eabi.lib</file>
         <name>fscanf.obj</name>
      </input_file>
      <input_file id="fl-137">
         <path>D:\ti\ccsv5\tools\compiler\arm_5.1.1\lib\</path>
         <kind>archive</kind>
         <file>rtsv7M4_T_le_v4SPD16_eabi.lib</file>
         <name>memcpy_t2.obj</name>
      </input_file>
      <input_file id="fl-138">
         <path>D:\ti\ccsv5\tools\compiler\arm_5.1.1\lib\</path>
         <kind>archive</kind>
         <file>rtsv7M4_T_le_v4SPD16_eabi.lib</file>
         <name>printf.obj</name>
      </input_file>
      <input_file id="fl-139">
         <path>D:\ti\ccsv5\tools\compiler\arm_5.1.1\lib\</path>
         <kind>archive</kind>
         <file>rtsv7M4_T_le_v4SPD16_eabi.lib</file>
         <name>stkdepth_vars.obj</name>
      </input_file>
      <input_file id="fl-13a">
         <path>D:\ti\ccsv5\tools\compiler\arm_5.1.1\lib\</path>
         <kind>archive</kind>
         <file>rtsv7M4_T_le_v4SPD16_eabi.lib</file>
         <name>ungetc.obj</name>
      </input_file>
      <input_file id="fl-13b">
         <path>D:\ti\ccsv5\tools\compiler\arm_5.1.1\lib\</path>
         <kind>archive</kind>
         <file>rtsv7M4_T_le_v4SPD16_eabi.lib</file>
         <name>_lock.obj</name>
      </input_file>
      <input_file id="fl-13c">
         <path>D:\ti\ccsv5\tools\compiler\arm_5.1.1\lib\</path>
         <kind>archive</kind>
         <file>rtsv7M4_T_le_v4SPD16_eabi.lib</file>
         <name>_printfi.obj</name>
      </input_file>
      <input_file id="fl-13d">
         <path>D:\ti\ccsv5\tools\compiler\arm_5.1.1\lib\</path>
         <kind>archive</kind>
         <file>rtsv7M4_T_le_v4SPD16_eabi.lib</file>
         <name>_scanfi.obj</name>
      </input_file>
      <input_file id="fl-13e">
         <path>D:\ti\ccsv5\tools\compiler\arm_5.1.1\lib\</path>
         <kind>archive</kind>
         <file>rtsv7M4_T_le_v4SPD16_eabi.lib</file>
         <name>args_main.obj</name>
      </input_file>
      <input_file id="fl-13f">
         <path>D:\ti\ccsv5\tools\compiler\arm_5.1.1\lib\</path>
         <kind>archive</kind>
         <file>rtsv7M4_T_le_v4SPD16_eabi.lib</file>
         <name>atoi.obj</name>
      </input_file>
      <input_file id="fl-140">
         <path>D:\ti\ccsv5\tools\compiler\arm_5.1.1\lib\</path>
         <kind>archive</kind>
         <file>rtsv7M4_T_le_v4SPD16_eabi.lib</file>
         <name>auto_init.obj</name>
      </input_file>
      <input_file id="fl-141">
         <path>D:\ti\ccsv5\tools\compiler\arm_5.1.1\lib\</path>
         <kind>archive</kind>
         <file>rtsv7M4_T_le_v4SPD16_eabi.lib</file>
         <name>cpy_tbl.obj</name>
      </input_file>
      <input_file id="fl-142">
         <path>D:\ti\ccsv5\tools\compiler\arm_5.1.1\lib\</path>
         <kind>archive</kind>
         <file>rtsv7M4_T_le_v4SPD16_eabi.lib</file>
         <name>ctype.obj</name>
      </input_file>
      <input_file id="fl-143">
         <path>D:\ti\ccsv5\tools\compiler\arm_5.1.1\lib\</path>
         <kind>archive</kind>
         <file>rtsv7M4_T_le_v4SPD16_eabi.lib</file>
         <name>defs.obj</name>
      </input_file>
      <input_file id="fl-144">
         <path>D:\ti\ccsv5\tools\compiler\arm_5.1.1\lib\</path>
         <kind>archive</kind>
         <file>rtsv7M4_T_le_v4SPD16_eabi.lib</file>
         <name>fd_add_t2.obj</name>
      </input_file>
      <input_file id="fl-145">
         <path>D:\ti\ccsv5\tools\compiler\arm_5.1.1\lib\</path>
         <kind>archive</kind>
         <file>rtsv7M4_T_le_v4SPD16_eabi.lib</file>
         <name>fd_cmp_t2.obj</name>
      </input_file>
      <input_file id="fl-146">
         <path>D:\ti\ccsv5\tools\compiler\arm_5.1.1\lib\</path>
         <kind>archive</kind>
         <file>rtsv7M4_T_le_v4SPD16_eabi.lib</file>
         <name>fd_div_t2.obj</name>
      </input_file>
      <input_file id="fl-147">
         <path>D:\ti\ccsv5\tools\compiler\arm_5.1.1\lib\</path>
         <kind>archive</kind>
         <file>rtsv7M4_T_le_v4SPD16_eabi.lib</file>
         <name>fd_mul_t2.obj</name>
      </input_file>
      <input_file id="fl-148">
         <path>D:\ti\ccsv5\tools\compiler\arm_5.1.1\lib\</path>
         <kind>archive</kind>
         <file>rtsv7M4_T_le_v4SPD16_eabi.lib</file>
         <name>fd_toi_t2.obj</name>
      </input_file>
      <input_file id="fl-149">
         <path>D:\ti\ccsv5\tools\compiler\arm_5.1.1\lib\</path>
         <kind>archive</kind>
         <file>rtsv7M4_T_le_v4SPD16_eabi.lib</file>
         <name>fd_tos_t2.obj</name>
      </input_file>
      <input_file id="fl-14a">
         <path>D:\ti\ccsv5\tools\compiler\arm_5.1.1\lib\</path>
         <kind>archive</kind>
         <file>rtsv7M4_T_le_v4SPD16_eabi.lib</file>
         <name>fgetc.obj</name>
      </input_file>
      <input_file id="fl-14b">
         <path>D:\ti\ccsv5\tools\compiler\arm_5.1.1\lib\</path>
         <kind>archive</kind>
         <file>rtsv7M4_T_le_v4SPD16_eabi.lib</file>
         <name>fputc.obj</name>
      </input_file>
      <input_file id="fl-14c">
         <path>D:\ti\ccsv5\tools\compiler\arm_5.1.1\lib\</path>
         <kind>archive</kind>
         <file>rtsv7M4_T_le_v4SPD16_eabi.lib</file>
         <name>fputs.obj</name>
      </input_file>
      <input_file id="fl-14d">
         <path>D:\ti\ccsv5\tools\compiler\arm_5.1.1\lib\</path>
         <kind>archive</kind>
         <file>rtsv7M4_T_le_v4SPD16_eabi.lib</file>
         <name>i_tofd_t2.obj</name>
      </input_file>
      <input_file id="fl-14e">
         <path>D:\ti\ccsv5\tools\compiler\arm_5.1.1\lib\</path>
         <kind>archive</kind>
         <file>rtsv7M4_T_le_v4SPD16_eabi.lib</file>
         <name>ll_mul_t2.obj</name>
      </input_file>
      <input_file id="fl-14f">
         <path>D:\ti\ccsv5\tools\compiler\arm_5.1.1\lib\</path>
         <kind>archive</kind>
         <file>rtsv7M4_T_le_v4SPD16_eabi.lib</file>
         <name>lowlev.obj</name>
      </input_file>
      <input_file id="fl-150">
         <path>D:\ti\ccsv5\tools\compiler\arm_5.1.1\lib\</path>
         <kind>archive</kind>
         <file>rtsv7M4_T_le_v4SPD16_eabi.lib</file>
         <name>ltoa.obj</name>
      </input_file>
      <input_file id="fl-151">
         <path>D:\ti\ccsv5\tools\compiler\arm_5.1.1\lib\</path>
         <kind>archive</kind>
         <file>rtsv7M4_T_le_v4SPD16_eabi.lib</file>
         <name>memccpy.obj</name>
      </input_file>
      <input_file id="fl-152">
         <path>D:\ti\ccsv5\tools\compiler\arm_5.1.1\lib\</path>
         <kind>archive</kind>
         <file>rtsv7M4_T_le_v4SPD16_eabi.lib</file>
         <name>memchr.obj</name>
      </input_file>
      <input_file id="fl-153">
         <path>D:\ti\ccsv5\tools\compiler\arm_5.1.1\lib\</path>
         <kind>archive</kind>
         <file>rtsv7M4_T_le_v4SPD16_eabi.lib</file>
         <name>memset_t2.obj</name>
      </input_file>
      <input_file id="fl-154">
         <path>D:\ti\ccsv5\tools\compiler\arm_5.1.1\lib\</path>
         <kind>archive</kind>
         <file>rtsv7M4_T_le_v4SPD16_eabi.lib</file>
         <name>setvbuf.obj</name>
      </input_file>
      <input_file id="fl-155">
         <path>D:\ti\ccsv5\tools\compiler\arm_5.1.1\lib\</path>
         <kind>archive</kind>
         <file>rtsv7M4_T_le_v4SPD16_eabi.lib</file>
         <name>strchr.obj</name>
      </input_file>
      <input_file id="fl-156">
         <path>D:\ti\ccsv5\tools\compiler\arm_5.1.1\lib\</path>
         <kind>archive</kind>
         <file>rtsv7M4_T_le_v4SPD16_eabi.lib</file>
         <name>strcmp.obj</name>
      </input_file>
      <input_file id="fl-157">
         <path>D:\ti\ccsv5\tools\compiler\arm_5.1.1\lib\</path>
         <kind>archive</kind>
         <file>rtsv7M4_T_le_v4SPD16_eabi.lib</file>
         <name>strcpy.obj</name>
      </input_file>
      <input_file id="fl-158">
         <path>D:\ti\ccsv5\tools\compiler\arm_5.1.1\lib\</path>
         <kind>archive</kind>
         <file>rtsv7M4_T_le_v4SPD16_eabi.lib</file>
         <name>strlen.obj</name>
      </input_file>
      <input_file id="fl-159">
         <path>D:\ti\ccsv5\tools\compiler\arm_5.1.1\lib\</path>
         <kind>archive</kind>
         <file>rtsv7M4_T_le_v4SPD16_eabi.lib</file>
         <name>strncpy.obj</name>
      </input_file>
      <input_file id="fl-15a">
         <path>D:\ti\ccsv5\tools\compiler\arm_5.1.1\lib\</path>
         <kind>archive</kind>
         <file>rtsv7M4_T_le_v4SPD16_eabi.lib</file>
         <name>strrchr.obj</name>
      </input_file>
      <input_file id="fl-15b">
         <path>D:\ti\ccsv5\tools\compiler\arm_5.1.1\lib\</path>
         <kind>archive</kind>
         <file>rtsv7M4_T_le_v4SPD16_eabi.lib</file>
         <name>strtod.obj</name>
      </input_file>
      <input_file id="fl-15c">
         <path>D:\ti\ccsv5\tools\compiler\arm_5.1.1\lib\</path>
         <kind>archive</kind>
         <file>rtsv7M4_T_le_v4SPD16_eabi.lib</file>
         <name>strtol.obj</name>
      </input_file>
      <input_file id="fl-15d">
         <path>D:\ti\ccsv5\tools\compiler\arm_5.1.1\lib\</path>
         <kind>archive</kind>
         <file>rtsv7M4_T_le_v4SPD16_eabi.lib</file>
         <name>strtold.obj</name>
      </input_file>
      <input_file id="fl-15e">
         <path>D:\ti\ccsv5\tools\compiler\arm_5.1.1\lib\</path>
         <kind>archive</kind>
         <file>rtsv7M4_T_le_v4SPD16_eabi.lib</file>
         <name>strtoll.obj</name>
      </input_file>
      <input_file id="fl-15f">
         <path>D:\ti\ccsv5\tools\compiler\arm_5.1.1\lib\</path>
         <kind>archive</kind>
         <file>rtsv7M4_T_le_v4SPD16_eabi.lib</file>
         <name>strtoul.obj</name>
      </input_file>
      <input_file id="fl-160">
         <path>D:\ti\ccsv5\tools\compiler\arm_5.1.1\lib\</path>
         <kind>archive</kind>
         <file>rtsv7M4_T_le_v4SPD16_eabi.lib</file>
         <name>strtoull.obj</name>
      </input_file>
      <input_file id="fl-161">
         <path>D:\ti\ccsv5\tools\compiler\arm_5.1.1\lib\</path>
         <kind>archive</kind>
         <file>rtsv7M4_T_le_v4SPD16_eabi.lib</file>
         <name>trgdrv.obj</name>
      </input_file>
      <input_file id="fl-162">
         <path>D:\ti\ccsv5\tools\compiler\arm_5.1.1\lib\</path>
         <kind>archive</kind>
         <file>rtsv7M4_T_le_v4SPD16_eabi.lib</file>
         <name>trgmsg.obj</name>
      </input_file>
      <input_file id="fl-163">
         <path>D:\ti\ccsv5\tools\compiler\arm_5.1.1\lib\</path>
         <kind>archive</kind>
         <file>rtsv7M4_T_le_v4SPD16_eabi.lib</file>
         <name>ull_div_t2.obj</name>
      </input_file>
      <input_file id="fl-164">
         <path>D:\ti\ccsv5\tools\compiler\arm_5.1.1\lib\</path>
         <kind>archive</kind>
         <file>rtsv7M4_T_le_v4SPD16_eabi.lib</file>
         <name>xdclass.obj</name>
      </input_file>
      <input_file id="fl-165">
         <path>D:\ti\ccsv5\tools\compiler\arm_5.1.1\lib\</path>
         <kind>archive</kind>
         <file>rtsv7M4_T_le_v4SPD16_eabi.lib</file>
         <name>xdtest.obj</name>
      </input_file>
      <input_file id="fl-166">
         <path>D:\ti\ccsv5\tools\compiler\arm_5.1.1\lib\</path>
         <kind>archive</kind>
         <file>rtsv7M4_T_le_v4SPD16_eabi.lib</file>
         <name>_bufread.obj</name>
      </input_file>
      <input_file id="fl-167">
         <path>D:\ti\ccsv5\tools\compiler\arm_5.1.1\lib\</path>
         <kind>archive</kind>
         <file>rtsv7M4_T_le_v4SPD16_eabi.lib</file>
         <name>_io_perm.obj</name>
      </input_file>
      <input_file id="fl-168">
         <path>D:\ti\ccsv5\tools\compiler\arm_5.1.1\lib\</path>
         <kind>archive</kind>
         <file>rtsv7M4_T_le_v4SPD16_eabi.lib</file>
         <name>errno.obj</name>
      </input_file>
      <input_file id="fl-169">
         <path>D:\ti\ccsv5\tools\compiler\arm_5.1.1\lib\</path>
         <kind>archive</kind>
         <file>rtsv7M4_T_le_v4SPD16_eabi.lib</file>
         <name>fflush.obj</name>
      </input_file>
      <input_file id="fl-16a">
         <path>D:\ti\ccsv5\tools\compiler\arm_5.1.1\lib\</path>
         <kind>archive</kind>
         <file>rtsv7M4_T_le_v4SPD16_eabi.lib</file>
         <name>fopen.obj</name>
      </input_file>
      <input_file id="fl-16b">
         <path>D:\ti\ccsv5\tools\compiler\arm_5.1.1\lib\</path>
         <kind>archive</kind>
         <file>rtsv7M4_T_le_v4SPD16_eabi.lib</file>
         <name>fseek.obj</name>
      </input_file>
      <input_file id="fl-16c">
         <path>D:\ti\ccsv5\tools\compiler\arm_5.1.1\lib\</path>
         <kind>archive</kind>
         <file>rtsv7M4_T_le_v4SPD16_eabi.lib</file>
         <name>memory.obj</name>
      </input_file>
      <input_file id="fl-16d">
         <path>D:\ti\ccsv5\tools\compiler\arm_5.1.1\lib\</path>
         <kind>archive</kind>
         <file>rtsv7M4_T_le_v4SPD16_eabi.lib</file>
         <name>fclose.obj</name>
      </input_file>
      <input_file id="fl-16e">
         <path>D:\ti\ccsv5\tools\compiler\arm_5.1.1\lib\</path>
         <kind>archive</kind>
         <file>rtsv7M4_T_le_v4SPD16_eabi.lib</file>
         <name>remove.obj</name>
      </input_file>
   </input_file_list>
   <object_component_list>
      <object_component id="oc-e">
         <name>.intvecs</name>
         <load_address>0x0</load_address>
         <run_address>0x0</run_address>
         <size>0x26c</size>
         <input_file_ref idref="fl-2"/>
      </object_component>
      <object_component id="oc-d1">
         <name>.text</name>
         <load_address>0x26c</load_address>
         <run_address>0x26c</run_address>
         <size>0xe8c</size>
         <input_file_ref idref="fl-13c"/>
      </object_component>
      <object_component id="oc-e9">
         <name>.text</name>
         <load_address>0x10f8</load_address>
         <run_address>0x10f8</run_address>
         <size>0x950</size>
         <input_file_ref idref="fl-13d"/>
      </object_component>
      <object_component id="oc-1fa">
         <name>.text</name>
         <load_address>0x1a48</load_address>
         <run_address>0x1a48</run_address>
         <size>0x3cc</size>
         <input_file_ref idref="fl-16c"/>
      </object_component>
      <object_component id="oc-ff">
         <name>.text</name>
         <load_address>0x1e14</load_address>
         <run_address>0x1e14</run_address>
         <size>0x310</size>
         <input_file_ref idref="fl-14f"/>
      </object_component>
      <object_component id="oc-23a">
         <name>.text</name>
         <load_address>0x2124</load_address>
         <run_address>0x2124</run_address>
         <size>0x2d4</size>
         <input_file_ref idref="fl-161"/>
      </object_component>
      <object_component id="oc-181">
         <name>.text</name>
         <load_address>0x23f8</load_address>
         <run_address>0x23f8</run_address>
         <size>0x23c</size>
         <input_file_ref idref="fl-15b"/>
      </object_component>
      <object_component id="oc-18a">
         <name>.text</name>
         <load_address>0x2634</load_address>
         <run_address>0x2634</run_address>
         <size>0x234</size>
         <input_file_ref idref="fl-15d"/>
      </object_component>
      <object_component id="oc-112">
         <name>.text</name>
         <load_address>0x2868</load_address>
         <run_address>0x2868</run_address>
         <size>0x1f4</size>
         <input_file_ref idref="fl-163"/>
      </object_component>
      <object_component id="oc-194">
         <name>.text</name>
         <load_address>0x2a5c</load_address>
         <run_address>0x2a5c</run_address>
         <size>0x1e4</size>
         <input_file_ref idref="fl-15e"/>
      </object_component>
      <object_component id="oc-a7">
         <name>.text</name>
         <load_address>0x2c40</load_address>
         <run_address>0x2c40</run_address>
         <size>0x1d0</size>
         <input_file_ref idref="fl-136"/>
      </object_component>
      <object_component id="oc-1ff">
         <name>.text</name>
         <load_address>0x2e10</load_address>
         <run_address>0x2e10</run_address>
         <size>0x1c0</size>
         <input_file_ref idref="fl-16a"/>
      </object_component>
      <object_component id="oc-137">
         <name>.text</name>
         <load_address>0x2fd0</load_address>
         <run_address>0x2fd0</run_address>
         <size>0x1b6</size>
         <input_file_ref idref="fl-144"/>
      </object_component>
      <object_component id="oc-17c">
         <name>.text</name>
         <load_address>0x3188</load_address>
         <run_address>0x3188</run_address>
         <size>0x16c</size>
         <input_file_ref idref="fl-160"/>
      </object_component>
      <object_component id="oc-122">
         <name>.text</name>
         <load_address>0x32f4</load_address>
         <run_address>0x32f4</run_address>
         <size>0x136</size>
         <input_file_ref idref="fl-146"/>
      </object_component>
      <object_component id="oc-cc">
         <name>.text</name>
         <load_address>0x342c</load_address>
         <run_address>0x342c</run_address>
         <size>0x134</size>
         <input_file_ref idref="fl-14c"/>
      </object_component>
      <object_component id="oc-18f">
         <name>.text</name>
         <load_address>0x3560</load_address>
         <run_address>0x3560</run_address>
         <size>0x130</size>
         <input_file_ref idref="fl-15c"/>
      </object_component>
      <object_component id="oc-177">
         <name>.text</name>
         <load_address>0x3690</load_address>
         <run_address>0x3690</run_address>
         <size>0x110</size>
         <input_file_ref idref="fl-15f"/>
      </object_component>
      <object_component id="oc-11e">
         <name>.text</name>
         <load_address>0x37a0</load_address>
         <run_address>0x37a0</run_address>
         <size>0xfc</size>
         <input_file_ref idref="fl-147"/>
      </object_component>
      <object_component id="oc-6e">
         <name>.text</name>
         <load_address>0x389c</load_address>
         <run_address>0x389c</run_address>
         <size>0xde</size>
         <input_file_ref idref="fl-3"/>
      </object_component>
      <object_component id="oc-164">
         <name>.text</name>
         <load_address>0x397c</load_address>
         <run_address>0x397c</run_address>
         <size>0xdc</size>
         <input_file_ref idref="fl-154"/>
      </object_component>
      <object_component id="oc-fa">
         <name>.text</name>
         <load_address>0x3a58</load_address>
         <run_address>0x3a58</run_address>
         <size>0xc0</size>
         <input_file_ref idref="fl-169"/>
      </object_component>
      <object_component id="oc-f5">
         <name>.text</name>
         <load_address>0x3b18</load_address>
         <run_address>0x3b18</run_address>
         <size>0xac</size>
         <input_file_ref idref="fl-167"/>
      </object_component>
      <object_component id="oc-16b">
         <name>.text</name>
         <load_address>0x3bc4</load_address>
         <run_address>0x3bc4</run_address>
         <size>0x9c</size>
         <input_file_ref idref="fl-166"/>
      </object_component>
      <object_component id="oc-c7">
         <name>.text</name>
         <load_address>0x3c60</load_address>
         <run_address>0x3c60</run_address>
         <size>0x9c</size>
         <input_file_ref idref="fl-14b"/>
      </object_component>
      <object_component id="oc-3f">
         <name>.text</name>
         <load_address>0x3cfc</load_address>
         <run_address>0x3cfc</run_address>
         <size>0x9c</size>
         <input_file_ref idref="fl-137"/>
      </object_component>
      <object_component id="oc-257">
         <name>.text</name>
         <load_address>0x3d98</load_address>
         <run_address>0x3d98</run_address>
         <size>0x98</size>
         <input_file_ref idref="fl-16d"/>
      </object_component>
      <object_component id="oc-2e">
         <name>.text</name>
         <load_address>0x3e30</load_address>
         <run_address>0x3e30</run_address>
         <size>0x94</size>
         <input_file_ref idref="fl-140"/>
      </object_component>
      <object_component id="oc-e4">
         <name>.text</name>
         <load_address>0x3ec4</load_address>
         <run_address>0x3ec4</run_address>
         <size>0x94</size>
         <input_file_ref idref="fl-14a"/>
      </object_component>
      <object_component id="oc-df">
         <name>.text</name>
         <load_address>0x3f58</load_address>
         <run_address>0x3f58</run_address>
         <size>0x80</size>
         <input_file_ref idref="fl-13a"/>
      </object_component>
      <object_component id="oc-11a">
         <name>.text:__aeabi_cdcmple</name>
         <load_address>0x3fd8</load_address>
         <run_address>0x3fd8</run_address>
         <size>0x7e</size>
         <input_file_ref idref="fl-145"/>
      </object_component>
      <object_component id="oc-126">
         <name>.text:__aeabi_cdrcmple</name>
         <load_address>0x4056</load_address>
         <run_address>0x4056</run_address>
         <size>0x7e</size>
         <input_file_ref idref="fl-145"/>
      </object_component>
      <object_component id="oc-13b">
         <name>.text</name>
         <load_address>0x40d4</load_address>
         <run_address>0x40d4</run_address>
         <size>0x78</size>
         <input_file_ref idref="fl-153"/>
      </object_component>
      <object_component id="oc-a2">
         <name>.text</name>
         <load_address>0x414c</load_address>
         <run_address>0x414c</run_address>
         <size>0x70</size>
         <input_file_ref idref="fl-138"/>
      </object_component>
      <object_component id="oc-1b0">
         <name>.text</name>
         <load_address>0x41bc</load_address>
         <run_address>0x41bc</run_address>
         <size>0x64</size>
         <input_file_ref idref="fl-16b"/>
      </object_component>
      <object_component id="oc-281">
         <name>.text</name>
         <load_address>0x4220</load_address>
         <run_address>0x4220</run_address>
         <size>0x60</size>
         <input_file_ref idref="fl-162"/>
      </object_component>
      <object_component id="oc-51">
         <name>.text</name>
         <load_address>0x4280</load_address>
         <run_address>0x4280</run_address>
         <size>0x5e</size>
         <input_file_ref idref="fl-133"/>
      </object_component>
      <object_component id="oc-12e">
         <name>.text</name>
         <load_address>0x42de</load_address>
         <run_address>0x42de</run_address>
         <size>0x5a</size>
         <input_file_ref idref="fl-150"/>
      </object_component>
      <object_component id="oc-149">
         <name>.text</name>
         <load_address>0x4338</load_address>
         <run_address>0x4338</run_address>
         <size>0x4c</size>
         <input_file_ref idref="fl-13f"/>
      </object_component>
      <object_component id="oc-186">
         <name>.text</name>
         <load_address>0x4384</load_address>
         <run_address>0x4384</run_address>
         <size>0x4a</size>
         <input_file_ref idref="fl-149"/>
      </object_component>
      <object_component id="oc-10">
         <name>.text</name>
         <load_address>0x43d0</load_address>
         <run_address>0x43d0</run_address>
         <size>0x48</size>
         <input_file_ref idref="fl-131"/>
      </object_component>
      <object_component id="oc-12a">
         <name>.text</name>
         <load_address>0x4418</load_address>
         <run_address>0x4418</run_address>
         <size>0x48</size>
         <input_file_ref idref="fl-148"/>
      </object_component>
      <object_component id="oc-68">
         <name>.text</name>
         <load_address>0x4460</load_address>
         <run_address>0x4460</run_address>
         <size>0x44</size>
         <input_file_ref idref="fl-141"/>
      </object_component>
      <object_component id="oc-37">
         <name>.text</name>
         <load_address>0x44a4</load_address>
         <run_address>0x44a4</run_address>
         <size>0x44</size>
         <input_file_ref idref="fl-135"/>
      </object_component>
      <object_component id="oc-1e2">
         <name>.text</name>
         <load_address>0x44e8</load_address>
         <run_address>0x44e8</run_address>
         <size>0x44</size>
         <input_file_ref idref="fl-165"/>
      </object_component>
      <object_component id="oc-1c0">
         <name>.text</name>
         <load_address>0x452c</load_address>
         <run_address>0x452c</run_address>
         <size>0x30</size>
         <input_file_ref idref="fl-159"/>
      </object_component>
      <object_component id="oc-133">
         <name>.text</name>
         <load_address>0x455c</load_address>
         <run_address>0x455c</run_address>
         <size>0x2e</size>
         <input_file_ref idref="fl-14d"/>
      </object_component>
      <object_component id="oc-144">
         <name>.text</name>
         <load_address>0x458a</load_address>
         <run_address>0x458a</run_address>
         <size>0x1c</size>
         <input_file_ref idref="fl-151"/>
      </object_component>
      <object_component id="oc-32">
         <name>.text</name>
         <load_address>0x45a8</load_address>
         <run_address>0x45a8</run_address>
         <size>0x18</size>
         <input_file_ref idref="fl-13e"/>
      </object_component>
      <object_component id="oc-116">
         <name>.text</name>
         <load_address>0x45c0</load_address>
         <run_address>0x45c0</run_address>
         <size>0x18</size>
         <input_file_ref idref="fl-14e"/>
      </object_component>
      <object_component id="oc-1bb">
         <name>.text</name>
         <load_address>0x45d8</load_address>
         <run_address>0x45d8</run_address>
         <size>0x18</size>
         <input_file_ref idref="fl-156"/>
      </object_component>
      <object_component id="oc-19a">
         <name>.text</name>
         <load_address>0x45f0</load_address>
         <run_address>0x45f0</run_address>
         <size>0x18</size>
         <input_file_ref idref="fl-15a"/>
      </object_component>
      <object_component id="oc-10b">
         <name>.text</name>
         <load_address>0x4608</load_address>
         <run_address>0x4608</run_address>
         <size>0x16</size>
         <input_file_ref idref="fl-152"/>
      </object_component>
      <object_component id="oc-172">
         <name>.text</name>
         <load_address>0x461e</load_address>
         <run_address>0x461e</run_address>
         <size>0x16</size>
         <input_file_ref idref="fl-155"/>
      </object_component>
      <object_component id="oc-b4">
         <name>.text</name>
         <load_address>0x4634</load_address>
         <run_address>0x4634</run_address>
         <size>0x14</size>
         <input_file_ref idref="fl-13b"/>
      </object_component>
      <object_component id="oc-106">
         <name>.text</name>
         <load_address>0x4648</load_address>
         <run_address>0x4648</run_address>
         <size>0x14</size>
         <input_file_ref idref="fl-158"/>
      </object_component>
      <object_component id="oc-19">
         <name>.text:decompress:ZI</name>
         <load_address>0x465c</load_address>
         <run_address>0x465c</run_address>
         <size>0x12</size>
         <input_file_ref idref="fl-134"/>
      </object_component>
      <object_component id="oc-13f">
         <name>.text</name>
         <load_address>0x466e</load_address>
         <run_address>0x466e</run_address>
         <size>0x12</size>
         <input_file_ref idref="fl-164"/>
      </object_component>
      <object_component id="oc-19f">
         <name>.text</name>
         <load_address>0x4680</load_address>
         <run_address>0x4680</run_address>
         <size>0x10</size>
         <input_file_ref idref="fl-157"/>
      </object_component>
      <object_component id="oc-14">
         <name>.text:decompress:none</name>
         <load_address>0x4690</load_address>
         <run_address>0x4690</run_address>
         <size>0xe</size>
         <input_file_ref idref="fl-132"/>
      </object_component>
      <object_component id="oc-26">
         <name>.text</name>
         <load_address>0x469e</load_address>
         <run_address>0x469e</run_address>
         <size>0xc</size>
         <input_file_ref idref="fl-2"/>
      </object_component>
      <object_component id="oc-1e">
         <name>.text:decompress:rle24</name>
         <load_address>0x46aa</load_address>
         <run_address>0x46aa</run_address>
         <size>0x6</size>
         <input_file_ref idref="fl-133"/>
      </object_component>
      <object_component id="oc-ee">
         <name>.const:.string:_ctypes_</name>
         <load_address>0x46b0</load_address>
         <run_address>0x46b0</run_address>
         <size>0x102</size>
         <input_file_ref idref="fl-142"/>
      </object_component>
      <object_component id="oc-219">
         <name>.const</name>
         <load_address>0x47b8</load_address>
         <run_address>0x47b8</run_address>
         <size>0x98</size>
         <input_file_ref idref="fl-15b"/>
      </object_component>
      <object_component id="oc-21e">
         <name>.const</name>
         <load_address>0x4850</load_address>
         <run_address>0x4850</run_address>
         <size>0x98</size>
         <input_file_ref idref="fl-15d"/>
      </object_component>
      <object_component id="oc-199">
         <name>.const</name>
         <load_address>0x48e8</load_address>
         <run_address>0x48e8</run_address>
         <size>0x10</size>
         <input_file_ref idref="fl-13d"/>
      </object_component>
      <object_component id="oc-2c2">
         <name>.cinit..data.load</name>
         <load_address>0x48f8</load_address>
         <run_address>0x48f8</run_address>
         <size>0x77</size>
      </object_component>
      <object_component id="oc-2c0">
         <name>__TI_handler_table</name>
         <load_address>0x4970</load_address>
         <run_address>0x4970</run_address>
         <size>0xc</size>
      </object_component>
      <object_component id="oc-2c3">
         <name>.cinit..bss.load</name>
         <load_address>0x4980</load_address>
         <run_address>0x4980</run_address>
         <size>0x8</size>
      </object_component>
      <object_component id="oc-2c1">
         <name>__TI_cinit_table</name>
         <load_address>0x4988</load_address>
         <run_address>0x4988</run_address>
         <size>0x10</size>
      </object_component>
      <object_component id="oc-3c">
         <name>.data</name>
         <load_address>0x200011fc</load_address>
         <run_address>0x200011fc</run_address>
         <size>0x4</size>
         <input_file_ref idref="fl-139"/>
      </object_component>
      <object_component id="oc-79">
         <name>.data</name>
         <load_address>0x200011e4</load_address>
         <run_address>0x200011e4</run_address>
         <size>0x8</size>
         <input_file_ref idref="fl-13b"/>
      </object_component>
      <object_component id="oc-7b">
         <name>.data</name>
         <load_address>0x200011ec</load_address>
         <run_address>0x200011ec</run_address>
         <size>0x8</size>
         <input_file_ref idref="fl-135"/>
      </object_component>
      <object_component id="oc-a1">
         <name>.data</name>
         <load_address>0x200011dc</load_address>
         <run_address>0x200011dc</run_address>
         <size>0x8</size>
         <input_file_ref idref="fl-3"/>
      </object_component>
      <object_component id="oc-d6">
         <name>.data:_ftable</name>
         <load_address>0x20001000</load_address>
         <run_address>0x20001000</run_address>
         <size>0xf0</size>
         <input_file_ref idref="fl-143"/>
      </object_component>
      <object_component id="oc-1b7">
         <name>.data</name>
         <load_address>0x200011c0</load_address>
         <run_address>0x200011c0</run_address>
         <size>0x10</size>
         <input_file_ref idref="fl-143"/>
      </object_component>
      <object_component id="oc-1c5">
         <name>.data</name>
         <load_address>0x200010f0</load_address>
         <run_address>0x200010f0</run_address>
         <size>0xd0</size>
         <input_file_ref idref="fl-14f"/>
      </object_component>
      <object_component id="oc-213">
         <name>.data</name>
         <load_address>0x200011f4</load_address>
         <run_address>0x200011f4</run_address>
         <size>0x4</size>
         <input_file_ref idref="fl-168"/>
      </object_component>
      <object_component id="oc-254">
         <name>.data</name>
         <load_address>0x200011d0</load_address>
         <run_address>0x200011d0</run_address>
         <size>0xc</size>
         <input_file_ref idref="fl-16c"/>
      </object_component>
      <object_component id="oc-25c">
         <name>.data</name>
         <load_address>0x200011f8</load_address>
         <run_address>0x200011f8</run_address>
         <size>0x4</size>
         <input_file_ref idref="fl-16a"/>
      </object_component>
      <object_component id="oc-292">
         <name>.bss:__TI_tmpnams</name>
         <uninitialized>true</uninitialized>
         <run_address>0x20001320</run_address>
         <size>0xa0</size>
         <input_file_ref idref="fl-143"/>
      </object_component>
      <object_component id="oc-298">
         <name>.bss:__CIOBUF_</name>
         <uninitialized>true</uninitialized>
         <run_address>0x20001200</run_address>
         <size>0x120</size>
         <input_file_ref idref="fl-162"/>
      </object_component>
      <object_component id="oc-286">
         <name>.common:parmbuf</name>
         <uninitialized>true</uninitialized>
         <run_address>0x200013c0</run_address>
         <size>0x8</size>
      </object_component>
      <object_component id="oc-24">
         <name>.sysmem</name>
         <uninitialized>true</uninitialized>
         <run_address>0x20000800</run_address>
         <size>0x8</size>
         <input_file_ref idref="fl-16c"/>
      </object_component>
      <object_component id="oc-2c5">
         <name>.sysmem</name>
         <uninitialized>true</uninitialized>
         <run_address>0x20000800</run_address>
         <size>0x0</size>
      </object_component>
      <object_component id="oc-23">
         <name>.stack</name>
         <uninitialized>true</uninitialized>
         <run_address>0x20000000</run_address>
         <size>0x0</size>
         <input_file_ref idref="fl-131"/>
      </object_component>
      <object_component id="oc-2c4">
         <name>.stack</name>
         <uninitialized>true</uninitialized>
         <run_address>0x20000000</run_address>
         <size>0x0</size>
      </object_component>
      <object_component id="oc-f">
         <name>.debug_info</name>
         <load_address>0x0</load_address>
         <run_address>0x0</run_address>
         <size>0xfc</size>
         <input_file_ref idref="fl-2"/>
      </object_component>
      <object_component id="oc-13">
         <name>.debug_info</name>
         <load_address>0xfc</load_address>
         <run_address>0xfc</run_address>
         <size>0xf3</size>
         <input_file_ref idref="fl-131"/>
      </object_component>
      <object_component id="oc-15">
         <name>.debug_info</name>
         <load_address>0x1ef</load_address>
         <run_address>0x1ef</run_address>
         <size>0x194</size>
         <input_file_ref idref="fl-132"/>
      </object_component>
      <object_component id="oc-1a">
         <name>.debug_info</name>
         <load_address>0x383</load_address>
         <run_address>0x383</run_address>
         <size>0x16a</size>
         <input_file_ref idref="fl-134"/>
      </object_component>
      <object_component id="oc-21">
         <name>.debug_info</name>
         <load_address>0x4ed</load_address>
         <run_address>0x4ed</run_address>
         <size>0x18e</size>
         <input_file_ref idref="fl-133"/>
      </object_component>
      <object_component id="oc-25">
         <name>.debug_info</name>
         <load_address>0x67b</load_address>
         <run_address>0x67b</run_address>
         <size>0xb6</size>
         <input_file_ref idref="fl-16c"/>
      </object_component>
      <object_component id="oc-27">
         <name>.debug_info</name>
         <load_address>0x731</load_address>
         <run_address>0x731</run_address>
         <size>0x278</size>
         <input_file_ref idref="fl-2"/>
      </object_component>
      <object_component id="oc-2d">
         <name>.debug_info</name>
         <load_address>0x9a9</load_address>
         <run_address>0x9a9</run_address>
         <size>0x111</size>
         <input_file_ref idref="fl-2"/>
      </object_component>
      <object_component id="oc-30">
         <name>.debug_info</name>
         <load_address>0xaba</load_address>
         <run_address>0xaba</run_address>
         <size>0x13d</size>
         <input_file_ref idref="fl-140"/>
      </object_component>
      <object_component id="oc-34">
         <name>.debug_info</name>
         <load_address>0xbf7</load_address>
         <run_address>0xbf7</run_address>
         <size>0x11c</size>
         <input_file_ref idref="fl-13e"/>
      </object_component>
      <object_component id="oc-38">
         <name>.debug_info</name>
         <load_address>0xd13</load_address>
         <run_address>0xd13</run_address>
         <size>0x1c2</size>
         <input_file_ref idref="fl-135"/>
      </object_component>
      <object_component id="oc-3d">
         <name>.debug_info</name>
         <load_address>0xed5</load_address>
         <run_address>0xed5</run_address>
         <size>0xbe</size>
         <input_file_ref idref="fl-139"/>
      </object_component>
      <object_component id="oc-40">
         <name>.debug_info</name>
         <load_address>0xf93</load_address>
         <run_address>0xf93</run_address>
         <size>0xcc</size>
         <input_file_ref idref="fl-137"/>
      </object_component>
      <object_component id="oc-44">
         <name>.debug_info</name>
         <load_address>0x105f</load_address>
         <run_address>0x105f</run_address>
         <size>0x46</size>
         <input_file_ref idref="fl-132"/>
      </object_component>
      <object_component id="oc-49">
         <name>.debug_info</name>
         <load_address>0x10a5</load_address>
         <run_address>0x10a5</run_address>
         <size>0xf2</size>
         <input_file_ref idref="fl-132"/>
      </object_component>
      <object_component id="oc-4b">
         <name>.debug_info</name>
         <load_address>0x1197</load_address>
         <run_address>0x1197</run_address>
         <size>0x46</size>
         <input_file_ref idref="fl-134"/>
      </object_component>
      <object_component id="oc-50">
         <name>.debug_info</name>
         <load_address>0x11dd</load_address>
         <run_address>0x11dd</run_address>
         <size>0xad</size>
         <input_file_ref idref="fl-134"/>
      </object_component>
      <object_component id="oc-54">
         <name>.debug_info</name>
         <load_address>0x128a</load_address>
         <run_address>0x128a</run_address>
         <size>0x1ef</size>
         <input_file_ref idref="fl-133"/>
      </object_component>
      <object_component id="oc-57">
         <name>.debug_info</name>
         <load_address>0x1479</load_address>
         <run_address>0x1479</run_address>
         <size>0xb7</size>
         <input_file_ref idref="fl-133"/>
      </object_component>
      <object_component id="oc-58">
         <name>.debug_info</name>
         <load_address>0x1530</load_address>
         <run_address>0x1530</run_address>
         <size>0x39</size>
         <input_file_ref idref="fl-133"/>
      </object_component>
      <object_component id="oc-5f">
         <name>.debug_info</name>
         <load_address>0x1569</load_address>
         <run_address>0x1569</run_address>
         <size>0x1d7</size>
         <input_file_ref idref="fl-16c"/>
      </object_component>
      <object_component id="oc-63">
         <name>.debug_info</name>
         <load_address>0x1740</load_address>
         <run_address>0x1740</run_address>
         <size>0x18b</size>
         <input_file_ref idref="fl-2"/>
      </object_component>
      <object_component id="oc-69">
         <name>.debug_info</name>
         <load_address>0x18cb</load_address>
         <run_address>0x18cb</run_address>
         <size>0x14b</size>
         <input_file_ref idref="fl-141"/>
      </object_component>
      <object_component id="oc-6f">
         <name>.debug_info</name>
         <load_address>0x1a16</load_address>
         <run_address>0x1a16</run_address>
         <size>0x142</size>
         <input_file_ref idref="fl-3"/>
      </object_component>
      <object_component id="oc-73">
         <name>.debug_info</name>
         <load_address>0x1b58</load_address>
         <run_address>0x1b58</run_address>
         <size>0x84</size>
         <input_file_ref idref="fl-2"/>
      </object_component>
      <object_component id="oc-78">
         <name>.debug_info</name>
         <load_address>0x1bdc</load_address>
         <run_address>0x1bdc</run_address>
         <size>0x11b</size>
         <input_file_ref idref="fl-13e"/>
      </object_component>
      <object_component id="oc-7a">
         <name>.debug_info</name>
         <load_address>0x1cf7</load_address>
         <run_address>0x1cf7</run_address>
         <size>0xc8</size>
         <input_file_ref idref="fl-13b"/>
      </object_component>
      <object_component id="oc-7c">
         <name>.debug_info</name>
         <load_address>0x1dbf</load_address>
         <run_address>0x1dbf</run_address>
         <size>0xeb</size>
         <input_file_ref idref="fl-135"/>
      </object_component>
      <object_component id="oc-7e">
         <name>.debug_info</name>
         <load_address>0x1eaa</load_address>
         <run_address>0x1eaa</run_address>
         <size>0x146</size>
         <input_file_ref idref="fl-135"/>
      </object_component>
      <object_component id="oc-82">
         <name>.debug_info</name>
         <load_address>0x1ff0</load_address>
         <run_address>0x1ff0</run_address>
         <size>0x2c</size>
         <input_file_ref idref="fl-132"/>
      </object_component>
      <object_component id="oc-89">
         <name>.debug_info</name>
         <load_address>0x201c</load_address>
         <run_address>0x201c</run_address>
         <size>0x2c</size>
         <input_file_ref idref="fl-134"/>
      </object_component>
      <object_component id="oc-95">
         <name>.debug_info</name>
         <load_address>0x2048</load_address>
         <run_address>0x2048</run_address>
         <size>0x2c</size>
         <input_file_ref idref="fl-16a"/>
      </object_component>
      <object_component id="oc-9a">
         <name>.debug_info</name>
         <load_address>0x2074</load_address>
         <run_address>0x2074</run_address>
         <size>0x62</size>
         <input_file_ref idref="fl-16c"/>
      </object_component>
      <object_component id="oc-a0">
         <name>.debug_info</name>
         <load_address>0x20d6</load_address>
         <run_address>0x20d6</run_address>
         <size>0x148</size>
         <input_file_ref idref="fl-141"/>
      </object_component>
      <object_component id="oc-a3">
         <name>.debug_info</name>
         <load_address>0x221e</load_address>
         <run_address>0x221e</run_address>
         <size>0x26d</size>
         <input_file_ref idref="fl-138"/>
      </object_component>
      <object_component id="oc-a9">
         <name>.debug_info</name>
         <load_address>0x248b</load_address>
         <run_address>0x248b</run_address>
         <size>0x615</size>
         <input_file_ref idref="fl-136"/>
      </object_component>
      <object_component id="oc-af">
         <name>.debug_info</name>
         <load_address>0x2aa0</load_address>
         <run_address>0x2aa0</run_address>
         <size>0x5e</size>
         <input_file_ref idref="fl-13e"/>
      </object_component>
      <object_component id="oc-b5">
         <name>.debug_info</name>
         <load_address>0x2afe</load_address>
         <run_address>0x2afe</run_address>
         <size>0x1d4</size>
         <input_file_ref idref="fl-13b"/>
      </object_component>
      <object_component id="oc-bb">
         <name>.debug_info</name>
         <load_address>0x2cd2</load_address>
         <run_address>0x2cd2</run_address>
         <size>0xd9</size>
         <input_file_ref idref="fl-13b"/>
      </object_component>
      <object_component id="oc-c2">
         <name>.debug_info</name>
         <load_address>0x2dab</load_address>
         <run_address>0x2dab</run_address>
         <size>0xcd</size>
         <input_file_ref idref="fl-141"/>
      </object_component>
      <object_component id="oc-c8">
         <name>.debug_info</name>
         <load_address>0x2e78</load_address>
         <run_address>0x2e78</run_address>
         <size>0x286</size>
         <input_file_ref idref="fl-14b"/>
      </object_component>
      <object_component id="oc-ce">
         <name>.debug_info</name>
         <load_address>0x30fe</load_address>
         <run_address>0x30fe</run_address>
         <size>0x31f</size>
         <input_file_ref idref="fl-14c"/>
      </object_component>
      <object_component id="oc-d2">
         <name>.debug_info</name>
         <load_address>0x341d</load_address>
         <run_address>0x341d</run_address>
         <size>0x12a0</size>
         <input_file_ref idref="fl-13c"/>
      </object_component>
      <object_component id="oc-d7">
         <name>.debug_info</name>
         <load_address>0x46bd</load_address>
         <run_address>0x46bd</run_address>
         <size>0xac</size>
         <input_file_ref idref="fl-143"/>
      </object_component>
      <object_component id="oc-d9">
         <name>.debug_info</name>
         <load_address>0x4769</load_address>
         <run_address>0x4769</run_address>
         <size>0x1eb</size>
         <input_file_ref idref="fl-138"/>
      </object_component>
      <object_component id="oc-da">
         <name>.debug_info</name>
         <load_address>0x4954</load_address>
         <run_address>0x4954</run_address>
         <size>0x4e</size>
         <input_file_ref idref="fl-136"/>
      </object_component>
      <object_component id="oc-e0">
         <name>.debug_info</name>
         <load_address>0x49a2</load_address>
         <run_address>0x49a2</run_address>
         <size>0x161</size>
         <input_file_ref idref="fl-13a"/>
      </object_component>
      <object_component id="oc-e5">
         <name>.debug_info</name>
         <load_address>0x4b03</load_address>
         <run_address>0x4b03</run_address>
         <size>0x239</size>
         <input_file_ref idref="fl-14a"/>
      </object_component>
      <object_component id="oc-ea">
         <name>.debug_info</name>
         <load_address>0x4d3c</load_address>
         <run_address>0x4d3c</run_address>
         <size>0xbd5</size>
         <input_file_ref idref="fl-13d"/>
      </object_component>
      <object_component id="oc-ef">
         <name>.debug_info</name>
         <load_address>0x5911</load_address>
         <run_address>0x5911</run_address>
         <size>0xaf</size>
         <input_file_ref idref="fl-142"/>
      </object_component>
      <object_component id="oc-f1">
         <name>.debug_info</name>
         <load_address>0x59c0</load_address>
         <run_address>0x59c0</run_address>
         <size>0x24a</size>
         <input_file_ref idref="fl-136"/>
      </object_component>
      <object_component id="oc-f6">
         <name>.debug_info</name>
         <load_address>0x5c0a</load_address>
         <run_address>0x5c0a</run_address>
         <size>0x1e5</size>
         <input_file_ref idref="fl-167"/>
      </object_component>
      <object_component id="oc-fb">
         <name>.debug_info</name>
         <load_address>0x5def</load_address>
         <run_address>0x5def</run_address>
         <size>0x20f</size>
         <input_file_ref idref="fl-169"/>
      </object_component>
      <object_component id="oc-100">
         <name>.debug_info</name>
         <load_address>0x5ffe</load_address>
         <run_address>0x5ffe</run_address>
         <size>0xb71</size>
         <input_file_ref idref="fl-14f"/>
      </object_component>
      <object_component id="oc-105">
         <name>.debug_info</name>
         <load_address>0x6b6f</load_address>
         <run_address>0x6b6f</run_address>
         <size>0x193</size>
         <input_file_ref idref="fl-14b"/>
      </object_component>
      <object_component id="oc-107">
         <name>.debug_info</name>
         <load_address>0x6d02</load_address>
         <run_address>0x6d02</run_address>
         <size>0x153</size>
         <input_file_ref idref="fl-158"/>
      </object_component>
      <object_component id="oc-10c">
         <name>.debug_info</name>
         <load_address>0x6e55</load_address>
         <run_address>0x6e55</run_address>
         <size>0x16b</size>
         <input_file_ref idref="fl-152"/>
      </object_component>
      <object_component id="oc-111">
         <name>.debug_info</name>
         <load_address>0x6fc0</load_address>
         <run_address>0x6fc0</run_address>
         <size>0x224</size>
         <input_file_ref idref="fl-14c"/>
      </object_component>
      <object_component id="oc-113">
         <name>.debug_info</name>
         <load_address>0x71e4</load_address>
         <run_address>0x71e4</run_address>
         <size>0x13a</size>
         <input_file_ref idref="fl-163"/>
      </object_component>
      <object_component id="oc-117">
         <name>.debug_info</name>
         <load_address>0x731e</load_address>
         <run_address>0x731e</run_address>
         <size>0xd5</size>
         <input_file_ref idref="fl-14e"/>
      </object_component>
      <object_component id="oc-11b">
         <name>.debug_info</name>
         <load_address>0x73f3</load_address>
         <run_address>0x73f3</run_address>
         <size>0xdb</size>
         <input_file_ref idref="fl-145"/>
      </object_component>
      <object_component id="oc-11f">
         <name>.debug_info</name>
         <load_address>0x74ce</load_address>
         <run_address>0x74ce</run_address>
         <size>0xed</size>
         <input_file_ref idref="fl-147"/>
      </object_component>
      <object_component id="oc-123">
         <name>.debug_info</name>
         <load_address>0x75bb</load_address>
         <run_address>0x75bb</run_address>
         <size>0xed</size>
         <input_file_ref idref="fl-146"/>
      </object_component>
      <object_component id="oc-127">
         <name>.debug_info</name>
         <load_address>0x76a8</load_address>
         <run_address>0x76a8</run_address>
         <size>0xdd</size>
         <input_file_ref idref="fl-145"/>
      </object_component>
      <object_component id="oc-12b">
         <name>.debug_info</name>
         <load_address>0x7785</load_address>
         <run_address>0x7785</run_address>
         <size>0xe1</size>
         <input_file_ref idref="fl-148"/>
      </object_component>
      <object_component id="oc-130">
         <name>.debug_info</name>
         <load_address>0x7866</load_address>
         <run_address>0x7866</run_address>
         <size>0x177</size>
         <input_file_ref idref="fl-150"/>
      </object_component>
      <object_component id="oc-136">
         <name>.debug_info</name>
         <load_address>0x79dd</load_address>
         <run_address>0x79dd</run_address>
         <size>0xdf</size>
         <input_file_ref idref="fl-14d"/>
      </object_component>
      <object_component id="oc-138">
         <name>.debug_info</name>
         <load_address>0x7abc</load_address>
         <run_address>0x7abc</run_address>
         <size>0xff</size>
         <input_file_ref idref="fl-144"/>
      </object_component>
      <object_component id="oc-13d">
         <name>.debug_info</name>
         <load_address>0x7bbb</load_address>
         <run_address>0x7bbb</run_address>
         <size>0xfc</size>
         <input_file_ref idref="fl-153"/>
      </object_component>
      <object_component id="oc-140">
         <name>.debug_info</name>
         <load_address>0x7cb7</load_address>
         <run_address>0x7cb7</run_address>
         <size>0x111</size>
         <input_file_ref idref="fl-164"/>
      </object_component>
      <object_component id="oc-145">
         <name>.debug_info</name>
         <load_address>0x7dc8</load_address>
         <run_address>0x7dc8</run_address>
         <size>0x160</size>
         <input_file_ref idref="fl-151"/>
      </object_component>
      <object_component id="oc-14a">
         <name>.debug_info</name>
         <load_address>0x7f28</load_address>
         <run_address>0x7f28</run_address>
         <size>0x126</size>
         <input_file_ref idref="fl-13f"/>
      </object_component>
      <object_component id="oc-14f">
         <name>.debug_info</name>
         <load_address>0x804e</load_address>
         <run_address>0x804e</run_address>
         <size>0x26b</size>
         <input_file_ref idref="fl-13c"/>
      </object_component>
      <object_component id="oc-150">
         <name>.debug_info</name>
         <load_address>0x82b9</load_address>
         <run_address>0x82b9</run_address>
         <size>0x86</size>
         <input_file_ref idref="fl-13c"/>
      </object_component>
      <object_component id="oc-155">
         <name>.debug_info</name>
         <load_address>0x833f</load_address>
         <run_address>0x833f</run_address>
         <size>0x39</size>
         <input_file_ref idref="fl-13c"/>
      </object_component>
      <object_component id="oc-15c">
         <name>.debug_info</name>
         <load_address>0x8378</load_address>
         <run_address>0x8378</run_address>
         <size>0xc5</size>
         <input_file_ref idref="fl-143"/>
      </object_component>
      <object_component id="oc-15f">
         <name>.debug_info</name>
         <load_address>0x843d</load_address>
         <run_address>0x843d</run_address>
         <size>0xae</size>
         <input_file_ref idref="fl-136"/>
      </object_component>
      <object_component id="oc-165">
         <name>.debug_info</name>
         <load_address>0x84eb</load_address>
         <run_address>0x84eb</run_address>
         <size>0x1b5</size>
         <input_file_ref idref="fl-154"/>
      </object_component>
      <object_component id="oc-16a">
         <name>.debug_info</name>
         <load_address>0x86a0</load_address>
         <run_address>0x86a0</run_address>
         <size>0x116</size>
         <input_file_ref idref="fl-13a"/>
      </object_component>
      <object_component id="oc-16c">
         <name>.debug_info</name>
         <load_address>0x87b6</load_address>
         <run_address>0x87b6</run_address>
         <size>0x18c</size>
         <input_file_ref idref="fl-166"/>
      </object_component>
      <object_component id="oc-171">
         <name>.debug_info</name>
         <load_address>0x8942</load_address>
         <run_address>0x8942</run_address>
         <size>0x185</size>
         <input_file_ref idref="fl-14a"/>
      </object_component>
      <object_component id="oc-174">
         <name>.debug_info</name>
         <load_address>0x8ac7</load_address>
         <run_address>0x8ac7</run_address>
         <size>0x16d</size>
         <input_file_ref idref="fl-155"/>
      </object_component>
      <object_component id="oc-178">
         <name>.debug_info</name>
         <load_address>0x8c34</load_address>
         <run_address>0x8c34</run_address>
         <size>0x1c2</size>
         <input_file_ref idref="fl-15f"/>
      </object_component>
      <object_component id="oc-17d">
         <name>.debug_info</name>
         <load_address>0x8df6</load_address>
         <run_address>0x8df6</run_address>
         <size>0x1e5</size>
         <input_file_ref idref="fl-160"/>
      </object_component>
      <object_component id="oc-182">
         <name>.debug_info</name>
         <load_address>0x8fdb</load_address>
         <run_address>0x8fdb</run_address>
         <size>0x2b5</size>
         <input_file_ref idref="fl-15b"/>
      </object_component>
      <object_component id="oc-187">
         <name>.debug_info</name>
         <load_address>0x9290</load_address>
         <run_address>0x9290</run_address>
         <size>0xe8</size>
         <input_file_ref idref="fl-149"/>
      </object_component>
      <object_component id="oc-18b">
         <name>.debug_info</name>
         <load_address>0x9378</load_address>
         <run_address>0x9378</run_address>
         <size>0x2b9</size>
         <input_file_ref idref="fl-15d"/>
      </object_component>
      <object_component id="oc-190">
         <name>.debug_info</name>
         <load_address>0x9631</load_address>
         <run_address>0x9631</run_address>
         <size>0x222</size>
         <input_file_ref idref="fl-15c"/>
      </object_component>
      <object_component id="oc-195">
         <name>.debug_info</name>
         <load_address>0x9853</load_address>
         <run_address>0x9853</run_address>
         <size>0x256</size>
         <input_file_ref idref="fl-15e"/>
      </object_component>
      <object_component id="oc-19b">
         <name>.debug_info</name>
         <load_address>0x9aa9</load_address>
         <run_address>0x9aa9</run_address>
         <size>0x185</size>
         <input_file_ref idref="fl-15a"/>
      </object_component>
      <object_component id="oc-1a0">
         <name>.debug_info</name>
         <load_address>0x9c2e</load_address>
         <run_address>0x9c2e</run_address>
         <size>0x169</size>
         <input_file_ref idref="fl-157"/>
      </object_component>
      <object_component id="oc-1a5">
         <name>.debug_info</name>
         <load_address>0x9d97</load_address>
         <run_address>0x9d97</run_address>
         <size>0x3f4</size>
         <input_file_ref idref="fl-13d"/>
      </object_component>
      <object_component id="oc-1a6">
         <name>.debug_info</name>
         <load_address>0xa18b</load_address>
         <run_address>0xa18b</run_address>
         <size>0x9a</size>
         <input_file_ref idref="fl-13d"/>
      </object_component>
      <object_component id="oc-1ad">
         <name>.debug_info</name>
         <load_address>0xa225</load_address>
         <run_address>0xa225</run_address>
         <size>0xa3</size>
         <input_file_ref idref="fl-142"/>
      </object_component>
      <object_component id="oc-1b2">
         <name>.debug_info</name>
         <load_address>0xa2c8</load_address>
         <run_address>0xa2c8</run_address>
         <size>0x196</size>
         <input_file_ref idref="fl-16b"/>
      </object_component>
      <object_component id="oc-1b6">
         <name>.debug_info</name>
         <load_address>0xa45e</load_address>
         <run_address>0xa45e</run_address>
         <size>0x106</size>
         <input_file_ref idref="fl-167"/>
      </object_component>
      <object_component id="oc-1b8">
         <name>.debug_info</name>
         <load_address>0xa564</load_address>
         <run_address>0xa564</run_address>
         <size>0x139</size>
         <input_file_ref idref="fl-143"/>
      </object_component>
      <object_component id="oc-1ba">
         <name>.debug_info</name>
         <load_address>0xa69d</load_address>
         <run_address>0xa69d</run_address>
         <size>0x157</size>
         <input_file_ref idref="fl-169"/>
      </object_component>
      <object_component id="oc-1bc">
         <name>.debug_info</name>
         <load_address>0xa7f4</load_address>
         <run_address>0xa7f4</run_address>
         <size>0x17e</size>
         <input_file_ref idref="fl-156"/>
      </object_component>
      <object_component id="oc-1c1">
         <name>.debug_info</name>
         <load_address>0xa972</load_address>
         <run_address>0xa972</run_address>
         <size>0x182</size>
         <input_file_ref idref="fl-159"/>
      </object_component>
      <object_component id="oc-1c6">
         <name>.debug_info</name>
         <load_address>0xaaf4</load_address>
         <run_address>0xaaf4</run_address>
         <size>0xcb</size>
         <input_file_ref idref="fl-14f"/>
      </object_component>
      <object_component id="oc-1c8">
         <name>.debug_info</name>
         <load_address>0xabbf</load_address>
         <run_address>0xabbf</run_address>
         <size>0x45a</size>
         <input_file_ref idref="fl-14f"/>
      </object_component>
      <object_component id="oc-1c9">
         <name>.debug_info</name>
         <load_address>0xb019</load_address>
         <run_address>0xb019</run_address>
         <size>0x2c</size>
         <input_file_ref idref="fl-14f"/>
      </object_component>
      <object_component id="oc-1d1">
         <name>.debug_info</name>
         <load_address>0xb045</load_address>
         <run_address>0xb045</run_address>
         <size>0x9f</size>
         <input_file_ref idref="fl-158"/>
      </object_component>
      <object_component id="oc-1d3">
         <name>.debug_info</name>
         <load_address>0xb0e4</load_address>
         <run_address>0xb0e4</run_address>
         <size>0xb5</size>
         <input_file_ref idref="fl-152"/>
      </object_component>
      <object_component id="oc-1de">
         <name>.debug_info</name>
         <load_address>0xb199</load_address>
         <run_address>0xb199</run_address>
         <size>0x101</size>
         <input_file_ref idref="fl-150"/>
      </object_component>
      <object_component id="oc-1e3">
         <name>.debug_info</name>
         <load_address>0xb29a</load_address>
         <run_address>0xb29a</run_address>
         <size>0x10f</size>
         <input_file_ref idref="fl-165"/>
      </object_component>
      <object_component id="oc-1e9">
         <name>.debug_info</name>
         <load_address>0xb3a9</load_address>
         <run_address>0xb3a9</run_address>
         <size>0xa6</size>
         <input_file_ref idref="fl-151"/>
      </object_component>
      <object_component id="oc-1eb">
         <name>.debug_info</name>
         <load_address>0xb44f</load_address>
         <run_address>0xb44f</run_address>
         <size>0xc5</size>
         <input_file_ref idref="fl-13f"/>
      </object_component>
      <object_component id="oc-1ee">
         <name>.debug_info</name>
         <load_address>0xb514</load_address>
         <run_address>0xb514</run_address>
         <size>0x2c</size>
         <input_file_ref idref="fl-13c"/>
      </object_component>
      <object_component id="oc-1f3">
         <name>.debug_info</name>
         <load_address>0xb540</load_address>
         <run_address>0xb540</run_address>
         <size>0x46</size>
         <input_file_ref idref="fl-13c"/>
      </object_component>
      <object_component id="oc-1fc">
         <name>.debug_info</name>
         <load_address>0xb586</load_address>
         <run_address>0xb586</run_address>
         <size>0x855</size>
         <input_file_ref idref="fl-16c"/>
      </object_component>
      <object_component id="oc-200">
         <name>.debug_info</name>
         <load_address>0xbddb</load_address>
         <run_address>0xbddb</run_address>
         <size>0x40a</size>
         <input_file_ref idref="fl-16a"/>
      </object_component>
      <object_component id="oc-205">
         <name>.debug_info</name>
         <load_address>0xc1e5</load_address>
         <run_address>0xc1e5</run_address>
         <size>0x175</size>
         <input_file_ref idref="fl-154"/>
      </object_component>
      <object_component id="oc-206">
         <name>.debug_info</name>
         <load_address>0xc35a</load_address>
         <run_address>0xc35a</run_address>
         <size>0xbb</size>
         <input_file_ref idref="fl-13a"/>
      </object_component>
      <object_component id="oc-20e">
         <name>.debug_info</name>
         <load_address>0xc415</load_address>
         <run_address>0xc415</run_address>
         <size>0x180</size>
         <input_file_ref idref="fl-166"/>
      </object_component>
      <object_component id="oc-212">
         <name>.debug_info</name>
         <load_address>0xc595</load_address>
         <run_address>0xc595</run_address>
         <size>0xaa</size>
         <input_file_ref idref="fl-155"/>
      </object_component>
      <object_component id="oc-214">
         <name>.debug_info</name>
         <load_address>0xc63f</load_address>
         <run_address>0xc63f</run_address>
         <size>0xaa</size>
         <input_file_ref idref="fl-168"/>
      </object_component>
      <object_component id="oc-216">
         <name>.debug_info</name>
         <load_address>0xc6e9</load_address>
         <run_address>0xc6e9</run_address>
         <size>0xf6</size>
         <input_file_ref idref="fl-15f"/>
      </object_component>
      <object_component id="oc-218">
         <name>.debug_info</name>
         <load_address>0xc7df</load_address>
         <run_address>0xc7df</run_address>
         <size>0xf7</size>
         <input_file_ref idref="fl-160"/>
      </object_component>
      <object_component id="oc-21a">
         <name>.debug_info</name>
         <load_address>0xc8d6</load_address>
         <run_address>0xc8d6</run_address>
         <size>0xcd</size>
         <input_file_ref idref="fl-15b"/>
      </object_component>
      <object_component id="oc-21c">
         <name>.debug_info</name>
         <load_address>0xc9a3</load_address>
         <run_address>0xc9a3</run_address>
         <size>0x176</size>
         <input_file_ref idref="fl-15b"/>
      </object_component>
      <object_component id="oc-21f">
         <name>.debug_info</name>
         <load_address>0xcb19</load_address>
         <run_address>0xcb19</run_address>
         <size>0xce</size>
         <input_file_ref idref="fl-15d"/>
      </object_component>
      <object_component id="oc-221">
         <name>.debug_info</name>
         <load_address>0xcbe7</load_address>
         <run_address>0xcbe7</run_address>
         <size>0x198</size>
         <input_file_ref idref="fl-15d"/>
      </object_component>
      <object_component id="oc-223">
         <name>.debug_info</name>
         <load_address>0xcd7f</load_address>
         <run_address>0xcd7f</run_address>
         <size>0xf5</size>
         <input_file_ref idref="fl-15c"/>
      </object_component>
      <object_component id="oc-225">
         <name>.debug_info</name>
         <load_address>0xce74</load_address>
         <run_address>0xce74</run_address>
         <size>0xf6</size>
         <input_file_ref idref="fl-15e"/>
      </object_component>
      <object_component id="oc-227">
         <name>.debug_info</name>
         <load_address>0xcf6a</load_address>
         <run_address>0xcf6a</run_address>
         <size>0xab</size>
         <input_file_ref idref="fl-15a"/>
      </object_component>
      <object_component id="oc-229">
         <name>.debug_info</name>
         <load_address>0xd015</load_address>
         <run_address>0xd015</run_address>
         <size>0xaa</size>
         <input_file_ref idref="fl-157"/>
      </object_component>
      <object_component id="oc-22f">
         <name>.debug_info</name>
         <load_address>0xd0bf</load_address>
         <run_address>0xd0bf</run_address>
         <size>0x134</size>
         <input_file_ref idref="fl-16b"/>
      </object_component>
      <object_component id="oc-237">
         <name>.debug_info</name>
         <load_address>0xd1f3</load_address>
         <run_address>0xd1f3</run_address>
         <size>0x9a</size>
         <input_file_ref idref="fl-156"/>
      </object_component>
      <object_component id="oc-239">
         <name>.debug_info</name>
         <load_address>0xd28d</load_address>
         <run_address>0xd28d</run_address>
         <size>0xab</size>
         <input_file_ref idref="fl-159"/>
      </object_component>
      <object_component id="oc-23b">
         <name>.debug_info</name>
         <load_address>0xd338</load_address>
         <run_address>0xd338</run_address>
         <size>0x9e2</size>
         <input_file_ref idref="fl-161"/>
      </object_component>
      <object_component id="oc-243">
         <name>.debug_info</name>
         <load_address>0xdd1a</load_address>
         <run_address>0xdd1a</run_address>
         <size>0x120</size>
         <input_file_ref idref="fl-14f"/>
      </object_component>
      <object_component id="oc-24f">
         <name>.debug_info</name>
         <load_address>0xde3a</load_address>
         <run_address>0xde3a</run_address>
         <size>0x9a</size>
         <input_file_ref idref="fl-165"/>
      </object_component>
      <object_component id="oc-255">
         <name>.debug_info</name>
         <load_address>0xded4</load_address>
         <run_address>0xded4</run_address>
         <size>0x101</size>
         <input_file_ref idref="fl-16c"/>
      </object_component>
      <object_component id="oc-259">
         <name>.debug_info</name>
         <load_address>0xdfd5</load_address>
         <run_address>0xdfd5</run_address>
         <size>0x24d</size>
         <input_file_ref idref="fl-16d"/>
      </object_component>
      <object_component id="oc-25e">
         <name>.debug_info</name>
         <load_address>0xe222</load_address>
         <run_address>0xe222</run_address>
         <size>0x1f1</size>
         <input_file_ref idref="fl-16a"/>
      </object_component>
      <object_component id="oc-285">
         <name>.debug_info</name>
         <load_address>0xe413</load_address>
         <run_address>0xe413</run_address>
         <size>0x236</size>
         <input_file_ref idref="fl-162"/>
      </object_component>
      <object_component id="oc-287">
         <name>.debug_info</name>
         <load_address>0xe649</load_address>
         <run_address>0xe649</run_address>
         <size>0x1ef</size>
         <input_file_ref idref="fl-161"/>
      </object_component>
      <object_component id="oc-289">
         <name>.debug_info</name>
         <load_address>0xe838</load_address>
         <run_address>0xe838</run_address>
         <size>0x39</size>
         <input_file_ref idref="fl-161"/>
      </object_component>
      <object_component id="oc-293">
         <name>.debug_info</name>
         <load_address>0xe871</load_address>
         <run_address>0xe871</run_address>
         <size>0xb6</size>
         <input_file_ref idref="fl-143"/>
      </object_component>
      <object_component id="oc-295">
         <name>.debug_info</name>
         <load_address>0xe927</load_address>
         <run_address>0xe927</run_address>
         <size>0x1b5</size>
         <input_file_ref idref="fl-16d"/>
      </object_component>
      <object_component id="oc-299">
         <name>.debug_info</name>
         <load_address>0xeadc</load_address>
         <run_address>0xeadc</run_address>
         <size>0xb2</size>
         <input_file_ref idref="fl-162"/>
      </object_component>
      <object_component id="oc-29b">
         <name>.debug_info</name>
         <load_address>0xeb8e</load_address>
         <run_address>0xeb8e</run_address>
         <size>0xca</size>
         <input_file_ref idref="fl-162"/>
      </object_component>
      <object_component id="oc-2c6">
         <name>.debug_info</name>
         <load_address>0xec58</load_address>
         <run_address>0xec58</run_address>
         <size>0xb6</size>
      </object_component>
      <object_component id="oc-11">
         <name>.debug_line</name>
         <load_address>0x0</load_address>
         <run_address>0x0</run_address>
         <size>0x4f</size>
         <input_file_ref idref="fl-131"/>
      </object_component>
      <object_component id="oc-16">
         <name>.debug_line</name>
         <load_address>0x4f</load_address>
         <run_address>0x4f</run_address>
         <size>0x55</size>
         <input_file_ref idref="fl-132"/>
      </object_component>
      <object_component id="oc-1b">
         <name>.debug_line</name>
         <load_address>0xa4</load_address>
         <run_address>0xa4</run_address>
         <size>0x4c</size>
         <input_file_ref idref="fl-134"/>
      </object_component>
      <object_component id="oc-22">
         <name>.debug_line</name>
         <load_address>0xf0</load_address>
         <run_address>0xf0</run_address>
         <size>0x4b</size>
         <input_file_ref idref="fl-133"/>
      </object_component>
      <object_component id="oc-28">
         <name>.debug_line</name>
         <load_address>0x13b</load_address>
         <run_address>0x13b</run_address>
         <size>0xa1</size>
         <input_file_ref idref="fl-2"/>
      </object_component>
      <object_component id="oc-2c">
         <name>.debug_line</name>
         <load_address>0x1dc</load_address>
         <run_address>0x1dc</run_address>
         <size>0x41</size>
         <input_file_ref idref="fl-2"/>
      </object_component>
      <object_component id="oc-2f">
         <name>.debug_line</name>
         <load_address>0x21d</load_address>
         <run_address>0x21d</run_address>
         <size>0x87</size>
         <input_file_ref idref="fl-140"/>
      </object_component>
      <object_component id="oc-35">
         <name>.debug_line</name>
         <load_address>0x2a4</load_address>
         <run_address>0x2a4</run_address>
         <size>0x50</size>
         <input_file_ref idref="fl-13e"/>
      </object_component>
      <object_component id="oc-39">
         <name>.debug_line</name>
         <load_address>0x2f4</load_address>
         <run_address>0x2f4</run_address>
         <size>0x7a</size>
         <input_file_ref idref="fl-135"/>
      </object_component>
      <object_component id="oc-41">
         <name>.debug_line</name>
         <load_address>0x36e</load_address>
         <run_address>0x36e</run_address>
         <size>0x88</size>
         <input_file_ref idref="fl-137"/>
      </object_component>
      <object_component id="oc-46">
         <name>.debug_line</name>
         <load_address>0x3f6</load_address>
         <run_address>0x3f6</run_address>
         <size>0x3a</size>
         <input_file_ref idref="fl-132"/>
      </object_component>
      <object_component id="oc-4d">
         <name>.debug_line</name>
         <load_address>0x430</load_address>
         <run_address>0x430</run_address>
         <size>0x34</size>
         <input_file_ref idref="fl-134"/>
      </object_component>
      <object_component id="oc-55">
         <name>.debug_line</name>
         <load_address>0x464</load_address>
         <run_address>0x464</run_address>
         <size>0x8c</size>
         <input_file_ref idref="fl-133"/>
      </object_component>
      <object_component id="oc-5a">
         <name>.debug_line</name>
         <load_address>0x4f0</load_address>
         <run_address>0x4f0</run_address>
         <size>0x39</size>
         <input_file_ref idref="fl-133"/>
      </object_component>
      <object_component id="oc-5e">
         <name>.debug_line</name>
         <load_address>0x529</load_address>
         <run_address>0x529</run_address>
         <size>0x2c</size>
         <input_file_ref idref="fl-16c"/>
      </object_component>
      <object_component id="oc-62">
         <name>.debug_line</name>
         <load_address>0x555</load_address>
         <run_address>0x555</run_address>
         <size>0x41</size>
         <input_file_ref idref="fl-2"/>
      </object_component>
      <object_component id="oc-65">
         <name>.debug_line</name>
         <load_address>0x596</load_address>
         <run_address>0x596</run_address>
         <size>0x59</size>
         <input_file_ref idref="fl-2"/>
      </object_component>
      <object_component id="oc-6a">
         <name>.debug_line</name>
         <load_address>0x5ef</load_address>
         <run_address>0x5ef</run_address>
         <size>0x6d</size>
         <input_file_ref idref="fl-141"/>
      </object_component>
      <object_component id="oc-70">
         <name>.debug_line</name>
         <load_address>0x65c</load_address>
         <run_address>0x65c</run_address>
         <size>0x7c</size>
         <input_file_ref idref="fl-3"/>
      </object_component>
      <object_component id="oc-75">
         <name>.debug_line</name>
         <load_address>0x6d8</load_address>
         <run_address>0x6d8</run_address>
         <size>0x20</size>
         <input_file_ref idref="fl-2"/>
      </object_component>
      <object_component id="oc-80">
         <name>.debug_line</name>
         <load_address>0x6f8</load_address>
         <run_address>0x6f8</run_address>
         <size>0x33</size>
         <input_file_ref idref="fl-139"/>
      </object_component>
      <object_component id="oc-84">
         <name>.debug_line</name>
         <load_address>0x72b</load_address>
         <run_address>0x72b</run_address>
         <size>0x44</size>
         <input_file_ref idref="fl-132"/>
      </object_component>
      <object_component id="oc-88">
         <name>.debug_line</name>
         <load_address>0x76f</load_address>
         <run_address>0x76f</run_address>
         <size>0x20</size>
         <input_file_ref idref="fl-132"/>
      </object_component>
      <object_component id="oc-8b">
         <name>.debug_line</name>
         <load_address>0x78f</load_address>
         <run_address>0x78f</run_address>
         <size>0x44</size>
         <input_file_ref idref="fl-134"/>
      </object_component>
      <object_component id="oc-8f">
         <name>.debug_line</name>
         <load_address>0x7d3</load_address>
         <run_address>0x7d3</run_address>
         <size>0x20</size>
         <input_file_ref idref="fl-134"/>
      </object_component>
      <object_component id="oc-92">
         <name>.debug_line</name>
         <load_address>0x7f3</load_address>
         <run_address>0x7f3</run_address>
         <size>0x20</size>
         <input_file_ref idref="fl-133"/>
[...]
         <value>0x43d1</value>
         <object_component_ref idref="oc-10"/>
      </symbol>
      <symbol id="sm-66">
         <name>__stack</name>
         <value>0x20000000</value>
         <object_component_ref idref="oc-23"/>
      </symbol>
      <symbol id="sm-7c">
         <name>__TI_decompress_none</name>
         <value>0x4691</value>
         <object_component_ref idref="oc-14"/>
      </symbol>
      <symbol id="sm-9e">
         <name>__TI_decompress_rle24</name>
         <value>0x46ab</value>
         <object_component_ref idref="oc-1e"/>
      </symbol>
      <symbol id="sm-b6">
         <name>__TI_zero_init</name>
         <value>0x465d</value>
         <object_component_ref idref="oc-19"/>
      </symbol>
      <symbol id="sm-d2">
         <name>C$$EXIT</name>
         <value>0x44a5</value>
         <object_component_ref idref="oc-37"/>
      </symbol>
      <symbol id="sm-d3">
         <name>abort</name>
         <value>0x44a9</value>
         <object_component_ref idref="oc-37"/>
      </symbol>
      <symbol id="sm-d4">
         <name>exit</name>
         <value>0x44b1</value>
         <object_component_ref idref="oc-37"/>
      </symbol>
      <symbol id="sm-d5">
         <name>__TI_dtors_ptr</name>
         <value>0x200011f0</value>
         <object_component_ref idref="oc-7b"/>
      </symbol>
      <symbol id="sm-d6">
         <name>__TI_cleanup_ptr</name>
         <value>0x200011ec</value>
         <object_component_ref idref="oc-7b"/>
      </symbol>
      <symbol id="sm-10c">
         <name>scanf</name>
         <value>0x2d53</value>
         <object_component_ref idref="oc-a7"/>
      </symbol>
      <symbol id="sm-10d">
         <name>vscanf</name>
         <value>0x2cd5</value>
         <object_component_ref idref="oc-a7"/>
      </symbol>
      <symbol id="sm-10e">
         <name>fscanf</name>
         <value>0x2da1</value>
         <object_component_ref idref="oc-a7"/>
      </symbol>
      <symbol id="sm-10f">
         <name>vfscanf</name>
         <value>0x2d13</value>
         <object_component_ref idref="oc-a7"/>
      </symbol>
      <symbol id="sm-129">
         <name>memcpy</name>
         <value>0x3cfd</value>
         <object_component_ref idref="oc-3f"/>
      </symbol>
      <symbol id="sm-12a">
         <name>__aeabi_memcpy</name>
         <value>0x3cfd</value>
         <object_component_ref idref="oc-3f"/>
      </symbol>
      <symbol id="sm-12b">
         <name>__aeabi_memcpy8</name>
         <value>0x3cfd</value>
         <object_component_ref idref="oc-3f"/>
      </symbol>
      <symbol id="sm-12c">
         <name>__aeabi_memcpy4</name>
         <value>0x3cfd</value>
         <object_component_ref idref="oc-3f"/>
      </symbol>
      <symbol id="sm-144">
         <name>printf</name>
         <value>0x4155</value>
         <object_component_ref idref="oc-a2"/>
      </symbol>
      <symbol id="sm-14b">
         <name>main_func_sp</name>
         <value>0x200011fc</value>
         <object_component_ref idref="oc-3c"/>
      </symbol>
      <symbol id="sm-163">
         <name>ungetc</name>
         <value>0x3f59</value>
         <object_component_ref idref="oc-df"/>
      </symbol>
      <symbol id="sm-179">
         <name>_nop</name>
         <value>0x4643</value>
         <object_component_ref idref="oc-b4"/>
      </symbol>
      <symbol id="sm-17a">
         <name>_lock</name>
         <value>0x200011e4</value>
         <object_component_ref idref="oc-79"/>
      </symbol>
      <symbol id="sm-17b">
         <name>_unlock</name>
         <value>0x200011e8</value>
         <object_component_ref idref="oc-79"/>
      </symbol>
      <symbol id="sm-17c">
         <name>_register_lock</name>
         <value>0x463b</value>
         <object_component_ref idref="oc-b4"/>
      </symbol>
      <symbol id="sm-17d">
         <name>_register_unlock</name>
         <value>0x4635</value>
         <object_component_ref idref="oc-b4"/>
      </symbol>
      <symbol id="sm-26a">
         <name>__TI_printfi</name>
         <value>0xdef</value>
         <object_component_ref idref="oc-d1"/>
      </symbol>
      <symbol id="sm-304">
         <name>__TI_scanfi</name>
         <value>0x1575</value>
         <object_component_ref idref="oc-e9"/>
      </symbol>
      <symbol id="sm-317">
         <name>_args_main</name>
         <value>0x45a9</value>
         <object_component_ref idref="oc-32"/>
      </symbol>
      <symbol id="sm-32c">
         <name>atoi</name>
         <value>0x4339</value>
         <object_component_ref idref="oc-149"/>
      </symbol>
      <symbol id="sm-348">
         <name>__TI_auto_init</name>
         <value>0x3e31</value>
         <object_component_ref idref="oc-2e"/>
      </symbol>
      <symbol id="sm-360">
         <name>copy_in</name>
         <value>0x4461</value>
         <object_component_ref idref="oc-68"/>
      </symbol>
      <symbol id="sm-36a">
         <name>_ctypes_</name>
         <value>0x46b0</value>
         <object_component_ref idref="oc-ee"/>
      </symbol>
      <symbol id="sm-380">
         <name>__aeabi_stdout</name>
         <value>0x200011c8</value>
         <object_component_ref idref="oc-1b7"/>
      </symbol>
      <symbol id="sm-381">
         <name>__TI_tmpnams</name>
         <value>0x20001320</value>
         <object_component_ref idref="oc-292"/>
      </symbol>
      <symbol id="sm-382">
         <name>__aeabi_stderr</name>
         <value>0x200011cc</value>
         <object_component_ref idref="oc-1b7"/>
      </symbol>
      <symbol id="sm-383">
         <name>__aeabi_stdin</name>
         <value>0x200011c4</value>
         <object_component_ref idref="oc-1b7"/>
      </symbol>
      <symbol id="sm-384">
         <name>_ftable</name>
         <value>0x20001000</value>
         <object_component_ref idref="oc-d6"/>
      </symbol>
      <symbol id="sm-385">
         <name>__TI_ft_end</name>
         <value>0x200011c0</value>
         <object_component_ref idref="oc-1b7"/>
      </symbol>
      <symbol id="sm-39b">
         <name>__aeabi_dsub</name>
         <value>0x2fd1</value>
         <object_component_ref idref="oc-137"/>
      </symbol>
      <symbol id="sm-39c">
         <name>__aeabi_dadd</name>
         <value>0x2fdb</value>
         <object_component_ref idref="oc-137"/>
      </symbol>
      <symbol id="sm-3bc">
         <name>__aeabi_cdcmpeq</name>
         <value>0x3fd9</value>
         <object_component_ref idref="oc-11a"/>
      </symbol>
      <symbol id="sm-3bd">
         <name>__aeabi_cdcmple</name>
         <value>0x3fd9</value>
         <object_component_ref idref="oc-11a"/>
      </symbol>
      <symbol id="sm-3be">
         <name>__aeabi_cdrcmple</name>
         <value>0x4057</value>
         <object_component_ref idref="oc-126"/>
      </symbol>
      <symbol id="sm-3d1">
         <name>__aeabi_ddiv</name>
         <value>0x32f5</value>
         <object_component_ref idref="oc-122"/>
      </symbol>
      <symbol id="sm-3db">
         <name>__aeabi_dmul</name>
         <value>0x37a1</value>
         <object_component_ref idref="oc-11e"/>
      </symbol>
      <symbol id="sm-3e4">
         <name>__aeabi_d2iz</name>
         <value>0x4419</value>
         <object_component_ref idref="oc-12a"/>
      </symbol>
      <symbol id="sm-3ed">
         <name>__aeabi_d2f</name>
         <value>0x4385</value>
         <object_component_ref idref="oc-186"/>
      </symbol>
      <symbol id="sm-403">
         <name>getc</name>
         <value>0x3f41</value>
         <object_component_ref idref="oc-e4"/>
      </symbol>
      <symbol id="sm-404">
         <name>getchar</name>
         <value>0x3f45</value>
         <object_component_ref idref="oc-e4"/>
      </symbol>
      <symbol id="sm-405">
         <name>fgetc</name>
         <value>0x3ec5</value>
         <object_component_ref idref="oc-e4"/>
      </symbol>
      <symbol id="sm-41c">
         <name>putc</name>
         <value>0x3ce5</value>
         <object_component_ref idref="oc-c7"/>
      </symbol>
      <symbol id="sm-41d">
         <name>fputc</name>
         <value>0x3c61</value>
         <object_component_ref idref="oc-c7"/>
      </symbol>
      <symbol id="sm-41e">
         <name>putchar</name>
         <value>0x3ce9</value>
         <object_component_ref idref="oc-c7"/>
      </symbol>
      <symbol id="sm-43f">
         <name>puts</name>
         <value>0x3539</value>
         <object_component_ref idref="oc-cc"/>
      </symbol>
      <symbol id="sm-440">
         <name>fputs</name>
         <value>0x342d</value>
         <object_component_ref idref="oc-cc"/>
      </symbol>
      <symbol id="sm-449">
         <name>__aeabi_i2d</name>
         <value>0x455d</value>
         <object_component_ref idref="oc-133"/>
      </symbol>
      <symbol id="sm-451">
         <name>__aeabi_lmul</name>
         <value>0x45c1</value>
         <object_component_ref idref="oc-116"/>
      </symbol>
      <symbol id="sm-49c">
         <name>open</name>
         <value>0x1f53</value>
         <object_component_ref idref="oc-ff"/>
      </symbol>
      <symbol id="sm-49d">
         <name>add_device</name>
         <value>0x2077</value>
         <object_component_ref idref="oc-ff"/>
      </symbol>
      <symbol id="sm-49e">
         <name>remove_device</name>
         <value>0x1f07</value>
         <object_component_ref idref="oc-ff"/>
      </symbol>
      <symbol id="sm-49f">
         <name>lseek</name>
         <value>0x2001</value>
         <object_component_ref idref="oc-ff"/>
      </symbol>
      <symbol id="sm-4a0">
         <name>read</name>
         <value>0x1f2f</value>
         <object_component_ref idref="oc-ff"/>
      </symbol>
      <symbol id="sm-4a1">
         <name>rename</name>
         <value>0x1ec9</value>
         <object_component_ref idref="oc-ff"/>
      </symbol>
      <symbol id="sm-4a2">
         <name>write</name>
         <value>0x1e15</value>
         <object_component_ref idref="oc-ff"/>
      </symbol>
      <symbol id="sm-4a3">
         <name>close</name>
         <value>0x2025</value>
         <object_component_ref idref="oc-ff"/>
      </symbol>
      <symbol id="sm-4a4">
         <name>unlink</name>
         <value>0x1ea5</value>
         <object_component_ref idref="oc-ff"/>
      </symbol>
      <symbol id="sm-4b2">
         <name>ltoa</name>
         <value>0x42df</value>
         <object_component_ref idref="oc-12e"/>
      </symbol>
      <symbol id="sm-4c1">
         <name>memccpy</name>
         <value>0x458b</value>
         <object_component_ref idref="oc-144"/>
      </symbol>
      <symbol id="sm-4d0">
         <name>memchr</name>
         <value>0x4609</value>
         <object_component_ref idref="oc-10b"/>
      </symbol>
      <symbol id="sm-4de">
         <name>__aeabi_memset</name>
         <value>0x40d7</value>
         <object_component_ref idref="oc-13b"/>
      </symbol>
      <symbol id="sm-4df">
         <name>memset</name>
         <value>0x40dd</value>
         <object_component_ref idref="oc-13b"/>
      </symbol>
      <symbol id="sm-4e0">
         <name>__aeabi_memset8</name>
         <value>0x40d7</value>
         <object_component_ref idref="oc-13b"/>
      </symbol>
      <symbol id="sm-4e1">
         <name>__aeabi_memset4</name>
         <value>0x40d7</value>
         <object_component_ref idref="oc-13b"/>
      </symbol>
      <symbol id="sm-4e2">
         <name>__aeabi_memclr8</name>
         <value>0x40d5</value>
         <object_component_ref idref="oc-13b"/>
      </symbol>
      <symbol id="sm-4e3">
         <name>__aeabi_memclr4</name>
         <value>0x40d5</value>
         <object_component_ref idref="oc-13b"/>
      </symbol>
      <symbol id="sm-4e4">
         <name>__aeabi_memclr</name>
         <value>0x40d5</value>
         <object_component_ref idref="oc-13b"/>
      </symbol>
      <symbol id="sm-4ff">
         <name>setvbuf</name>
         <value>0x397d</value>
         <object_component_ref idref="oc-164"/>
      </symbol>
      <symbol id="sm-50e">
         <name>strchr</name>
         <value>0x461f</value>
         <object_component_ref idref="oc-172"/>
      </symbol>
      <symbol id="sm-51c">
         <name>strcmp</name>
         <value>0x45d9</value>
         <object_component_ref idref="oc-1bb"/>
      </symbol>
      <symbol id="sm-529">
         <name>strcpy</name>
         <value>0x4681</value>
         <object_component_ref idref="oc-19f"/>
      </symbol>
      <symbol id="sm-536">
         <name>strlen</name>
         <value>0x4649</value>
         <object_component_ref idref="oc-106"/>
      </symbol>
      <symbol id="sm-545">
         <name>strncpy</name>
         <value>0x452d</value>
         <object_component_ref idref="oc-1c0"/>
      </symbol>
      <symbol id="sm-553">
         <name>strrchr</name>
         <value>0x45f1</value>
         <object_component_ref idref="oc-19a"/>
      </symbol>
      <symbol id="sm-58c">
         <name>strtod</name>
         <value>0x23f9</value>
         <object_component_ref idref="oc-181"/>
      </symbol>
      <symbol id="sm-5ae">
         <name>strtol</name>
         <value>0x3561</value>
         <object_component_ref idref="oc-18f"/>
      </symbol>
      <symbol id="sm-5e7">
         <name>strtold</name>
         <value>0x2635</value>
         <object_component_ref idref="oc-18a"/>
      </symbol>
      <symbol id="sm-60f">
         <name>strtoll</name>
         <value>0x2a5d</value>
         <object_component_ref idref="oc-194"/>
      </symbol>
      <symbol id="sm-62f">
         <name>strtoul</name>
         <value>0x3691</value>
         <object_component_ref idref="oc-177"/>
      </symbol>
      <symbol id="sm-653">
         <name>strtoull</name>
         <value>0x3189</value>
         <object_component_ref idref="oc-17c"/>
      </symbol>
      <symbol id="sm-672">
         <name>HOSTgetenv</name>
         <value>0x233b</value>
         <object_component_ref idref="oc-23a"/>
      </symbol>
      <symbol id="sm-673">
         <name>HOSTrename</name>
         <value>0x21e3</value>
         <object_component_ref idref="oc-23a"/>
      </symbol>
      <symbol id="sm-674">
         <name>HOSTclose</name>
         <value>0x2379</value>
         <object_component_ref idref="oc-23a"/>
      </symbol>
      <symbol id="sm-675">
         <name>HOSTunlink</name>
         <value>0x2171</value>
         <object_component_ref idref="oc-23a"/>
      </symbol>
      <symbol id="sm-676">
         <name>HOSTlseek</name>
         <value>0x22df</value>
         <object_component_ref idref="oc-23a"/>
      </symbol>
      <symbol id="sm-677">
         <name>HOSTopen</name>
         <value>0x228d</value>
         <object_component_ref idref="oc-23a"/>
      </symbol>
      <symbol id="sm-678">
         <name>HOSTclock</name>
         <value>0x23b1</value>
         <object_component_ref idref="oc-23a"/>
      </symbol>
      <symbol id="sm-679">
         <name>HOSTwrite</name>
         <value>0x2125</value>
         <object_component_ref idref="oc-23a"/>
      </symbol>
      <symbol id="sm-67a">
         <name>HOSTread</name>
         <value>0x2241</value>
         <object_component_ref idref="oc-23a"/>
      </symbol>
      <symbol id="sm-67b">
         <name>HOSTtime</name>
         <value>0x21a9</value>
         <object_component_ref idref="oc-23a"/>
      </symbol>
      <symbol id="sm-694">
         <name>__TI_readmsg</name>
         <value>0x424f</value>
         <object_component_ref idref="oc-281"/>
      </symbol>
      <symbol id="sm-695">
         <name>C$$IO$$</name>
         <value>0x424b</value>
         <object_component_ref idref="oc-281"/>
      </symbol>
      <symbol id="sm-696">
         <name>__CIOBUF_</name>
         <value>0x20001200</value>
         <object_component_ref idref="oc-298"/>
      </symbol>
      <symbol id="sm-697">
         <name>__TI_writemsg</name>
         <value>0x4221</value>
         <object_component_ref idref="oc-281"/>
      </symbol>
      <symbol id="sm-6b2">
         <name>__aeabi_uldivmod</name>
         <value>0x2869</value>
         <object_component_ref idref="oc-112"/>
      </symbol>
      <symbol id="sm-6bb">
         <name>_Dclass</name>
         <value>0x466f</value>
         <object_component_ref idref="oc-13f"/>
      </symbol>
      <symbol id="sm-6cc">
         <name>_Dtest</name>
         <value>0x44e9</value>
         <object_component_ref idref="oc-1e2"/>
      </symbol>
      <symbol id="sm-6e4">
         <name>__TI_buff_read</name>
         <value>0x3bc5</value>
         <object_component_ref idref="oc-16b"/>
      </symbol>
      <symbol id="sm-6fc">
         <name>__TI_wrt_ok</name>
         <value>0x3b19</value>
         <object_component_ref idref="oc-f5"/>
      </symbol>
      <symbol id="sm-6fd">
         <name>__TI_rd_ok</name>
         <value>0x3b7b</value>
         <object_component_ref idref="oc-f5"/>
      </symbol>
      <symbol id="sm-704">
         <name>_Errno</name>
         <value>0x200011f4</value>
         <object_component_ref idref="oc-213"/>
      </symbol>
      <symbol id="sm-71d">
         <name>__TI_doflush</name>
         <value>0x3a59</value>
         <object_component_ref idref="oc-fa"/>
      </symbol>
      <symbol id="sm-71e">
         <name>fflush</name>
         <value>0x3aa5</value>
         <object_component_ref idref="oc-fa"/>
      </symbol>
      <symbol id="sm-755">
         <name>__TI_cleanup</name>
         <value>0x2ed9</value>
         <object_component_ref idref="oc-1ff"/>
      </symbol>
      <symbol id="sm-756">
         <name>freopen</name>
         <value>0x2f05</value>
         <object_component_ref idref="oc-1ff"/>
      </symbol>
      <symbol id="sm-757">
         <name>fopen</name>
         <value>0x2f2f</value>
         <object_component_ref idref="oc-1ff"/>
      </symbol>
      <symbol id="sm-768">
         <name>fseek</name>
         <value>0x41bd</value>
         <object_component_ref idref="oc-1b0"/>
      </symbol>
      <symbol id="sm-7d4">
         <name>_sys_memory</name>
         <value>0x20000800</value>
         <object_component_ref idref="oc-24"/>
      </symbol>
      <symbol id="sm-7d5">
         <name>free</name>
         <value>0x1b37</value>
         <object_component_ref idref="oc-1fa"/>
      </symbol>
      <symbol id="sm-7d6">
         <name>realloc</name>
         <value>0x1bf7</value>
         <object_component_ref idref="oc-1fa"/>
      </symbol>
      <symbol id="sm-7d7">
         <name>memalign</name>
         <value>0x1cfd</value>
         <object_component_ref idref="oc-1fa"/>
      </symbol>
      <symbol id="sm-7d8">
         <name>calloc</name>
         <value>0x1ddd</value>
         <object_component_ref idref="oc-1fa"/>
      </symbol>
      <symbol id="sm-7d9">
         <name>malloc</name>
         <value>0x1ad5</value>
         <object_component_ref idref="oc-1fa"/>
      </symbol>
      <symbol id="sm-7da">
         <name>minit</name>
         <value>0x1a49</value>
         <object_component_ref idref="oc-1fa"/>
      </symbol>
      <symbol id="sm-7ef">
         <name>__TI_closefile</name>
         <value>0x3d99</value>
         <object_component_ref idref="oc-257"/>
      </symbol>
      <symbol id="sm-7f0">
         <name>fclose</name>
         <value>0x3dff</value>
         <object_component_ref idref="oc-257"/>
      </symbol>
      <symbol id="sm-7f2">
         <name>__TI_static_base__</name>
         <value>0x0</value>
      </symbol>
      <symbol id="sm-7f3">
         <name>__TI_args_main</name>
         <value>0x1</value>
      </symbol>
      <symbol id="sm-7f4">
         <name>SHT$$INIT_ARRAY$$Limit</name>
         <value>0x0</value>
      </symbol>
      <symbol id="sm-7f5">
         <name>SHT$$INIT_ARRAY$$Base</name>
         <value>0x0</value>
      </symbol>
      <symbol id="sm-7f9">
         <name>remove</name>
         <value>0x1ea5</value>
      </symbol>
   </symbol_table>
   <title>Link successful</title>
</link_info>
