******************************************************************************
                  TI ARM Linker PC v5.1.1                      
******************************************************************************
>> Linked Wed Dec 03 21:42:00 2014

OUTPUT FILE NAME:   <ece399_louis.coyleii_6.out>
ENTRY POINT SYMBOL: "_c_int00"  address: 00002e31


MEMORY CONFIGURATION

         name            origin    length      used     unused   attr    fill
----------------------  --------  ---------  --------  --------  ----  --------
  FLASH                 00000000   00040000  000032ca  0003cd36  R  X
  SRAM                  20000000   00008000  000033c0  00004c40  RW X


SEGMENT ALLOCATION MAP

run origin  load origin   length   init length attrs members
----------  ----------- ---------- ----------- ----- -------
00000000    00000000    000032d0   000032d0    r-x
  00000000    00000000    0000026c   0000026c    r-- .intvecs
  0000026c    0000026c    00002ebc   00002ebc    r-x .text
  00003128    00003128    00000102   00000102    r-- .const
  00003230    00003230    000000a0   000000a0    r-- .cinit
20000000    20000000    000033c0   00000000    rw-
  20000000    20000000    000021c8   00000000    rw- .bss
  200021c8    200021c8    00000800   00000000    rw- .stack
  200029c8    200029c8    00000800   00000000    rw- .sysmem
  200031c8    200031c8    000001f8   00000000    rw- .data


SECTION ALLOCATION MAP

 output                                  attributes/
section   page    origin      length       input sections
--------  ----  ----------  ----------   ----------------
.intvecs   0    00000000    0000026c     
                  00000000    0000026c     tm4c123gh6pm_startup_ccs.obj (.intvecs)

.init_array 
*          0    00000000    00000000     UNINITIALIZED

.text      0    0000026c    00002ebc     
                  0000026c    00000e8c     rtsv7M4_T_le_v4SPD16_eabi.lib : _printfi.obj (.text)
                  000010f8    000003cc                                   : memory.obj (.text)
                  000014c4    00000310                                   : lowlev.obj (.text)
                  000017d4    000002d4                                   : trgdrv.obj (.text)
                  00001aa8    00000218     main.obj (.text)
                  00001cc0    000001f4     rtsv7M4_T_le_v4SPD16_eabi.lib : ull_div_t2.obj (.text)
                  00001eb4    000001c0                                   : fopen.obj (.text)
                  00002074    000001b6                                   : fd_add_t2.obj (.text)
                  0000222a    00000136                                   : fd_div_t2.obj (.text)
                  00002360    00000134                                   : fputs.obj (.text)
                  00002494    000000fc                                   : fd_mul_t2.obj (.text)
                  00002590    000000dc                                   : setvbuf.obj (.text)
                  0000266c    000000c0                                   : fflush.obj (.text)
                  0000272c    000000ac                                   : _io_perm.obj (.text)
                  000027d8    0000009c                                   : fputc.obj (.text)
                  00002874    0000009c                                   : memcpy_t2.obj (.text)
                  00002910    00000098                                   : fclose.obj (.text)
                  000029a8    00000094                                   : auto_init.obj (.text)
                  00002a3c    0000007e                                   : fd_cmp_t2.obj (.text:__aeabi_cdcmple)
                  00002aba    0000007e                                   : fd_cmp_t2.obj (.text:__aeabi_cdrcmple)
                  00002b38    00000078                                   : memset_t2.obj (.text)
                  00002bb0    0000006c                                   : fprintf.obj (.text)
                  00002c1c    00000064                                   : fseek.obj (.text)
                  00002c80    00000060                                   : trgmsg.obj (.text)
                  00002ce0    0000005e                                   : copy_decompress_rle.obj (.text)
                  00002d3e    0000005a                                   : ltoa.obj (.text)
                  00002d98    0000004c                                   : atoi.obj (.text)
                  00002de4    0000004c                                   : rand.obj (.text)
                  00002e30    00000048                                   : boot.obj (.text)
                  00002e78    00000048                                   : fd_toi_t2.obj (.text)
                  00002ec0    00000044                                   : cpy_tbl.obj (.text)
                  00002f04    00000044                                   : exit.obj (.text)
                  00002f48    00000044                                   : xdtest.obj (.text)
                  00002f8c    00000030                                   : assert.obj (.text)
                  00002fbc    00000030                                   : strncpy.obj (.text)
                  00002fec    0000002e                                   : i_tofd_t2.obj (.text)
                  0000301a    0000001c                                   : memccpy.obj (.text)
                  00003036    00000002     --HOLE-- [fill = 0]
                  00003038    00000018                                   : args_main.obj (.text)
                  00003050    00000018                                   : ll_mul_t2.obj (.text)
                  00003068    00000018                                   : strcmp.obj (.text)
                  00003080    00000016                                   : memchr.obj (.text)
                  00003096    00000016                                   : strchr.obj (.text)
                  000030ac    00000014                                   : _lock.obj (.text)
                  000030c0    00000014                                   : strlen.obj (.text)
                  000030d4    00000012                                   : copy_zero_init.obj (.text:decompress:ZI)
                  000030e6    00000012                                   : xdclass.obj (.text)
                  000030f8    00000010                                   : strcpy.obj (.text)
                  00003108    0000000e                                   : copy_decompress_none.obj (.text:decompress:none)
                  00003116    0000000c     tm4c123gh6pm_startup_ccs.obj (.text)
                  00003122    00000006     rtsv7M4_T_le_v4SPD16_eabi.lib : copy_decompress_rle.obj (.text:decompress:rle24)

.const     0    00003128    00000102     
                  00003128    00000102     rtsv7M4_T_le_v4SPD16_eabi.lib : ctype.obj (.const:.string:_ctypes_)

.cinit     0    00003230    000000a0     
                  00003230    0000007c     (.cinit..data.load) [load image, compression = rle]
                  000032ac    0000000c     (__TI_handler_table)
                  000032b8    00000008     (.cinit..bss.load) [load image, compression = zero_init]
                  000032c0    00000010     (__TI_cinit_table)

.bss       0    20000000    000021c8     UNINITIALIZED
                  20000000    00002000     main.obj (.bss:memory)
                  20002000    00000120     rtsv7M4_T_le_v4SPD16_eabi.lib : trgmsg.obj (.bss:__CIOBUF_)
                  20002120    000000a0                                   : defs.obj (.bss:__TI_tmpnams)
                  200021c0    00000008     (.common:parmbuf)

.stack     0    200021c8    00000800     UNINITIALIZED
                  200021c8    00000800     --HOLE--

.sysmem    0    200029c8    00000800     UNINITIALIZED
                  200029c8    00000008     rtsv7M4_T_le_v4SPD16_eabi.lib : memory.obj (.sysmem)
                  200029d0    000007f8     --HOLE--

.data      0    200031c8    000001f8     UNINITIALIZED
                  200031c8    000000f0     rtsv7M4_T_le_v4SPD16_eabi.lib : defs.obj (.data:_ftable)
                  200032b8    000000d0                                   : lowlev.obj (.data)
                  20003388    00000010                                   : defs.obj (.data)
                  20003398    0000000c                                   : memory.obj (.data)
                  200033a4    00000008                                   : _lock.obj (.data)
                  200033ac    00000008                                   : exit.obj (.data)
                  200033b4    00000004                                   : fopen.obj (.data)
                  200033b8    00000004                                   : rand.obj (.data)
                  200033bc    00000004                                   : stkdepth_vars.obj (.data)


LINKER GENERATED COPY TABLES

__TI_cinit_table @ 000032c0 records: 2, size/record: 8, table size: 16
	.data: load addr=00003230, load size=0000007c bytes, run addr=200031c8, run size=000001f8 bytes, compression=rle
	.bss: load addr=000032b8, load size=00000008 bytes, run addr=20000000, run size=000021c8 bytes, compression=zero_init


LINKER GENERATED HANDLER TABLE

__TI_handler_table @ 000032ac records: 3, size/record: 4, table size: 12
	index: 0, handler: __TI_decompress_rle24
	index: 1, handler: __TI_decompress_none
	index: 2, handler: __TI_zero_init


GLOBAL SYMBOLS: SORTED ALPHABETICALLY BY Name 

address    name
--------   ----
00002f05   C$$EXIT
00002cab   C$$IO$$
00001a61   HOSTclock
00001a29   HOSTclose
000019eb   HOSTgetenv
0000198f   HOSTlseek
0000193d   HOSTopen
000018f1   HOSTread
00001893   HOSTrename
00001859   HOSTtime
00001821   HOSTunlink
000017d5   HOSTwrite
00003117   ResetISR
UNDEFED    SHT$$INIT_ARRAY$$Base
UNDEFED    SHT$$INIT_ARRAY$$Limit
000030e7   _Dclass
00002f49   _Dtest
20002000   __CIOBUF_
200029c8   __STACK_END
00000800   __STACK_SIZE
200023c8   __STACK_TOP
00000800   __SYSMEM_SIZE
000032c0   __TI_CINIT_Base
000032d0   __TI_CINIT_Limit
000032ac   __TI_Handler_Table_Base
000032b8   __TI_Handler_Table_Limit
00000001   __TI_args_main
000029a9   __TI_auto_init
00001f7d   __TI_cleanup
200033ac   __TI_cleanup_ptr
00002911   __TI_closefile
00003109   __TI_decompress_none
00003123   __TI_decompress_rle24
0000266d   __TI_doflush
200033b0   __TI_dtors_ptr
20003388   __TI_ft_end
00000def   __TI_printfi
0000278f   __TI_rd_ok
00002caf   __TI_readmsg
00000000   __TI_static_base__
20002120   __TI_tmpnams
00002c81   __TI_writemsg
0000272d   __TI_wrt_ok
000030d5   __TI_zero_init
00002a3d   __aeabi_cdcmpeq
00002a3d   __aeabi_cdcmple
00002abb   __aeabi_cdrcmple
00002e79   __aeabi_d2iz
0000207f   __aeabi_dadd
0000222b   __aeabi_ddiv
00002495   __aeabi_dmul
00002075   __aeabi_dsub
00002fed   __aeabi_i2d
00003051   __aeabi_lmul
00002b39   __aeabi_memclr
00002b39   __aeabi_memclr4
00002b39   __aeabi_memclr8
00002875   __aeabi_memcpy
00002875   __aeabi_memcpy4
00002875   __aeabi_memcpy8
00002b3b   __aeabi_memset
00002b3b   __aeabi_memset4
00002b3b   __aeabi_memset8
20003394   __aeabi_stderr
2000338c   __aeabi_stdin
20003390   __aeabi_stdout
00001cc1   __aeabi_uldivmod
ffffffff   __binit__
ffffffff   __c_args__
200021c8   __stack
00002f8f   _abort_msg
00003039   _args_main
00002fa9   _assert
00002e31   _c_int00
00003128   _ctypes_
200031c8   _ftable
200033a4   _lock
00002f8d   _nassert
000030bb   _nop
000030b3   _register_lock
000030ad   _register_unlock
200029c8   _sys_memory
200033a8   _unlock
00002f09   abort
00001727   add_device
00002d99   atoi
ffffffff   binit
0000148d   calloc
000016d5   close
00002ec1   copy_in
00002f11   exit
00002977   fclose
000026b9   fflush
00001fd3   fopen
00002bb9   fprintf
000027d9   fputc
00002361   fputs
000011e7   free
00001fa9   freopen
00002c1d   fseek
00000000   g_pfnVectors
000016b1   lseek
00002d3f   ltoa
00001b8b   main
200033bc   main_func_sp
00001185   malloc
000013ad   memalign
0000301b   memccpy
00003081   memchr
00002875   memcpy
00002b41   memset
000010f9   minit
00001603   open
0000285d   putc
00002861   putchar
0000246d   puts
00002dfb   rand
000015df   read
000012a7   realloc
00001555   remove
000015b7   remove_device
00001579   rename
00002591   setvbuf
00002de5   srand
00003097   strchr
00003069   strcmp
000030f9   strcpy
UNDEFED    strcpy_arm16
000030c1   strlen
00002fbd   strncpy
00001555   unlink
000014c5   write


GLOBAL SYMBOLS: SORTED BY Symbol Address 

address    name
--------   ----
00000000   __TI_static_base__
00000000   g_pfnVectors
00000001   __TI_args_main
00000800   __STACK_SIZE
00000800   __SYSMEM_SIZE
00000def   __TI_printfi
000010f9   minit
00001185   malloc
000011e7   free
000012a7   realloc
000013ad   memalign
0000148d   calloc
000014c5   write
00001555   remove
00001555   unlink
00001579   rename
000015b7   remove_device
000015df   read
00001603   open
000016b1   lseek
000016d5   close
00001727   add_device
000017d5   HOSTwrite
00001821   HOSTunlink
00001859   HOSTtime
00001893   HOSTrename
000018f1   HOSTread
0000193d   HOSTopen
0000198f   HOSTlseek
000019eb   HOSTgetenv
00001a29   HOSTclose
00001a61   HOSTclock
00001b8b   main
00001cc1   __aeabi_uldivmod
00001f7d   __TI_cleanup
00001fa9   freopen
00001fd3   fopen
00002075   __aeabi_dsub
0000207f   __aeabi_dadd
0000222b   __aeabi_ddiv
00002361   fputs
0000246d   puts
00002495   __aeabi_dmul
00002591   setvbuf
0000266d   __TI_doflush
000026b9   fflush
0000272d   __TI_wrt_ok
0000278f   __TI_rd_ok
000027d9   fputc
0000285d   putc
00002861   putchar
00002875   __aeabi_memcpy
00002875   __aeabi_memcpy4
00002875   __aeabi_memcpy8
00002875   memcpy
00002911   __TI_closefile
00002977   fclose
000029a9   __TI_auto_init
00002a3d   __aeabi_cdcmpeq
00002a3d   __aeabi_cdcmple
00002abb   __aeabi_cdrcmple
00002b39   __aeabi_memclr
00002b39   __aeabi_memclr4
00002b39   __aeabi_memclr8
00002b3b   __aeabi_memset
00002b3b   __aeabi_memset4
00002b3b   __aeabi_memset8
00002b41   memset
00002bb9   fprintf
00002c1d   fseek
00002c81   __TI_writemsg
00002cab   C$$IO$$
00002caf   __TI_readmsg
00002d3f   ltoa
00002d99   atoi
00002de5   srand
00002dfb   rand
00002e31   _c_int00
00002e79   __aeabi_d2iz
00002ec1   copy_in
00002f05   C$$EXIT
00002f09   abort
00002f11   exit
00002f49   _Dtest
00002f8d   _nassert
00002f8f   _abort_msg
00002fa9   _assert
00002fbd   strncpy
00002fed   __aeabi_i2d
0000301b   memccpy
00003039   _args_main
00003051   __aeabi_lmul
00003069   strcmp
00003081   memchr
00003097   strchr
000030ad   _register_unlock
000030b3   _register_lock
000030bb   _nop
000030c1   strlen
000030d5   __TI_zero_init
000030e7   _Dclass
000030f9   strcpy
00003109   __TI_decompress_none
00003117   ResetISR
00003123   __TI_decompress_rle24
00003128   _ctypes_
000032ac   __TI_Handler_Table_Base
000032b8   __TI_Handler_Table_Limit
000032c0   __TI_CINIT_Base
000032d0   __TI_CINIT_Limit
20002000   __CIOBUF_
20002120   __TI_tmpnams
200021c8   __stack
200023c8   __STACK_TOP
200029c8   __STACK_END
200029c8   _sys_memory
200031c8   _ftable
20003388   __TI_ft_end
2000338c   __aeabi_stdin
20003390   __aeabi_stdout
20003394   __aeabi_stderr
200033a4   _lock
200033a8   _unlock
200033ac   __TI_cleanup_ptr
200033b0   __TI_dtors_ptr
200033bc   main_func_sp
ffffffff   __binit__
ffffffff   __c_args__
ffffffff   binit
UNDEFED    SHT$$INIT_ARRAY$$Base
UNDEFED    SHT$$INIT_ARRAY$$Limit
UNDEFED    strcpy_arm16

[132 symbols]
